<!doctype html public "-//w3c//dtd html 4.0 transitional//en">
<html><head>
<title>Static Call Graph - [.\Objects\BAT32_FreeRTOS_Proj.axf]</title></head>
<body><HR>
<H1>Static Call Graph for image .\Objects\BAT32_FreeRTOS_Proj.axf</H1><HR>
<BR><P>#&#060CALLGRAPH&#062# ARM Linker, 5050169: Last Updated: Wed Jan 08 18:44:14 2025
<BR><P>
<H3>Maximum Stack Usage =        124 bytes + Unknown(Cycles, Untraceable Function Pointers)</H3><H3>
Call chain for Maximum Stack Depth:</H3>
main &rArr; Usr_Uart_InitSetup &rArr; Usr_Uart_Init &rArr; UART2_Init &rArr; UART2_BaudRate &rArr; UART_BaudRateCal &rArr; __aeabi_uidivmod
<P>
<H3>
Mutually Recursive functions
</H3> <LI><a href="#[1]">NMI_Handler</a>&nbsp;&nbsp;&nbsp;&rArr;&nbsp;&nbsp;&nbsp;<a href="#[1]">NMI_Handler</a><BR>
 <LI><a href="#[2]">HardFault_Handler</a>&nbsp;&nbsp;&nbsp;&rArr;&nbsp;&nbsp;&nbsp;<a href="#[2]">HardFault_Handler</a><BR>
</UL>
<P>
<H3>
Function Pointers
</H3><UL>
 <LI><a href="#[2]">HardFault_Handler</a> from startup_bat32a237.o(.text) referenced from startup_bat32a237.o(RESET)
 <LI><a href="#[6]">IRQ00_Handler</a> from isr_bat32a237.o(i.IRQ00_Handler) referenced from startup_bat32a237.o(RESET)
 <LI><a href="#[7]">IRQ01_Handler</a> from isr_bat32a237.o(i.IRQ01_Handler) referenced from startup_bat32a237.o(RESET)
 <LI><a href="#[8]">IRQ02_Handler</a> from isr_bat32a237.o(i.IRQ02_Handler) referenced from startup_bat32a237.o(RESET)
 <LI><a href="#[9]">IRQ03_Handler</a> from isr_bat32a237.o(i.IRQ03_Handler) referenced from startup_bat32a237.o(RESET)
 <LI><a href="#[a]">IRQ04_Handler</a> from isr_bat32a237.o(i.IRQ04_Handler) referenced from startup_bat32a237.o(RESET)
 <LI><a href="#[b]">IRQ05_Handler</a> from isr_bat32a237.o(i.IRQ05_Handler) referenced from startup_bat32a237.o(RESET)
 <LI><a href="#[c]">IRQ06_Handler</a> from isr_bat32a237.o(i.IRQ06_Handler) referenced from startup_bat32a237.o(RESET)
 <LI><a href="#[d]">IRQ07_Handler</a> from isr_bat32a237.o(i.IRQ07_Handler) referenced from startup_bat32a237.o(RESET)
 <LI><a href="#[e]">IRQ08_Handler</a> from isr_bat32a237.o(i.IRQ08_Handler) referenced from startup_bat32a237.o(RESET)
 <LI><a href="#[f]">IRQ09_Handler</a> from isr_bat32a237.o(i.IRQ09_Handler) referenced from startup_bat32a237.o(RESET)
 <LI><a href="#[10]">IRQ10_Handler</a> from isr_bat32a237.o(i.IRQ10_Handler) referenced from startup_bat32a237.o(RESET)
 <LI><a href="#[11]">IRQ11_Handler</a> from isr_bat32a237.o(i.IRQ11_Handler) referenced from startup_bat32a237.o(RESET)
 <LI><a href="#[12]">IRQ12_Handler</a> from isr_bat32a237.o(i.IRQ12_Handler) referenced from startup_bat32a237.o(RESET)
 <LI><a href="#[13]">IRQ13_Handler</a> from isr_bat32a237.o(i.IRQ13_Handler) referenced from startup_bat32a237.o(RESET)
 <LI><a href="#[14]">IRQ14_Handler</a> from isr_bat32a237.o(i.IRQ14_Handler) referenced from startup_bat32a237.o(RESET)
 <LI><a href="#[15]">IRQ15_Handler</a> from isr_bat32a237.o(i.IRQ15_Handler) referenced from startup_bat32a237.o(RESET)
 <LI><a href="#[16]">IRQ16_Handler</a> from isr_bat32a237.o(i.IRQ16_Handler) referenced from startup_bat32a237.o(RESET)
 <LI><a href="#[17]">IRQ17_Handler</a> from isr_bat32a237.o(i.IRQ17_Handler) referenced from startup_bat32a237.o(RESET)
 <LI><a href="#[18]">IRQ18_Handler</a> from isr_bat32a237.o(i.IRQ18_Handler) referenced from startup_bat32a237.o(RESET)
 <LI><a href="#[19]">IRQ19_Handler</a> from isr_bat32a237.o(i.IRQ19_Handler) referenced from startup_bat32a237.o(RESET)
 <LI><a href="#[1a]">IRQ20_Handler</a> from isr_bat32a237.o(i.IRQ20_Handler) referenced from startup_bat32a237.o(RESET)
 <LI><a href="#[1b]">IRQ21_Handler</a> from isr_bat32a237.o(i.IRQ21_Handler) referenced from startup_bat32a237.o(RESET)
 <LI><a href="#[1c]">IRQ22_Handler</a> from isr_bat32a237.o(i.IRQ22_Handler) referenced from startup_bat32a237.o(RESET)
 <LI><a href="#[1d]">IRQ23_Handler</a> from isr_bat32a237.o(i.IRQ23_Handler) referenced from startup_bat32a237.o(RESET)
 <LI><a href="#[1e]">IRQ24_Handler</a> from isr_bat32a237.o(i.IRQ24_Handler) referenced from startup_bat32a237.o(RESET)
 <LI><a href="#[1f]">IRQ25_Handler</a> from isr_bat32a237.o(i.IRQ25_Handler) referenced from startup_bat32a237.o(RESET)
 <LI><a href="#[20]">IRQ26_Handler</a> from isr_bat32a237.o(i.IRQ26_Handler) referenced from startup_bat32a237.o(RESET)
 <LI><a href="#[21]">IRQ27_Handler</a> from isr_bat32a237.o(i.IRQ27_Handler) referenced from startup_bat32a237.o(RESET)
 <LI><a href="#[22]">IRQ28_Handler</a> from isr_bat32a237.o(i.IRQ28_Handler) referenced from startup_bat32a237.o(RESET)
 <LI><a href="#[23]">IRQ29_Handler</a> from isr_bat32a237.o(i.IRQ29_Handler) referenced from startup_bat32a237.o(RESET)
 <LI><a href="#[24]">IRQ30_Handler</a> from isr_bat32a237.o(i.IRQ30_Handler) referenced from startup_bat32a237.o(RESET)
 <LI><a href="#[25]">IRQ31_Handler</a> from isr_bat32a237.o(i.IRQ31_Handler) referenced from startup_bat32a237.o(RESET)
 <LI><a href="#[1]">NMI_Handler</a> from startup_bat32a237.o(.text) referenced from startup_bat32a237.o(RESET)
 <LI><a href="#[4]">PendSV_Handler</a> from port.o(.emb_text) referenced from startup_bat32a237.o(RESET)
 <LI><a href="#[0]">Reset_Handler</a> from startup_bat32a237.o(.text) referenced from startup_bat32a237.o(RESET)
 <LI><a href="#[3]">SVC_Handler</a> from port.o(i.SVC_Handler) referenced from startup_bat32a237.o(RESET)
 <LI><a href="#[5]">SysTick_Handler</a> from port.o(i.SysTick_Handler) referenced from startup_bat32a237.o(RESET)
 <LI><a href="#[27]">SystemInit</a> from system_bat32a237.o(i.SystemInit) referenced from startup_bat32a237.o(.text)
 <LI><a href="#[28]">__main</a> from entry.o(.ARM.Collect$$$$00000000) referenced from startup_bat32a237.o(.text)
 <LI><a href="#[29]">fputc</a> from retarget.o(i.fputc) referenced from printf8.o(i.__0printf$8)
 <LI><a href="#[26]">main</a> from usr_main.o(i.main) referenced from entry9a.o(.ARM.Collect$$$$0000000B)
</UL>
<P>
<H3>
Global Symbols
</H3>
<P><STRONG><a name="[28]"></a>__main</STRONG> (Thumb, 0 bytes, Stack size unknown bytes, entry.o(.ARM.Collect$$$$00000000))
<BR>[Address Reference Count : 1]<UL><LI> startup_bat32a237.o(.text)
</UL>
<P><STRONG><a name="[97]"></a>_main_stk</STRONG> (Thumb, 0 bytes, Stack size unknown bytes, entry2.o(.ARM.Collect$$$$00000001))

<P><STRONG><a name="[2a]"></a>_main_scatterload</STRONG> (Thumb, 0 bytes, Stack size unknown bytes, entry5.o(.ARM.Collect$$$$00000004))
<BR><BR>[Calls]<UL><LI><a href="#[2b]">&gt;&gt;</a>&nbsp;&nbsp;&nbsp;__scatterload
</UL>

<P><STRONG><a name="[34]"></a>__main_after_scatterload</STRONG> (Thumb, 0 bytes, Stack size unknown bytes, entry5.o(.ARM.Collect$$$$00000004))
<BR><BR>[Called By]<UL><LI><a href="#[2b]">&gt;&gt;</a>&nbsp;&nbsp;&nbsp;__scatterload
</UL>

<P><STRONG><a name="[98]"></a>_main_clock</STRONG> (Thumb, 0 bytes, Stack size unknown bytes, entry7b.o(.ARM.Collect$$$$00000008))

<P><STRONG><a name="[99]"></a>_main_cpp_init</STRONG> (Thumb, 0 bytes, Stack size unknown bytes, entry8b.o(.ARM.Collect$$$$0000000A))

<P><STRONG><a name="[9a]"></a>_main_init</STRONG> (Thumb, 0 bytes, Stack size unknown bytes, entry9a.o(.ARM.Collect$$$$0000000B))

<P><STRONG><a name="[9b]"></a>__rt_final_cpp</STRONG> (Thumb, 0 bytes, Stack size unknown bytes, entry10a.o(.ARM.Collect$$$$0000000D))

<P><STRONG><a name="[9c]"></a>__rt_final_exit</STRONG> (Thumb, 0 bytes, Stack size unknown bytes, entry11a.o(.ARM.Collect$$$$0000000F))

<P><STRONG><a name="[9d]"></a>__asm___6_port_c_39a90d8d__prvPortStartFirstTask</STRONG> (Thumb, 36 bytes, Stack size 0 bytes, port.o(.emb_text), UNUSED)

<P><STRONG><a name="[9e]"></a>ulSetInterruptMaskFromISR</STRONG> (Thumb, 8 bytes, Stack size 0 bytes, port.o(.emb_text), UNUSED)

<P><STRONG><a name="[9f]"></a>vClearInterruptMaskFromISR</STRONG> (Thumb, 6 bytes, Stack size 0 bytes, port.o(.emb_text), UNUSED)

<P><STRONG><a name="[4]"></a>PendSV_Handler</STRONG> (Thumb, 62 bytes, Stack size 0 bytes, port.o(.emb_text))
<BR><BR>[Stack]<UL><LI>Max Depth = 8<LI>Call Chain = PendSV_Handler &rArr; vTaskSwitchContext
</UL>
<BR>[Calls]<UL><LI><a href="#[2c]">&gt;&gt;</a>&nbsp;&nbsp;&nbsp;vTaskSwitchContext
</UL>
<BR>[Address Reference Count : 1]<UL><LI> startup_bat32a237.o(RESET)
</UL>
<P><STRONG><a name="[0]"></a>Reset_Handler</STRONG> (Thumb, 8 bytes, Stack size 0 bytes, startup_bat32a237.o(.text))
<BR>[Address Reference Count : 1]<UL><LI> startup_bat32a237.o(RESET)
</UL>
<P><STRONG><a name="[1]"></a>NMI_Handler</STRONG> (Thumb, 2 bytes, Stack size 0 bytes, startup_bat32a237.o(.text))
<BR><BR>[Calls]<UL><LI><a href="#[1]">&gt;&gt;</a>&nbsp;&nbsp;&nbsp;NMI_Handler
</UL>
<BR>[Called By]<UL><LI><a href="#[1]">&gt;&gt;</a>&nbsp;&nbsp;&nbsp;NMI_Handler
</UL>
<BR>[Address Reference Count : 1]<UL><LI> startup_bat32a237.o(RESET)
</UL>
<P><STRONG><a name="[2]"></a>HardFault_Handler</STRONG> (Thumb, 2 bytes, Stack size 0 bytes, startup_bat32a237.o(.text))
<BR><BR>[Calls]<UL><LI><a href="#[2]">&gt;&gt;</a>&nbsp;&nbsp;&nbsp;HardFault_Handler
</UL>
<BR>[Called By]<UL><LI><a href="#[2]">&gt;&gt;</a>&nbsp;&nbsp;&nbsp;HardFault_Handler
</UL>
<BR>[Address Reference Count : 1]<UL><LI> startup_bat32a237.o(RESET)
</UL>
<P><STRONG><a name="[2d]"></a>MemManage_Handler</STRONG> (Thumb, 2 bytes, Stack size 0 bytes, startup_bat32a237.o(.text), UNUSED)
<BR><BR>[Calls]<UL><LI><a href="#[2d]">&gt;&gt;</a>&nbsp;&nbsp;&nbsp;MemManage_Handler
</UL>
<BR>[Called By]<UL><LI><a href="#[2d]">&gt;&gt;</a>&nbsp;&nbsp;&nbsp;MemManage_Handler
</UL>

<P><STRONG><a name="[2e]"></a>BusFault_Handler</STRONG> (Thumb, 2 bytes, Stack size 0 bytes, startup_bat32a237.o(.text), UNUSED)
<BR><BR>[Calls]<UL><LI><a href="#[2e]">&gt;&gt;</a>&nbsp;&nbsp;&nbsp;BusFault_Handler
</UL>
<BR>[Called By]<UL><LI><a href="#[2e]">&gt;&gt;</a>&nbsp;&nbsp;&nbsp;BusFault_Handler
</UL>

<P><STRONG><a name="[2f]"></a>UsageFault_Handler</STRONG> (Thumb, 2 bytes, Stack size 0 bytes, startup_bat32a237.o(.text), UNUSED)
<BR><BR>[Calls]<UL><LI><a href="#[2f]">&gt;&gt;</a>&nbsp;&nbsp;&nbsp;UsageFault_Handler
</UL>
<BR>[Called By]<UL><LI><a href="#[2f]">&gt;&gt;</a>&nbsp;&nbsp;&nbsp;UsageFault_Handler
</UL>

<P><STRONG><a name="[30]"></a>DebugMon_Handler</STRONG> (Thumb, 2 bytes, Stack size 0 bytes, startup_bat32a237.o(.text), UNUSED)
<BR><BR>[Calls]<UL><LI><a href="#[30]">&gt;&gt;</a>&nbsp;&nbsp;&nbsp;DebugMon_Handler
</UL>
<BR>[Called By]<UL><LI><a href="#[30]">&gt;&gt;</a>&nbsp;&nbsp;&nbsp;DebugMon_Handler
</UL>

<P><STRONG><a name="[a0]"></a>__aeabi_uidiv</STRONG> (Thumb, 0 bytes, Stack size 12 bytes, uidiv.o(.text), UNUSED)

<P><STRONG><a name="[6b]"></a>__aeabi_uidivmod</STRONG> (Thumb, 44 bytes, Stack size 12 bytes, uidiv.o(.text))
<BR><BR>[Stack]<UL><LI>Max Depth = 12<LI>Call Chain = __aeabi_uidivmod
</UL>
<BR>[Called By]<UL><LI><a href="#[6f]">&gt;&gt;</a>&nbsp;&nbsp;&nbsp;UART_BaudRateCal
<LI><a href="#[26]">&gt;&gt;</a>&nbsp;&nbsp;&nbsp;main
<LI><a href="#[69]">&gt;&gt;</a>&nbsp;&nbsp;&nbsp;Mcu_Init
</UL>

<P><STRONG><a name="[31]"></a>__aeabi_uldivmod</STRONG> (Thumb, 96 bytes, Stack size 48 bytes, uldiv.o(.text), UNUSED)
<BR><BR>[Calls]<UL><LI><a href="#[32]">&gt;&gt;</a>&nbsp;&nbsp;&nbsp;__aeabi_llsr
<LI><a href="#[33]">&gt;&gt;</a>&nbsp;&nbsp;&nbsp;__aeabi_llsl
</UL>
<BR>[Called By]<UL><LI><a href="#[85]">&gt;&gt;</a>&nbsp;&nbsp;&nbsp;_printf_core
</UL>

<P><STRONG><a name="[2b]"></a>__scatterload</STRONG> (Thumb, 28 bytes, Stack size 0 bytes, init.o(.text))
<BR><BR>[Calls]<UL><LI><a href="#[34]">&gt;&gt;</a>&nbsp;&nbsp;&nbsp;__main_after_scatterload
</UL>
<BR>[Called By]<UL><LI><a href="#[2a]">&gt;&gt;</a>&nbsp;&nbsp;&nbsp;_main_scatterload
</UL>

<P><STRONG><a name="[a1]"></a>__scatterload_rt2</STRONG> (Thumb, 0 bytes, Stack size 0 bytes, init.o(.text), UNUSED)

<P><STRONG><a name="[33]"></a>__aeabi_llsl</STRONG> (Thumb, 32 bytes, Stack size 8 bytes, llshl.o(.text), UNUSED)
<BR><BR>[Called By]<UL><LI><a href="#[31]">&gt;&gt;</a>&nbsp;&nbsp;&nbsp;__aeabi_uldivmod
</UL>

<P><STRONG><a name="[a2]"></a>_ll_shift_l</STRONG> (Thumb, 0 bytes, Stack size 8 bytes, llshl.o(.text), UNUSED)

<P><STRONG><a name="[32]"></a>__aeabi_llsr</STRONG> (Thumb, 34 bytes, Stack size 8 bytes, llushr.o(.text), UNUSED)
<BR><BR>[Called By]<UL><LI><a href="#[31]">&gt;&gt;</a>&nbsp;&nbsp;&nbsp;__aeabi_uldivmod
</UL>

<P><STRONG><a name="[a3]"></a>_ll_ushift_r</STRONG> (Thumb, 0 bytes, Stack size 8 bytes, llushr.o(.text), UNUSED)

<P><STRONG><a name="[a4]"></a>__decompress</STRONG> (Thumb, 0 bytes, Stack size unknown bytes, __dczerorl2.o(.text), UNUSED)

<P><STRONG><a name="[a5]"></a>__decompress1</STRONG> (Thumb, 86 bytes, Stack size unknown bytes, __dczerorl2.o(.text), UNUSED)

<P><STRONG><a name="[4b]"></a>CAN0Err_Interrupt</STRONG> (Thumb, 8 bytes, Stack size 0 bytes, isr_bat32a237.o(i.CAN0Err_Interrupt))
<BR><BR>[Called By]<UL><LI><a href="#[f]">&gt;&gt;</a>&nbsp;&nbsp;&nbsp;IRQ09_Handler
</UL>

<P><STRONG><a name="[5e]"></a>CAN0Rec_Interrupt</STRONG> (Thumb, 8 bytes, Stack size 0 bytes, isr_bat32a237.o(i.CAN0Rec_Interrupt))
<BR><BR>[Called By]<UL><LI><a href="#[1d]">&gt;&gt;</a>&nbsp;&nbsp;&nbsp;IRQ23_Handler
</UL>

<P><STRONG><a name="[62]"></a>CAN0Trx_Interrupt</STRONG> (Thumb, 8 bytes, Stack size 0 bytes, isr_bat32a237.o(i.CAN0Trx_Interrupt))
<BR><BR>[Called By]<UL><LI><a href="#[1f]">&gt;&gt;</a>&nbsp;&nbsp;&nbsp;IRQ25_Handler
</UL>

<P><STRONG><a name="[60]"></a>CAN0Wup_Interrupt</STRONG> (Thumb, 8 bytes, Stack size 0 bytes, isr_bat32a237.o(i.CAN0Wup_Interrupt))
<BR><BR>[Called By]<UL><LI><a href="#[1e]">&gt;&gt;</a>&nbsp;&nbsp;&nbsp;IRQ24_Handler
</UL>

<P><STRONG><a name="[35]"></a>CLK_GetCoreFreq</STRONG> (Thumb, 108 bytes, Stack size 4 bytes, system_bat32a237.o(i.CLK_GetCoreFreq))
<BR><BR>[Stack]<UL><LI>Max Depth = 12<LI>Call Chain = CLK_GetCoreFreq &rArr; __ARM_common_switch8
</UL>
<BR>[Calls]<UL><LI><a href="#[36]">&gt;&gt;</a>&nbsp;&nbsp;&nbsp;__ARM_common_switch8
</UL>
<BR>[Called By]<UL><LI><a href="#[6a]">&gt;&gt;</a>&nbsp;&nbsp;&nbsp;SystemCoreClockUpdate
<LI><a href="#[27]">&gt;&gt;</a>&nbsp;&nbsp;&nbsp;SystemInit
</UL>

<P><STRONG><a name="[8a]"></a>IIC00_Stop</STRONG> (Thumb, 22 bytes, Stack size 0 bytes, sci.o(i.IIC00_Stop))
<BR><BR>[Called By]<UL><LI><a href="#[4c]">&gt;&gt;</a>&nbsp;&nbsp;&nbsp;iic00_interrupt
</UL>

<P><STRONG><a name="[89]"></a>IIC00_StopCondition</STRONG> (Thumb, 64 bytes, Stack size 12 bytes, sci.o(i.IIC00_StopCondition))
<BR><BR>[Stack]<UL><LI>Max Depth = 12<LI>Call Chain = IIC00_StopCondition
</UL>
<BR>[Called By]<UL><LI><a href="#[4c]">&gt;&gt;</a>&nbsp;&nbsp;&nbsp;iic00_interrupt
</UL>

<P><STRONG><a name="[7b]"></a>IIC01_Init</STRONG> (Thumb, 122 bytes, Stack size 8 bytes, sci.o(i.IIC01_Init))
<BR><BR>[Stack]<UL><LI>Max Depth = 8<LI>Call Chain = IIC01_Init
</UL>
<BR>[Called By]<UL><LI><a href="#[7a]">&gt;&gt;</a>&nbsp;&nbsp;&nbsp;Usr_I2C20_InitSetup
</UL>

<P><STRONG><a name="[37]"></a>IIC01_MasterReceive</STRONG> (Thumb, 66 bytes, Stack size 24 bytes, sci.o(i.IIC01_MasterReceive))
<BR><BR>[Stack]<UL><LI>Max Depth = 32<LI>Call Chain = IIC01_MasterReceive &rArr; IIC01_StartCondition
</UL>
<BR>[Calls]<UL><LI><a href="#[38]">&gt;&gt;</a>&nbsp;&nbsp;&nbsp;IIC01_StartCondition
<LI><a href="#[39]">&gt;&gt;</a>&nbsp;&nbsp;&nbsp;NVIC_ClearPendingIRQ
</UL>
<BR>[Called By]<UL><LI><a href="#[7c]">&gt;&gt;</a>&nbsp;&nbsp;&nbsp;Usr_I2C20_MainLoop
</UL>

<P><STRONG><a name="[3a]"></a>IIC01_MasterSend</STRONG> (Thumb, 64 bytes, Stack size 24 bytes, sci.o(i.IIC01_MasterSend))
<BR><BR>[Stack]<UL><LI>Max Depth = 32<LI>Call Chain = IIC01_MasterSend &rArr; IIC01_StartCondition
</UL>
<BR>[Calls]<UL><LI><a href="#[38]">&gt;&gt;</a>&nbsp;&nbsp;&nbsp;IIC01_StartCondition
<LI><a href="#[39]">&gt;&gt;</a>&nbsp;&nbsp;&nbsp;NVIC_ClearPendingIRQ
</UL>
<BR>[Called By]<UL><LI><a href="#[7c]">&gt;&gt;</a>&nbsp;&nbsp;&nbsp;Usr_I2C20_MainLoop
</UL>

<P><STRONG><a name="[38]"></a>IIC01_StartCondition</STRONG> (Thumb, 54 bytes, Stack size 8 bytes, sci.o(i.IIC01_StartCondition))
<BR><BR>[Stack]<UL><LI>Max Depth = 8<LI>Call Chain = IIC01_StartCondition
</UL>
<BR>[Called By]<UL><LI><a href="#[3a]">&gt;&gt;</a>&nbsp;&nbsp;&nbsp;IIC01_MasterSend
<LI><a href="#[37]">&gt;&gt;</a>&nbsp;&nbsp;&nbsp;IIC01_MasterReceive
</UL>

<P><STRONG><a name="[8c]"></a>IIC01_Stop</STRONG> (Thumb, 24 bytes, Stack size 0 bytes, sci.o(i.IIC01_Stop))
<BR><BR>[Called By]<UL><LI><a href="#[4d]">&gt;&gt;</a>&nbsp;&nbsp;&nbsp;iic01_interrupt
</UL>

<P><STRONG><a name="[8b]"></a>IIC01_StopCondition</STRONG> (Thumb, 60 bytes, Stack size 8 bytes, sci.o(i.IIC01_StopCondition))
<BR><BR>[Stack]<UL><LI>Max Depth = 8<LI>Call Chain = IIC01_StopCondition
</UL>
<BR>[Called By]<UL><LI><a href="#[4d]">&gt;&gt;</a>&nbsp;&nbsp;&nbsp;iic01_interrupt
</UL>

<P><STRONG><a name="[8e]"></a>IIC20_Stop</STRONG> (Thumb, 22 bytes, Stack size 0 bytes, sci.o(i.IIC20_Stop))
<BR><BR>[Called By]<UL><LI><a href="#[48]">&gt;&gt;</a>&nbsp;&nbsp;&nbsp;iic20_interrupt
</UL>

<P><STRONG><a name="[8d]"></a>IIC20_StopCondition</STRONG> (Thumb, 64 bytes, Stack size 12 bytes, sci.o(i.IIC20_StopCondition))
<BR><BR>[Stack]<UL><LI>Max Depth = 12<LI>Call Chain = IIC20_StopCondition
</UL>
<BR>[Called By]<UL><LI><a href="#[48]">&gt;&gt;</a>&nbsp;&nbsp;&nbsp;iic20_interrupt
</UL>

<P><STRONG><a name="[90]"></a>IIC21_Stop</STRONG> (Thumb, 24 bytes, Stack size 0 bytes, sci.o(i.IIC21_Stop))
<BR><BR>[Called By]<UL><LI><a href="#[49]">&gt;&gt;</a>&nbsp;&nbsp;&nbsp;iic21_interrupt
</UL>

<P><STRONG><a name="[8f]"></a>IIC21_StopCondition</STRONG> (Thumb, 60 bytes, Stack size 8 bytes, sci.o(i.IIC21_StopCondition))
<BR><BR>[Stack]<UL><LI>Max Depth = 8<LI>Call Chain = IIC21_StopCondition
</UL>
<BR>[Called By]<UL><LI><a href="#[49]">&gt;&gt;</a>&nbsp;&nbsp;&nbsp;iic21_interrupt
</UL>

<P><STRONG><a name="[91]"></a>IICA0_Clear_Wakeup</STRONG> (Thumb, 22 bytes, Stack size 0 bytes, iica.o(i.IICA0_Clear_Wakeup))
<BR><BR>[Called By]<UL><LI><a href="#[54]">&gt;&gt;</a>&nbsp;&nbsp;&nbsp;iica0_interrupt
</UL>

<P><STRONG><a name="[6]"></a>IRQ00_Handler</STRONG> (Thumb, 16 bytes, Stack size 8 bytes, isr_bat32a237.o(i.IRQ00_Handler))
<BR><BR>[Stack]<UL><LI>Max Depth = 8<LI>Call Chain = IRQ00_Handler
</UL>
<BR>[Calls]<UL><LI><a href="#[3b]">&gt;&gt;</a>&nbsp;&nbsp;&nbsp;lvi_interrupt
</UL>
<BR>[Address Reference Count : 1]<UL><LI> startup_bat32a237.o(RESET)
</UL>
<P><STRONG><a name="[7]"></a>IRQ01_Handler</STRONG> (Thumb, 26 bytes, Stack size 8 bytes, isr_bat32a237.o(i.IRQ01_Handler))
<BR><BR>[Stack]<UL><LI>Max Depth = 8<LI>Call Chain = IRQ01_Handler
</UL>
<BR>[Calls]<UL><LI><a href="#[3d]">&gt;&gt;</a>&nbsp;&nbsp;&nbsp;intp6_interrupt
<LI><a href="#[3c]">&gt;&gt;</a>&nbsp;&nbsp;&nbsp;intp0_interrupt
</UL>
<BR>[Address Reference Count : 1]<UL><LI> startup_bat32a237.o(RESET)
</UL>
<P><STRONG><a name="[8]"></a>IRQ02_Handler</STRONG> (Thumb, 26 bytes, Stack size 8 bytes, isr_bat32a237.o(i.IRQ02_Handler))
<BR><BR>[Stack]<UL><LI>Max Depth = 8<LI>Call Chain = IRQ02_Handler
</UL>
<BR>[Calls]<UL><LI><a href="#[3f]">&gt;&gt;</a>&nbsp;&nbsp;&nbsp;intp7_interrupt
<LI><a href="#[3e]">&gt;&gt;</a>&nbsp;&nbsp;&nbsp;intp1_interrupt
</UL>
<BR>[Address Reference Count : 1]<UL><LI> startup_bat32a237.o(RESET)
</UL>
<P><STRONG><a name="[9]"></a>IRQ03_Handler</STRONG> (Thumb, 26 bytes, Stack size 8 bytes, isr_bat32a237.o(i.IRQ03_Handler))
<BR><BR>[Stack]<UL><LI>Max Depth = 8<LI>Call Chain = IRQ03_Handler
</UL>
<BR>[Calls]<UL><LI><a href="#[41]">&gt;&gt;</a>&nbsp;&nbsp;&nbsp;intp8_interrupt
<LI><a href="#[40]">&gt;&gt;</a>&nbsp;&nbsp;&nbsp;intp2_interrupt
</UL>
<BR>[Address Reference Count : 1]<UL><LI> startup_bat32a237.o(RESET)
</UL>
<P><STRONG><a name="[a]"></a>IRQ04_Handler</STRONG> (Thumb, 26 bytes, Stack size 8 bytes, isr_bat32a237.o(i.IRQ04_Handler))
<BR><BR>[Stack]<UL><LI>Max Depth = 8<LI>Call Chain = IRQ04_Handler
</UL>
<BR>[Calls]<UL><LI><a href="#[43]">&gt;&gt;</a>&nbsp;&nbsp;&nbsp;intp9_interrupt
<LI><a href="#[42]">&gt;&gt;</a>&nbsp;&nbsp;&nbsp;intp3_interrupt
</UL>
<BR>[Address Reference Count : 1]<UL><LI> startup_bat32a237.o(RESET)
</UL>
<P><STRONG><a name="[b]"></a>IRQ05_Handler</STRONG> (Thumb, 26 bytes, Stack size 8 bytes, isr_bat32a237.o(i.IRQ05_Handler))
<BR><BR>[Stack]<UL><LI>Max Depth = 8<LI>Call Chain = IRQ05_Handler
</UL>
<BR>[Calls]<UL><LI><a href="#[44]">&gt;&gt;</a>&nbsp;&nbsp;&nbsp;intp4_interrupt
<LI><a href="#[45]">&gt;&gt;</a>&nbsp;&nbsp;&nbsp;intp10_interrupt
</UL>
<BR>[Address Reference Count : 1]<UL><LI> startup_bat32a237.o(RESET)
</UL>
<P><STRONG><a name="[c]"></a>IRQ06_Handler</STRONG> (Thumb, 26 bytes, Stack size 8 bytes, isr_bat32a237.o(i.IRQ06_Handler))
<BR><BR>[Stack]<UL><LI>Max Depth = 8<LI>Call Chain = IRQ06_Handler
</UL>
<BR>[Calls]<UL><LI><a href="#[46]">&gt;&gt;</a>&nbsp;&nbsp;&nbsp;intp5_interrupt
<LI><a href="#[47]">&gt;&gt;</a>&nbsp;&nbsp;&nbsp;intp11_interrupt
</UL>
<BR>[Address Reference Count : 1]<UL><LI> startup_bat32a237.o(RESET)
</UL>
<P><STRONG><a name="[d]"></a>IRQ07_Handler</STRONG> (Thumb, 16 bytes, Stack size 8 bytes, isr_bat32a237.o(i.IRQ07_Handler))
<BR><BR>[Stack]<UL><LI>Max Depth = 44<LI>Call Chain = IRQ07_Handler &rArr; iic20_interrupt &rArr; IIC20_StopCondition
</UL>
<BR>[Calls]<UL><LI><a href="#[48]">&gt;&gt;</a>&nbsp;&nbsp;&nbsp;iic20_interrupt
</UL>
<BR>[Address Reference Count : 1]<UL><LI> startup_bat32a237.o(RESET)
</UL>
<P><STRONG><a name="[e]"></a>IRQ08_Handler</STRONG> (Thumb, 16 bytes, Stack size 8 bytes, isr_bat32a237.o(i.IRQ08_Handler))
<BR><BR>[Stack]<UL><LI>Max Depth = 40<LI>Call Chain = IRQ08_Handler &rArr; iic21_interrupt &rArr; IIC21_StopCondition
</UL>
<BR>[Calls]<UL><LI><a href="#[49]">&gt;&gt;</a>&nbsp;&nbsp;&nbsp;iic21_interrupt
</UL>
<BR>[Address Reference Count : 1]<UL><LI> startup_bat32a237.o(RESET)
</UL>
<P><STRONG><a name="[f]"></a>IRQ09_Handler</STRONG> (Thumb, 26 bytes, Stack size 8 bytes, isr_bat32a237.o(i.IRQ09_Handler))
<BR><BR>[Stack]<UL><LI>Max Depth = 8<LI>Call Chain = IRQ09_Handler
</UL>
<BR>[Calls]<UL><LI><a href="#[4a]">&gt;&gt;</a>&nbsp;&nbsp;&nbsp;sre2_interrupt
<LI><a href="#[4b]">&gt;&gt;</a>&nbsp;&nbsp;&nbsp;CAN0Err_Interrupt
</UL>
<BR>[Address Reference Count : 1]<UL><LI> startup_bat32a237.o(RESET)
</UL>
<P><STRONG><a name="[10]"></a>IRQ10_Handler</STRONG> (Thumb, 16 bytes, Stack size 8 bytes, isr_bat32a237.o(i.IRQ10_Handler))
<BR><BR>[Stack]<UL><LI>Max Depth = 44<LI>Call Chain = IRQ10_Handler &rArr; iic00_interrupt &rArr; IIC00_StopCondition
</UL>
<BR>[Calls]<UL><LI><a href="#[4c]">&gt;&gt;</a>&nbsp;&nbsp;&nbsp;iic00_interrupt
</UL>
<BR>[Address Reference Count : 1]<UL><LI> startup_bat32a237.o(RESET)
</UL>
<P><STRONG><a name="[11]"></a>IRQ11_Handler</STRONG> (Thumb, 16 bytes, Stack size 8 bytes, isr_bat32a237.o(i.IRQ11_Handler))
<BR><BR>[Stack]<UL><LI>Max Depth = 40<LI>Call Chain = IRQ11_Handler &rArr; iic01_interrupt &rArr; IIC01_StopCondition
</UL>
<BR>[Calls]<UL><LI><a href="#[4d]">&gt;&gt;</a>&nbsp;&nbsp;&nbsp;iic01_interrupt
</UL>
<BR>[Address Reference Count : 1]<UL><LI> startup_bat32a237.o(RESET)
</UL>
<P><STRONG><a name="[12]"></a>IRQ12_Handler</STRONG> (Thumb, 26 bytes, Stack size 8 bytes, isr_bat32a237.o(i.IRQ12_Handler))
<BR><BR>[Stack]<UL><LI>Max Depth = 8<LI>Call Chain = IRQ12_Handler
</UL>
<BR>[Calls]<UL><LI><a href="#[4f]">&gt;&gt;</a>&nbsp;&nbsp;&nbsp;tm01h_interrupt
<LI><a href="#[4e]">&gt;&gt;</a>&nbsp;&nbsp;&nbsp;sre0_interrupt
</UL>
<BR>[Address Reference Count : 1]<UL><LI> startup_bat32a237.o(RESET)
</UL>
<P><STRONG><a name="[13]"></a>IRQ13_Handler</STRONG> (Thumb, 16 bytes, Stack size 8 bytes, isr_bat32a237.o(i.IRQ13_Handler))
<BR><BR>[Stack]<UL><LI>Max Depth = 16<LI>Call Chain = IRQ13_Handler &rArr; uart1_interrupt_send
</UL>
<BR>[Calls]<UL><LI><a href="#[50]">&gt;&gt;</a>&nbsp;&nbsp;&nbsp;uart1_interrupt_send
</UL>
<BR>[Address Reference Count : 1]<UL><LI> startup_bat32a237.o(RESET)
</UL>
<P><STRONG><a name="[14]"></a>IRQ14_Handler</STRONG> (Thumb, 16 bytes, Stack size 8 bytes, isr_bat32a237.o(i.IRQ14_Handler))
<BR><BR>[Stack]<UL><LI>Max Depth = 24<LI>Call Chain = IRQ14_Handler &rArr; uart1_interrupt_receive
</UL>
<BR>[Calls]<UL><LI><a href="#[51]">&gt;&gt;</a>&nbsp;&nbsp;&nbsp;uart1_interrupt_receive
</UL>
<BR>[Address Reference Count : 1]<UL><LI> startup_bat32a237.o(RESET)
</UL>
<P><STRONG><a name="[15]"></a>IRQ15_Handler</STRONG> (Thumb, 26 bytes, Stack size 8 bytes, isr_bat32a237.o(i.IRQ15_Handler))
<BR><BR>[Stack]<UL><LI>Max Depth = 8<LI>Call Chain = IRQ15_Handler
</UL>
<BR>[Calls]<UL><LI><a href="#[53]">&gt;&gt;</a>&nbsp;&nbsp;&nbsp;tm03h_interrupt
<LI><a href="#[52]">&gt;&gt;</a>&nbsp;&nbsp;&nbsp;sre1_interrupt
</UL>
<BR>[Address Reference Count : 1]<UL><LI> startup_bat32a237.o(RESET)
</UL>
<P><STRONG><a name="[16]"></a>IRQ16_Handler</STRONG> (Thumb, 26 bytes, Stack size 8 bytes, isr_bat32a237.o(i.IRQ16_Handler))
<BR><BR>[Stack]<UL><LI>Max Depth = 40<LI>Call Chain = IRQ16_Handler &rArr; iica0_interrupt &rArr; iica0_slavehandler
</UL>
<BR>[Calls]<UL><LI><a href="#[54]">&gt;&gt;</a>&nbsp;&nbsp;&nbsp;iica0_interrupt
<LI><a href="#[55]">&gt;&gt;</a>&nbsp;&nbsp;&nbsp;div_interrupt
</UL>
<BR>[Address Reference Count : 1]<UL><LI> startup_bat32a237.o(RESET)
</UL>
<P><STRONG><a name="[17]"></a>IRQ17_Handler</STRONG> (Thumb, 16 bytes, Stack size 8 bytes, isr_bat32a237.o(i.IRQ17_Handler))
<BR><BR>[Stack]<UL><LI>Max Depth = 8<LI>Call Chain = IRQ17_Handler
</UL>
<BR>[Calls]<UL><LI><a href="#[56]">&gt;&gt;</a>&nbsp;&nbsp;&nbsp;tm40_channel0_interrupt
</UL>
<BR>[Address Reference Count : 1]<UL><LI> startup_bat32a237.o(RESET)
</UL>
<P><STRONG><a name="[18]"></a>IRQ18_Handler</STRONG> (Thumb, 16 bytes, Stack size 8 bytes, isr_bat32a237.o(i.IRQ18_Handler))
<BR><BR>[Stack]<UL><LI>Max Depth = 8<LI>Call Chain = IRQ18_Handler
</UL>
<BR>[Calls]<UL><LI><a href="#[57]">&gt;&gt;</a>&nbsp;&nbsp;&nbsp;tm40_channel1_interrupt
</UL>
<BR>[Address Reference Count : 1]<UL><LI> startup_bat32a237.o(RESET)
</UL>
<P><STRONG><a name="[19]"></a>IRQ19_Handler</STRONG> (Thumb, 16 bytes, Stack size 8 bytes, isr_bat32a237.o(i.IRQ19_Handler))
<BR><BR>[Stack]<UL><LI>Max Depth = 8<LI>Call Chain = IRQ19_Handler
</UL>
<BR>[Calls]<UL><LI><a href="#[58]">&gt;&gt;</a>&nbsp;&nbsp;&nbsp;tm40_channel2_interrupt
</UL>
<BR>[Address Reference Count : 1]<UL><LI> startup_bat32a237.o(RESET)
</UL>
<P><STRONG><a name="[1a]"></a>IRQ20_Handler</STRONG> (Thumb, 16 bytes, Stack size 8 bytes, isr_bat32a237.o(i.IRQ20_Handler))
<BR><BR>[Stack]<UL><LI>Max Depth = 8<LI>Call Chain = IRQ20_Handler
</UL>
<BR>[Calls]<UL><LI><a href="#[59]">&gt;&gt;</a>&nbsp;&nbsp;&nbsp;tm40_channel3_interrupt
</UL>
<BR>[Address Reference Count : 1]<UL><LI> startup_bat32a237.o(RESET)
</UL>
<P><STRONG><a name="[1b]"></a>IRQ21_Handler</STRONG> (Thumb, 16 bytes, Stack size 8 bytes, isr_bat32a237.o(i.IRQ21_Handler))
<BR><BR>[Stack]<UL><LI>Max Depth = 8<LI>Call Chain = IRQ21_Handler
</UL>
<BR>[Calls]<UL><LI><a href="#[5a]">&gt;&gt;</a>&nbsp;&nbsp;&nbsp;adc_interrupt
</UL>
<BR>[Address Reference Count : 1]<UL><LI> startup_bat32a237.o(RESET)
</UL>
<P><STRONG><a name="[1c]"></a>IRQ22_Handler</STRONG> (Thumb, 26 bytes, Stack size 8 bytes, isr_bat32a237.o(i.IRQ22_Handler))
<BR><BR>[Stack]<UL><LI>Max Depth = 8<LI>Call Chain = IRQ22_Handler
</UL>
<BR>[Calls]<UL><LI><a href="#[5b]">&gt;&gt;</a>&nbsp;&nbsp;&nbsp;rtc_interrupt
<LI><a href="#[5c]">&gt;&gt;</a>&nbsp;&nbsp;&nbsp;it_interrupt
</UL>
<BR>[Address Reference Count : 1]<UL><LI> startup_bat32a237.o(RESET)
</UL>
<P><STRONG><a name="[1d]"></a>IRQ23_Handler</STRONG> (Thumb, 26 bytes, Stack size 8 bytes, isr_bat32a237.o(i.IRQ23_Handler))
<BR><BR>[Stack]<UL><LI>Max Depth = 8<LI>Call Chain = IRQ23_Handler
</UL>
<BR>[Calls]<UL><LI><a href="#[5d]">&gt;&gt;</a>&nbsp;&nbsp;&nbsp;key_interrupt
<LI><a href="#[5e]">&gt;&gt;</a>&nbsp;&nbsp;&nbsp;CAN0Rec_Interrupt
</UL>
<BR>[Address Reference Count : 1]<UL><LI> startup_bat32a237.o(RESET)
</UL>
<P><STRONG><a name="[1e]"></a>IRQ24_Handler</STRONG> (Thumb, 26 bytes, Stack size 8 bytes, isr_bat32a237.o(i.IRQ24_Handler))
<BR><BR>[Stack]<UL><LI>Max Depth = 8<LI>Call Chain = IRQ24_Handler
</UL>
<BR>[Calls]<UL><LI><a href="#[5f]">&gt;&gt;</a>&nbsp;&nbsp;&nbsp;cmp0_interrupt
<LI><a href="#[60]">&gt;&gt;</a>&nbsp;&nbsp;&nbsp;CAN0Wup_Interrupt
</UL>
<BR>[Address Reference Count : 1]<UL><LI> startup_bat32a237.o(RESET)
</UL>
<P><STRONG><a name="[1f]"></a>IRQ25_Handler</STRONG> (Thumb, 26 bytes, Stack size 8 bytes, isr_bat32a237.o(i.IRQ25_Handler))
<BR><BR>[Stack]<UL><LI>Max Depth = 8<LI>Call Chain = IRQ25_Handler
</UL>
<BR>[Calls]<UL><LI><a href="#[61]">&gt;&gt;</a>&nbsp;&nbsp;&nbsp;cmp1_interrupt
<LI><a href="#[62]">&gt;&gt;</a>&nbsp;&nbsp;&nbsp;CAN0Trx_Interrupt
</UL>
<BR>[Address Reference Count : 1]<UL><LI> startup_bat32a237.o(RESET)
</UL>
<P><STRONG><a name="[20]"></a>IRQ26_Handler</STRONG> (Thumb, 16 bytes, Stack size 8 bytes, isr_bat32a237.o(i.IRQ26_Handler))
<BR><BR>[Stack]<UL><LI>Max Depth = 8<LI>Call Chain = IRQ26_Handler
</UL>
<BR>[Calls]<UL><LI><a href="#[63]">&gt;&gt;</a>&nbsp;&nbsp;&nbsp;tma0_interrupt
</UL>
<BR>[Address Reference Count : 1]<UL><LI> startup_bat32a237.o(RESET)
</UL>
<P><STRONG><a name="[21]"></a>IRQ27_Handler</STRONG> (Thumb, 16 bytes, Stack size 8 bytes, isr_bat32a237.o(i.IRQ27_Handler))
<BR><BR>[Stack]<UL><LI>Max Depth = 8<LI>Call Chain = IRQ27_Handler
</UL>
<BR>[Calls]<UL><LI><a href="#[64]">&gt;&gt;</a>&nbsp;&nbsp;&nbsp;tmm0_interrupt
</UL>
<BR>[Address Reference Count : 1]<UL><LI> startup_bat32a237.o(RESET)
</UL>
<P><STRONG><a name="[22]"></a>IRQ28_Handler</STRONG> (Thumb, 16 bytes, Stack size 8 bytes, isr_bat32a237.o(i.IRQ28_Handler))
<BR><BR>[Stack]<UL><LI>Max Depth = 8<LI>Call Chain = IRQ28_Handler
</UL>
<BR>[Calls]<UL><LI><a href="#[65]">&gt;&gt;</a>&nbsp;&nbsp;&nbsp;tmm1_interrupt
</UL>
<BR>[Address Reference Count : 1]<UL><LI> startup_bat32a237.o(RESET)
</UL>
<P><STRONG><a name="[23]"></a>IRQ29_Handler</STRONG> (Thumb, 16 bytes, Stack size 8 bytes, isr_bat32a237.o(i.IRQ29_Handler))
<BR><BR>[Stack]<UL><LI>Max Depth = 8<LI>Call Chain = IRQ29_Handler
</UL>
<BR>[Calls]<UL><LI><a href="#[66]">&gt;&gt;</a>&nbsp;&nbsp;&nbsp;tmb0_interrupt
</UL>
<BR>[Address Reference Count : 1]<UL><LI> startup_bat32a237.o(RESET)
</UL>
<P><STRONG><a name="[24]"></a>IRQ30_Handler</STRONG> (Thumb, 16 bytes, Stack size 8 bytes, isr_bat32a237.o(i.IRQ30_Handler))
<BR><BR>[Stack]<UL><LI>Max Depth = 8<LI>Call Chain = IRQ30_Handler
</UL>
<BR>[Calls]<UL><LI><a href="#[67]">&gt;&gt;</a>&nbsp;&nbsp;&nbsp;tmc_interrupt
</UL>
<BR>[Address Reference Count : 1]<UL><LI> startup_bat32a237.o(RESET)
</UL>
<P><STRONG><a name="[25]"></a>IRQ31_Handler</STRONG> (Thumb, 16 bytes, Stack size 8 bytes, isr_bat32a237.o(i.IRQ31_Handler))
<BR><BR>[Stack]<UL><LI>Max Depth = 8<LI>Call Chain = IRQ31_Handler
</UL>
<BR>[Calls]<UL><LI><a href="#[68]">&gt;&gt;</a>&nbsp;&nbsp;&nbsp;flash_interrupt
</UL>
<BR>[Address Reference Count : 1]<UL><LI> startup_bat32a237.o(RESET)
</UL>
<P><STRONG><a name="[69]"></a>Mcu_Init</STRONG> (Thumb, 62 bytes, Stack size 16 bytes, usr_main.o(i.Mcu_Init))
<BR><BR>[Stack]<UL><LI>Max Depth = 36<LI>Call Chain = Mcu_Init &rArr; SystemCoreClockUpdate &rArr; CLK_GetCoreFreq &rArr; __ARM_common_switch8
</UL>
<BR>[Calls]<UL><LI><a href="#[6a]">&gt;&gt;</a>&nbsp;&nbsp;&nbsp;SystemCoreClockUpdate
<LI><a href="#[6b]">&gt;&gt;</a>&nbsp;&nbsp;&nbsp;__aeabi_uidivmod
</UL>
<BR>[Called By]<UL><LI><a href="#[26]">&gt;&gt;</a>&nbsp;&nbsp;&nbsp;main
</UL>

<P><STRONG><a name="[6c]"></a>PORT_Init</STRONG> (Thumb, 180 bytes, Stack size 16 bytes, gpio.o(i.PORT_Init))
<BR><BR>[Stack]<UL><LI>Max Depth = 24<LI>Call Chain = PORT_Init &rArr; __ARM_common_switch8
</UL>
<BR>[Calls]<UL><LI><a href="#[36]">&gt;&gt;</a>&nbsp;&nbsp;&nbsp;__ARM_common_switch8
</UL>
<BR>[Called By]<UL><LI><a href="#[79]">&gt;&gt;</a>&nbsp;&nbsp;&nbsp;Usr_GPIO_InitSetup
</UL>

<P><STRONG><a name="[3]"></a>SVC_Handler</STRONG> (Thumb, 2 bytes, Stack size 0 bytes, port.o(i.SVC_Handler))
<BR>[Address Reference Count : 1]<UL><LI> startup_bat32a237.o(RESET)
</UL>
<P><STRONG><a name="[5]"></a>SysTick_Handler</STRONG> (Thumb, 8 bytes, Stack size 8 bytes, port.o(i.SysTick_Handler))
<BR><BR>[Stack]<UL><LI>Max Depth = 8<LI>Call Chain = SysTick_Handler
</UL>
<BR>[Calls]<UL><LI><a href="#[6d]">&gt;&gt;</a>&nbsp;&nbsp;&nbsp;SysTick_Handler_UsrPart
</UL>
<BR>[Address Reference Count : 1]<UL><LI> startup_bat32a237.o(RESET)
</UL>
<P><STRONG><a name="[6d]"></a>SysTick_Handler_UsrPart</STRONG> (Thumb, 40 bytes, Stack size 0 bytes, usr_interrupt.o(i.SysTick_Handler_UsrPart))
<BR><BR>[Called By]<UL><LI><a href="#[5]">&gt;&gt;</a>&nbsp;&nbsp;&nbsp;SysTick_Handler
</UL>

<P><STRONG><a name="[6a]"></a>SystemCoreClockUpdate</STRONG> (Thumb, 12 bytes, Stack size 8 bytes, system_bat32a237.o(i.SystemCoreClockUpdate))
<BR><BR>[Stack]<UL><LI>Max Depth = 20<LI>Call Chain = SystemCoreClockUpdate &rArr; CLK_GetCoreFreq &rArr; __ARM_common_switch8
</UL>
<BR>[Calls]<UL><LI><a href="#[35]">&gt;&gt;</a>&nbsp;&nbsp;&nbsp;CLK_GetCoreFreq
</UL>
<BR>[Called By]<UL><LI><a href="#[69]">&gt;&gt;</a>&nbsp;&nbsp;&nbsp;Mcu_Init
</UL>

<P><STRONG><a name="[27]"></a>SystemInit</STRONG> (Thumb, 82 bytes, Stack size 8 bytes, system_bat32a237.o(i.SystemInit))
<BR><BR>[Stack]<UL><LI>Max Depth = 20<LI>Call Chain = SystemInit &rArr; CLK_GetCoreFreq &rArr; __ARM_common_switch8
</UL>
<BR>[Calls]<UL><LI><a href="#[35]">&gt;&gt;</a>&nbsp;&nbsp;&nbsp;CLK_GetCoreFreq
</UL>
<BR>[Address Reference Count : 1]<UL><LI> startup_bat32a237.o(.text)
</UL>
<P><STRONG><a name="[6e]"></a>UART0_BaudRate</STRONG> (Thumb, 56 bytes, Stack size 16 bytes, sci.o(i.UART0_BaudRate))
<BR><BR>[Stack]<UL><LI>Max Depth = 76<LI>Call Chain = UART0_BaudRate &rArr; UART_BaudRateCal &rArr; __aeabi_uidivmod
</UL>
<BR>[Calls]<UL><LI><a href="#[6f]">&gt;&gt;</a>&nbsp;&nbsp;&nbsp;UART_BaudRateCal
</UL>
<BR>[Called By]<UL><LI><a href="#[70]">&gt;&gt;</a>&nbsp;&nbsp;&nbsp;UART0_Init
</UL>

<P><STRONG><a name="[70]"></a>UART0_Init</STRONG> (Thumb, 166 bytes, Stack size 24 bytes, sci.o(i.UART0_Init))
<BR><BR>[Stack]<UL><LI>Max Depth = 100<LI>Call Chain = UART0_Init &rArr; UART0_BaudRate &rArr; UART_BaudRateCal &rArr; __aeabi_uidivmod
</UL>
<BR>[Calls]<UL><LI><a href="#[6e]">&gt;&gt;</a>&nbsp;&nbsp;&nbsp;UART0_BaudRate
</UL>
<BR>[Called By]<UL><LI><a href="#[7e]">&gt;&gt;</a>&nbsp;&nbsp;&nbsp;Usr_Uart_Init
</UL>

<P><STRONG><a name="[71]"></a>UART1_BaudRate</STRONG> (Thumb, 44 bytes, Stack size 16 bytes, sci.o(i.UART1_BaudRate))
<BR><BR>[Stack]<UL><LI>Max Depth = 76<LI>Call Chain = UART1_BaudRate &rArr; UART_BaudRateCal &rArr; __aeabi_uidivmod
</UL>
<BR>[Calls]<UL><LI><a href="#[6f]">&gt;&gt;</a>&nbsp;&nbsp;&nbsp;UART_BaudRateCal
</UL>
<BR>[Called By]<UL><LI><a href="#[72]">&gt;&gt;</a>&nbsp;&nbsp;&nbsp;UART1_Init
</UL>

<P><STRONG><a name="[72]"></a>UART1_Init</STRONG> (Thumb, 176 bytes, Stack size 24 bytes, sci.o(i.UART1_Init))
<BR><BR>[Stack]<UL><LI>Max Depth = 100<LI>Call Chain = UART1_Init &rArr; UART1_BaudRate &rArr; UART_BaudRateCal &rArr; __aeabi_uidivmod
</UL>
<BR>[Calls]<UL><LI><a href="#[73]">&gt;&gt;</a>&nbsp;&nbsp;&nbsp;UART1_Start
<LI><a href="#[71]">&gt;&gt;</a>&nbsp;&nbsp;&nbsp;UART1_BaudRate
</UL>
<BR>[Called By]<UL><LI><a href="#[7e]">&gt;&gt;</a>&nbsp;&nbsp;&nbsp;Usr_Uart_Init
</UL>

<P><STRONG><a name="[73]"></a>UART1_Start</STRONG> (Thumb, 54 bytes, Stack size 8 bytes, sci.o(i.UART1_Start))
<BR><BR>[Stack]<UL><LI>Max Depth = 8<LI>Call Chain = UART1_Start
</UL>
<BR>[Calls]<UL><LI><a href="#[39]">&gt;&gt;</a>&nbsp;&nbsp;&nbsp;NVIC_ClearPendingIRQ
</UL>
<BR>[Called By]<UL><LI><a href="#[72]">&gt;&gt;</a>&nbsp;&nbsp;&nbsp;UART1_Init
</UL>

<P><STRONG><a name="[74]"></a>UART2_BaudRate</STRONG> (Thumb, 44 bytes, Stack size 16 bytes, sci.o(i.UART2_BaudRate))
<BR><BR>[Stack]<UL><LI>Max Depth = 76<LI>Call Chain = UART2_BaudRate &rArr; UART_BaudRateCal &rArr; __aeabi_uidivmod
</UL>
<BR>[Calls]<UL><LI><a href="#[6f]">&gt;&gt;</a>&nbsp;&nbsp;&nbsp;UART_BaudRateCal
</UL>
<BR>[Called By]<UL><LI><a href="#[75]">&gt;&gt;</a>&nbsp;&nbsp;&nbsp;UART2_Init
</UL>

<P><STRONG><a name="[75]"></a>UART2_Init</STRONG> (Thumb, 212 bytes, Stack size 24 bytes, sci.o(i.UART2_Init))
<BR><BR>[Stack]<UL><LI>Max Depth = 100<LI>Call Chain = UART2_Init &rArr; UART2_BaudRate &rArr; UART_BaudRateCal &rArr; __aeabi_uidivmod
</UL>
<BR>[Calls]<UL><LI><a href="#[76]">&gt;&gt;</a>&nbsp;&nbsp;&nbsp;UART2_Start
<LI><a href="#[74]">&gt;&gt;</a>&nbsp;&nbsp;&nbsp;UART2_BaudRate
</UL>
<BR>[Called By]<UL><LI><a href="#[7e]">&gt;&gt;</a>&nbsp;&nbsp;&nbsp;Usr_Uart_Init
</UL>

<P><STRONG><a name="[76]"></a>UART2_Start</STRONG> (Thumb, 62 bytes, Stack size 8 bytes, sci.o(i.UART2_Start))
<BR><BR>[Stack]<UL><LI>Max Depth = 8<LI>Call Chain = UART2_Start
</UL>
<BR>[Calls]<UL><LI><a href="#[39]">&gt;&gt;</a>&nbsp;&nbsp;&nbsp;NVIC_ClearPendingIRQ
</UL>
<BR>[Called By]<UL><LI><a href="#[75]">&gt;&gt;</a>&nbsp;&nbsp;&nbsp;UART2_Init
</UL>

<P><STRONG><a name="[6f]"></a>UART_BaudRateCal</STRONG> (Thumb, 172 bytes, Stack size 48 bytes, sci.o(i.UART_BaudRateCal))
<BR><BR>[Stack]<UL><LI>Max Depth = 60<LI>Call Chain = UART_BaudRateCal &rArr; __aeabi_uidivmod
</UL>
<BR>[Calls]<UL><LI><a href="#[6b]">&gt;&gt;</a>&nbsp;&nbsp;&nbsp;__aeabi_uidivmod
</UL>
<BR>[Called By]<UL><LI><a href="#[74]">&gt;&gt;</a>&nbsp;&nbsp;&nbsp;UART2_BaudRate
<LI><a href="#[71]">&gt;&gt;</a>&nbsp;&nbsp;&nbsp;UART1_BaudRate
<LI><a href="#[6e]">&gt;&gt;</a>&nbsp;&nbsp;&nbsp;UART0_BaudRate
</UL>

<P><STRONG><a name="[78]"></a>Uart_St_Init</STRONG> (Thumb, 20 bytes, Stack size 0 bytes, usr_uart.o(i.Uart_St_Init))
<BR><BR>[Called By]<UL><LI><a href="#[77]">&gt;&gt;</a>&nbsp;&nbsp;&nbsp;Uart_St_Init_s
</UL>

<P><STRONG><a name="[77]"></a>Uart_St_Init_s</STRONG> (Thumb, 22 bytes, Stack size 4 bytes, usr_uart.o(i.Uart_St_Init_s))
<BR><BR>[Stack]<UL><LI>Max Depth = 4<LI>Call Chain = Uart_St_Init_s
</UL>
<BR>[Calls]<UL><LI><a href="#[78]">&gt;&gt;</a>&nbsp;&nbsp;&nbsp;Uart_St_Init
</UL>
<BR>[Called By]<UL><LI><a href="#[26]">&gt;&gt;</a>&nbsp;&nbsp;&nbsp;main
</UL>

<P><STRONG><a name="[79]"></a>Usr_GPIO_InitSetup</STRONG> (Thumb, 78 bytes, Stack size 8 bytes, usr_gpio.o(i.Usr_GPIO_InitSetup))
<BR><BR>[Stack]<UL><LI>Max Depth = 32<LI>Call Chain = Usr_GPIO_InitSetup &rArr; PORT_Init &rArr; __ARM_common_switch8
</UL>
<BR>[Calls]<UL><LI><a href="#[6c]">&gt;&gt;</a>&nbsp;&nbsp;&nbsp;PORT_Init
</UL>
<BR>[Called By]<UL><LI><a href="#[26]">&gt;&gt;</a>&nbsp;&nbsp;&nbsp;main
</UL>

<P><STRONG><a name="[96]"></a>Usr_GPIO_MainLoop</STRONG> (Thumb, 62 bytes, Stack size 0 bytes, usr_gpio.o(i.Usr_GPIO_MainLoop))
<BR><BR>[Called By]<UL><LI><a href="#[26]">&gt;&gt;</a>&nbsp;&nbsp;&nbsp;main
</UL>

<P><STRONG><a name="[7a]"></a>Usr_I2C20_InitSetup</STRONG> (Thumb, 8 bytes, Stack size 8 bytes, usr_i2c.o(i.Usr_I2C20_InitSetup))
<BR><BR>[Stack]<UL><LI>Max Depth = 16<LI>Call Chain = Usr_I2C20_InitSetup &rArr; IIC01_Init
</UL>
<BR>[Calls]<UL><LI><a href="#[7b]">&gt;&gt;</a>&nbsp;&nbsp;&nbsp;IIC01_Init
</UL>
<BR>[Called By]<UL><LI><a href="#[26]">&gt;&gt;</a>&nbsp;&nbsp;&nbsp;main
</UL>

<P><STRONG><a name="[7c]"></a>Usr_I2C20_MainLoop</STRONG> (Thumb, 74 bytes, Stack size 16 bytes, usr_i2c.o(i.Usr_I2C20_MainLoop))
<BR><BR>[Stack]<UL><LI>Max Depth = 48<LI>Call Chain = Usr_I2C20_MainLoop &rArr; IIC01_MasterSend &rArr; IIC01_StartCondition
</UL>
<BR>[Calls]<UL><LI><a href="#[3a]">&gt;&gt;</a>&nbsp;&nbsp;&nbsp;IIC01_MasterSend
<LI><a href="#[37]">&gt;&gt;</a>&nbsp;&nbsp;&nbsp;IIC01_MasterReceive
<LI><a href="#[7d]">&gt;&gt;</a>&nbsp;&nbsp;&nbsp;__2printf
</UL>
<BR>[Called By]<UL><LI><a href="#[26]">&gt;&gt;</a>&nbsp;&nbsp;&nbsp;main
</UL>

<P><STRONG><a name="[88]"></a>Usr_UART1_Send</STRONG> (Thumb, 18 bytes, Stack size 0 bytes, usr_uart.o(i.Usr_UART1_Send))
<BR><BR>[Called By]<UL><LI><a href="#[29]">&gt;&gt;</a>&nbsp;&nbsp;&nbsp;fputc
</UL>

<P><STRONG><a name="[83]"></a>Usr_Uart_Echo</STRONG> (Thumb, 384 bytes, Stack size 20 bytes, usr_uart.o(i.Usr_Uart_Echo))
<BR><BR>[Stack]<UL><LI>Max Depth = 20<LI>Call Chain = Usr_Uart_Echo
</UL>
<BR>[Called By]<UL><LI><a href="#[82]">&gt;&gt;</a>&nbsp;&nbsp;&nbsp;Usr_Uart_MainLoop
</UL>

<P><STRONG><a name="[7e]"></a>Usr_Uart_Init</STRONG> (Thumb, 162 bytes, Stack size 16 bytes, usr_uart.o(i.Usr_Uart_Init))
<BR><BR>[Stack]<UL><LI>Max Depth = 116<LI>Call Chain = Usr_Uart_Init &rArr; UART2_Init &rArr; UART2_BaudRate &rArr; UART_BaudRateCal &rArr; __aeabi_uidivmod
</UL>
<BR>[Calls]<UL><LI><a href="#[75]">&gt;&gt;</a>&nbsp;&nbsp;&nbsp;UART2_Init
<LI><a href="#[72]">&gt;&gt;</a>&nbsp;&nbsp;&nbsp;UART1_Init
<LI><a href="#[70]">&gt;&gt;</a>&nbsp;&nbsp;&nbsp;UART0_Init
<LI><a href="#[80]">&gt;&gt;</a>&nbsp;&nbsp;&nbsp;NVIC_EnableIRQ
<LI><a href="#[7f]">&gt;&gt;</a>&nbsp;&nbsp;&nbsp;NVIC_ClearPendingIRQ
</UL>
<BR>[Called By]<UL><LI><a href="#[81]">&gt;&gt;</a>&nbsp;&nbsp;&nbsp;Usr_Uart_InitSetup
</UL>

<P><STRONG><a name="[81]"></a>Usr_Uart_InitSetup</STRONG> (Thumb, 20 bytes, Stack size 8 bytes, usr_uart.o(i.Usr_Uart_InitSetup))
<BR><BR>[Stack]<UL><LI>Max Depth = 124<LI>Call Chain = Usr_Uart_InitSetup &rArr; Usr_Uart_Init &rArr; UART2_Init &rArr; UART2_BaudRate &rArr; UART_BaudRateCal &rArr; __aeabi_uidivmod
</UL>
<BR>[Calls]<UL><LI><a href="#[7e]">&gt;&gt;</a>&nbsp;&nbsp;&nbsp;Usr_Uart_Init
</UL>
<BR>[Called By]<UL><LI><a href="#[26]">&gt;&gt;</a>&nbsp;&nbsp;&nbsp;main
</UL>

<P><STRONG><a name="[82]"></a>Usr_Uart_MainLoop</STRONG> (Thumb, 10 bytes, Stack size 4 bytes, usr_uart.o(i.Usr_Uart_MainLoop))
<BR><BR>[Stack]<UL><LI>Max Depth = 24<LI>Call Chain = Usr_Uart_MainLoop &rArr; Usr_Uart_Echo
</UL>
<BR>[Calls]<UL><LI><a href="#[83]">&gt;&gt;</a>&nbsp;&nbsp;&nbsp;Usr_Uart_Echo
</UL>
<BR>[Called By]<UL><LI><a href="#[26]">&gt;&gt;</a>&nbsp;&nbsp;&nbsp;main
</UL>

<P><STRONG><a name="[84]"></a>__0printf$8</STRONG> (Thumb, 24 bytes, Stack size 24 bytes, printf8.o(i.__0printf$8), UNUSED)
<BR><BR>[Calls]<UL><LI><a href="#[85]">&gt;&gt;</a>&nbsp;&nbsp;&nbsp;_printf_core
</UL>

<P><STRONG><a name="[a6]"></a>__1printf$8</STRONG> (Thumb, 0 bytes, Stack size 24 bytes, printf8.o(i.__0printf$8), UNUSED)

<P><STRONG><a name="[7d]"></a>__2printf</STRONG> (Thumb, 0 bytes, Stack size 24 bytes, printf8.o(i.__0printf$8))
<BR><BR>[Stack]<UL><LI>Max Depth = 24<LI>Call Chain = __2printf
</UL>
<BR>[Called By]<UL><LI><a href="#[7c]">&gt;&gt;</a>&nbsp;&nbsp;&nbsp;Usr_I2C20_MainLoop
<LI><a href="#[26]">&gt;&gt;</a>&nbsp;&nbsp;&nbsp;main
</UL>

<P><STRONG><a name="[36]"></a>__ARM_common_switch8</STRONG> (Thumb, 26 bytes, Stack size 8 bytes, gpio.o(i.__ARM_common_switch8))
<BR><BR>[Stack]<UL><LI>Max Depth = 8<LI>Call Chain = __ARM_common_switch8
</UL>
<BR>[Called By]<UL><LI><a href="#[6c]">&gt;&gt;</a>&nbsp;&nbsp;&nbsp;PORT_Init
<LI><a href="#[35]">&gt;&gt;</a>&nbsp;&nbsp;&nbsp;CLK_GetCoreFreq
</UL>

<P><STRONG><a name="[a7]"></a>__scatterload_copy</STRONG> (Thumb, 14 bytes, Stack size unknown bytes, handlers.o(i.__scatterload_copy), UNUSED)

<P><STRONG><a name="[a8]"></a>__scatterload_null</STRONG> (Thumb, 2 bytes, Stack size unknown bytes, handlers.o(i.__scatterload_null), UNUSED)

<P><STRONG><a name="[a9]"></a>__scatterload_zeroinit</STRONG> (Thumb, 14 bytes, Stack size unknown bytes, handlers.o(i.__scatterload_zeroinit), UNUSED)

<P><STRONG><a name="[5a]"></a>adc_interrupt</STRONG> (Thumb, 8 bytes, Stack size 0 bytes, isr_bat32a237.o(i.adc_interrupt))
<BR><BR>[Called By]<UL><LI><a href="#[1b]">&gt;&gt;</a>&nbsp;&nbsp;&nbsp;IRQ21_Handler
</UL>

<P><STRONG><a name="[5f]"></a>cmp0_interrupt</STRONG> (Thumb, 8 bytes, Stack size 0 bytes, isr_bat32a237.o(i.cmp0_interrupt))
<BR><BR>[Called By]<UL><LI><a href="#[1e]">&gt;&gt;</a>&nbsp;&nbsp;&nbsp;IRQ24_Handler
</UL>

<P><STRONG><a name="[61]"></a>cmp1_interrupt</STRONG> (Thumb, 8 bytes, Stack size 0 bytes, isr_bat32a237.o(i.cmp1_interrupt))
<BR><BR>[Called By]<UL><LI><a href="#[1f]">&gt;&gt;</a>&nbsp;&nbsp;&nbsp;IRQ25_Handler
</UL>

<P><STRONG><a name="[55]"></a>div_interrupt</STRONG> (Thumb, 8 bytes, Stack size 0 bytes, isr_bat32a237.o(i.div_interrupt))
<BR><BR>[Called By]<UL><LI><a href="#[16]">&gt;&gt;</a>&nbsp;&nbsp;&nbsp;IRQ16_Handler
</UL>

<P><STRONG><a name="[68]"></a>flash_interrupt</STRONG> (Thumb, 8 bytes, Stack size 0 bytes, isr_bat32a237.o(i.flash_interrupt))
<BR><BR>[Called By]<UL><LI><a href="#[25]">&gt;&gt;</a>&nbsp;&nbsp;&nbsp;IRQ31_Handler
</UL>

<P><STRONG><a name="[29]"></a>fputc</STRONG> (Thumb, 22 bytes, Stack size 8 bytes, retarget.o(i.fputc))
<BR><BR>[Stack]<UL><LI>Max Depth = 8<LI>Call Chain = fputc
</UL>
<BR>[Calls]<UL><LI><a href="#[88]">&gt;&gt;</a>&nbsp;&nbsp;&nbsp;Usr_UART1_Send
</UL>
<BR>[Address Reference Count : 1]<UL><LI> printf8.o(i.__0printf$8)
</UL>
<P><STRONG><a name="[4c]"></a>iic00_interrupt</STRONG> (Thumb, 224 bytes, Stack size 24 bytes, sci_user.o(i.iic00_interrupt))
<BR><BR>[Stack]<UL><LI>Max Depth = 36<LI>Call Chain = iic00_interrupt &rArr; IIC00_StopCondition
</UL>
<BR>[Calls]<UL><LI><a href="#[89]">&gt;&gt;</a>&nbsp;&nbsp;&nbsp;IIC00_StopCondition
<LI><a href="#[8a]">&gt;&gt;</a>&nbsp;&nbsp;&nbsp;IIC00_Stop
</UL>
<BR>[Called By]<UL><LI><a href="#[10]">&gt;&gt;</a>&nbsp;&nbsp;&nbsp;IRQ10_Handler
</UL>

<P><STRONG><a name="[4d]"></a>iic01_interrupt</STRONG> (Thumb, 228 bytes, Stack size 24 bytes, sci_user.o(i.iic01_interrupt))
<BR><BR>[Stack]<UL><LI>Max Depth = 32<LI>Call Chain = iic01_interrupt &rArr; IIC01_StopCondition
</UL>
<BR>[Calls]<UL><LI><a href="#[8b]">&gt;&gt;</a>&nbsp;&nbsp;&nbsp;IIC01_StopCondition
<LI><a href="#[8c]">&gt;&gt;</a>&nbsp;&nbsp;&nbsp;IIC01_Stop
</UL>
<BR>[Called By]<UL><LI><a href="#[11]">&gt;&gt;</a>&nbsp;&nbsp;&nbsp;IRQ11_Handler
</UL>

<P><STRONG><a name="[48]"></a>iic20_interrupt</STRONG> (Thumb, 224 bytes, Stack size 24 bytes, sci_user.o(i.iic20_interrupt))
<BR><BR>[Stack]<UL><LI>Max Depth = 36<LI>Call Chain = iic20_interrupt &rArr; IIC20_StopCondition
</UL>
<BR>[Calls]<UL><LI><a href="#[8d]">&gt;&gt;</a>&nbsp;&nbsp;&nbsp;IIC20_StopCondition
<LI><a href="#[8e]">&gt;&gt;</a>&nbsp;&nbsp;&nbsp;IIC20_Stop
</UL>
<BR>[Called By]<UL><LI><a href="#[d]">&gt;&gt;</a>&nbsp;&nbsp;&nbsp;IRQ07_Handler
</UL>

<P><STRONG><a name="[49]"></a>iic21_interrupt</STRONG> (Thumb, 230 bytes, Stack size 24 bytes, sci_user.o(i.iic21_interrupt))
<BR><BR>[Stack]<UL><LI>Max Depth = 32<LI>Call Chain = iic21_interrupt &rArr; IIC21_StopCondition
</UL>
<BR>[Calls]<UL><LI><a href="#[8f]">&gt;&gt;</a>&nbsp;&nbsp;&nbsp;IIC21_StopCondition
<LI><a href="#[90]">&gt;&gt;</a>&nbsp;&nbsp;&nbsp;IIC21_Stop
</UL>
<BR>[Called By]<UL><LI><a href="#[e]">&gt;&gt;</a>&nbsp;&nbsp;&nbsp;IRQ08_Handler
</UL>

<P><STRONG><a name="[54]"></a>iica0_interrupt</STRONG> (Thumb, 32 bytes, Stack size 8 bytes, iica_user.o(i.iica0_interrupt))
<BR><BR>[Stack]<UL><LI>Max Depth = 32<LI>Call Chain = iica0_interrupt &rArr; iica0_slavehandler
</UL>
<BR>[Calls]<UL><LI><a href="#[93]">&gt;&gt;</a>&nbsp;&nbsp;&nbsp;iica0_slavehandler
<LI><a href="#[92]">&gt;&gt;</a>&nbsp;&nbsp;&nbsp;iica0_masterhandler
<LI><a href="#[91]">&gt;&gt;</a>&nbsp;&nbsp;&nbsp;IICA0_Clear_Wakeup
</UL>
<BR>[Called By]<UL><LI><a href="#[16]">&gt;&gt;</a>&nbsp;&nbsp;&nbsp;IRQ16_Handler
</UL>

<P><STRONG><a name="[3c]"></a>intp0_interrupt</STRONG> (Thumb, 8 bytes, Stack size 0 bytes, isr_bat32a237.o(i.intp0_interrupt))
<BR><BR>[Called By]<UL><LI><a href="#[7]">&gt;&gt;</a>&nbsp;&nbsp;&nbsp;IRQ01_Handler
</UL>

<P><STRONG><a name="[45]"></a>intp10_interrupt</STRONG> (Thumb, 8 bytes, Stack size 0 bytes, isr_bat32a237.o(i.intp10_interrupt))
<BR><BR>[Called By]<UL><LI><a href="#[b]">&gt;&gt;</a>&nbsp;&nbsp;&nbsp;IRQ05_Handler
</UL>

<P><STRONG><a name="[47]"></a>intp11_interrupt</STRONG> (Thumb, 8 bytes, Stack size 0 bytes, isr_bat32a237.o(i.intp11_interrupt))
<BR><BR>[Called By]<UL><LI><a href="#[c]">&gt;&gt;</a>&nbsp;&nbsp;&nbsp;IRQ06_Handler
</UL>

<P><STRONG><a name="[3e]"></a>intp1_interrupt</STRONG> (Thumb, 8 bytes, Stack size 0 bytes, isr_bat32a237.o(i.intp1_interrupt))
<BR><BR>[Called By]<UL><LI><a href="#[8]">&gt;&gt;</a>&nbsp;&nbsp;&nbsp;IRQ02_Handler
</UL>

<P><STRONG><a name="[40]"></a>intp2_interrupt</STRONG> (Thumb, 8 bytes, Stack size 0 bytes, isr_bat32a237.o(i.intp2_interrupt))
<BR><BR>[Called By]<UL><LI><a href="#[9]">&gt;&gt;</a>&nbsp;&nbsp;&nbsp;IRQ03_Handler
</UL>

<P><STRONG><a name="[42]"></a>intp3_interrupt</STRONG> (Thumb, 8 bytes, Stack size 0 bytes, isr_bat32a237.o(i.intp3_interrupt))
<BR><BR>[Called By]<UL><LI><a href="#[a]">&gt;&gt;</a>&nbsp;&nbsp;&nbsp;IRQ04_Handler
</UL>

<P><STRONG><a name="[44]"></a>intp4_interrupt</STRONG> (Thumb, 8 bytes, Stack size 0 bytes, isr_bat32a237.o(i.intp4_interrupt))
<BR><BR>[Called By]<UL><LI><a href="#[b]">&gt;&gt;</a>&nbsp;&nbsp;&nbsp;IRQ05_Handler
</UL>

<P><STRONG><a name="[46]"></a>intp5_interrupt</STRONG> (Thumb, 8 bytes, Stack size 0 bytes, isr_bat32a237.o(i.intp5_interrupt))
<BR><BR>[Called By]<UL><LI><a href="#[c]">&gt;&gt;</a>&nbsp;&nbsp;&nbsp;IRQ06_Handler
</UL>

<P><STRONG><a name="[3d]"></a>intp6_interrupt</STRONG> (Thumb, 8 bytes, Stack size 0 bytes, isr_bat32a237.o(i.intp6_interrupt))
<BR><BR>[Called By]<UL><LI><a href="#[7]">&gt;&gt;</a>&nbsp;&nbsp;&nbsp;IRQ01_Handler
</UL>

<P><STRONG><a name="[3f]"></a>intp7_interrupt</STRONG> (Thumb, 8 bytes, Stack size 0 bytes, isr_bat32a237.o(i.intp7_interrupt))
<BR><BR>[Called By]<UL><LI><a href="#[8]">&gt;&gt;</a>&nbsp;&nbsp;&nbsp;IRQ02_Handler
</UL>

<P><STRONG><a name="[41]"></a>intp8_interrupt</STRONG> (Thumb, 8 bytes, Stack size 0 bytes, isr_bat32a237.o(i.intp8_interrupt))
<BR><BR>[Called By]<UL><LI><a href="#[9]">&gt;&gt;</a>&nbsp;&nbsp;&nbsp;IRQ03_Handler
</UL>

<P><STRONG><a name="[43]"></a>intp9_interrupt</STRONG> (Thumb, 8 bytes, Stack size 0 bytes, isr_bat32a237.o(i.intp9_interrupt))
<BR><BR>[Called By]<UL><LI><a href="#[a]">&gt;&gt;</a>&nbsp;&nbsp;&nbsp;IRQ04_Handler
</UL>

<P><STRONG><a name="[5c]"></a>it_interrupt</STRONG> (Thumb, 8 bytes, Stack size 0 bytes, isr_bat32a237.o(i.it_interrupt))
<BR><BR>[Called By]<UL><LI><a href="#[1c]">&gt;&gt;</a>&nbsp;&nbsp;&nbsp;IRQ22_Handler
</UL>

<P><STRONG><a name="[5d]"></a>key_interrupt</STRONG> (Thumb, 8 bytes, Stack size 0 bytes, isr_bat32a237.o(i.key_interrupt))
<BR><BR>[Called By]<UL><LI><a href="#[1d]">&gt;&gt;</a>&nbsp;&nbsp;&nbsp;IRQ23_Handler
</UL>

<P><STRONG><a name="[3b]"></a>lvi_interrupt</STRONG> (Thumb, 8 bytes, Stack size 0 bytes, isr_bat32a237.o(i.lvi_interrupt))
<BR><BR>[Called By]<UL><LI><a href="#[6]">&gt;&gt;</a>&nbsp;&nbsp;&nbsp;IRQ00_Handler
</UL>

<P><STRONG><a name="[26]"></a>main</STRONG> (Thumb, 122 bytes, Stack size 0 bytes, usr_main.o(i.main))
<BR><BR>[Stack]<UL><LI>Max Depth = 124<LI>Call Chain = main &rArr; Usr_Uart_InitSetup &rArr; Usr_Uart_Init &rArr; UART2_Init &rArr; UART2_BaudRate &rArr; UART_BaudRateCal &rArr; __aeabi_uidivmod
</UL>
<BR>[Calls]<UL><LI><a href="#[82]">&gt;&gt;</a>&nbsp;&nbsp;&nbsp;Usr_Uart_MainLoop
<LI><a href="#[81]">&gt;&gt;</a>&nbsp;&nbsp;&nbsp;Usr_Uart_InitSetup
<LI><a href="#[7c]">&gt;&gt;</a>&nbsp;&nbsp;&nbsp;Usr_I2C20_MainLoop
<LI><a href="#[7a]">&gt;&gt;</a>&nbsp;&nbsp;&nbsp;Usr_I2C20_InitSetup
<LI><a href="#[96]">&gt;&gt;</a>&nbsp;&nbsp;&nbsp;Usr_GPIO_MainLoop
<LI><a href="#[79]">&gt;&gt;</a>&nbsp;&nbsp;&nbsp;Usr_GPIO_InitSetup
<LI><a href="#[77]">&gt;&gt;</a>&nbsp;&nbsp;&nbsp;Uart_St_Init_s
<LI><a href="#[69]">&gt;&gt;</a>&nbsp;&nbsp;&nbsp;Mcu_Init
<LI><a href="#[7d]">&gt;&gt;</a>&nbsp;&nbsp;&nbsp;__2printf
<LI><a href="#[6b]">&gt;&gt;</a>&nbsp;&nbsp;&nbsp;__aeabi_uidivmod
</UL>
<BR>[Address Reference Count : 1]<UL><LI> entry9a.o(.ARM.Collect$$$$0000000B)
</UL>
<P><STRONG><a name="[5b]"></a>rtc_interrupt</STRONG> (Thumb, 8 bytes, Stack size 0 bytes, isr_bat32a237.o(i.rtc_interrupt))
<BR><BR>[Called By]<UL><LI><a href="#[1c]">&gt;&gt;</a>&nbsp;&nbsp;&nbsp;IRQ22_Handler
</UL>

<P><STRONG><a name="[4e]"></a>sre0_interrupt</STRONG> (Thumb, 8 bytes, Stack size 0 bytes, isr_bat32a237.o(i.sre0_interrupt))
<BR><BR>[Called By]<UL><LI><a href="#[12]">&gt;&gt;</a>&nbsp;&nbsp;&nbsp;IRQ12_Handler
</UL>

<P><STRONG><a name="[52]"></a>sre1_interrupt</STRONG> (Thumb, 8 bytes, Stack size 0 bytes, isr_bat32a237.o(i.sre1_interrupt))
<BR><BR>[Called By]<UL><LI><a href="#[15]">&gt;&gt;</a>&nbsp;&nbsp;&nbsp;IRQ15_Handler
</UL>

<P><STRONG><a name="[4a]"></a>sre2_interrupt</STRONG> (Thumb, 8 bytes, Stack size 0 bytes, isr_bat32a237.o(i.sre2_interrupt))
<BR><BR>[Called By]<UL><LI><a href="#[f]">&gt;&gt;</a>&nbsp;&nbsp;&nbsp;IRQ09_Handler
</UL>

<P><STRONG><a name="[4f]"></a>tm01h_interrupt</STRONG> (Thumb, 8 bytes, Stack size 0 bytes, isr_bat32a237.o(i.tm01h_interrupt))
<BR><BR>[Called By]<UL><LI><a href="#[12]">&gt;&gt;</a>&nbsp;&nbsp;&nbsp;IRQ12_Handler
</UL>

<P><STRONG><a name="[53]"></a>tm03h_interrupt</STRONG> (Thumb, 8 bytes, Stack size 0 bytes, isr_bat32a237.o(i.tm03h_interrupt))
<BR><BR>[Called By]<UL><LI><a href="#[15]">&gt;&gt;</a>&nbsp;&nbsp;&nbsp;IRQ15_Handler
</UL>

<P><STRONG><a name="[56]"></a>tm40_channel0_interrupt</STRONG> (Thumb, 8 bytes, Stack size 0 bytes, isr_bat32a237.o(i.tm40_channel0_interrupt))
<BR><BR>[Called By]<UL><LI><a href="#[17]">&gt;&gt;</a>&nbsp;&nbsp;&nbsp;IRQ17_Handler
</UL>

<P><STRONG><a name="[57]"></a>tm40_channel1_interrupt</STRONG> (Thumb, 8 bytes, Stack size 0 bytes, isr_bat32a237.o(i.tm40_channel1_interrupt))
<BR><BR>[Called By]<UL><LI><a href="#[18]">&gt;&gt;</a>&nbsp;&nbsp;&nbsp;IRQ18_Handler
</UL>

<P><STRONG><a name="[58]"></a>tm40_channel2_interrupt</STRONG> (Thumb, 8 bytes, Stack size 0 bytes, isr_bat32a237.o(i.tm40_channel2_interrupt))
<BR><BR>[Called By]<UL><LI><a href="#[19]">&gt;&gt;</a>&nbsp;&nbsp;&nbsp;IRQ19_Handler
</UL>

<P><STRONG><a name="[59]"></a>tm40_channel3_interrupt</STRONG> (Thumb, 8 bytes, Stack size 0 bytes, isr_bat32a237.o(i.tm40_channel3_interrupt))
<BR><BR>[Called By]<UL><LI><a href="#[1a]">&gt;&gt;</a>&nbsp;&nbsp;&nbsp;IRQ20_Handler
</UL>

<P><STRONG><a name="[63]"></a>tma0_interrupt</STRONG> (Thumb, 8 bytes, Stack size 0 bytes, isr_bat32a237.o(i.tma0_interrupt))
<BR><BR>[Called By]<UL><LI><a href="#[20]">&gt;&gt;</a>&nbsp;&nbsp;&nbsp;IRQ26_Handler
</UL>

<P><STRONG><a name="[66]"></a>tmb0_interrupt</STRONG> (Thumb, 8 bytes, Stack size 0 bytes, isr_bat32a237.o(i.tmb0_interrupt))
<BR><BR>[Called By]<UL><LI><a href="#[23]">&gt;&gt;</a>&nbsp;&nbsp;&nbsp;IRQ29_Handler
</UL>

<P><STRONG><a name="[67]"></a>tmc_interrupt</STRONG> (Thumb, 8 bytes, Stack size 0 bytes, isr_bat32a237.o(i.tmc_interrupt))
<BR><BR>[Called By]<UL><LI><a href="#[24]">&gt;&gt;</a>&nbsp;&nbsp;&nbsp;IRQ30_Handler
</UL>

<P><STRONG><a name="[64]"></a>tmm0_interrupt</STRONG> (Thumb, 8 bytes, Stack size 0 bytes, isr_bat32a237.o(i.tmm0_interrupt))
<BR><BR>[Called By]<UL><LI><a href="#[21]">&gt;&gt;</a>&nbsp;&nbsp;&nbsp;IRQ27_Handler
</UL>

<P><STRONG><a name="[65]"></a>tmm1_interrupt</STRONG> (Thumb, 8 bytes, Stack size 0 bytes, isr_bat32a237.o(i.tmm1_interrupt))
<BR><BR>[Called By]<UL><LI><a href="#[22]">&gt;&gt;</a>&nbsp;&nbsp;&nbsp;IRQ28_Handler
</UL>

<P><STRONG><a name="[51]"></a>uart1_interrupt_receive</STRONG> (Thumb, 84 bytes, Stack size 16 bytes, sci_user.o(i.uart1_interrupt_receive))
<BR><BR>[Stack]<UL><LI>Max Depth = 16<LI>Call Chain = uart1_interrupt_receive
</UL>
<BR>[Called By]<UL><LI><a href="#[14]">&gt;&gt;</a>&nbsp;&nbsp;&nbsp;IRQ14_Handler
</UL>

<P><STRONG><a name="[50]"></a>uart1_interrupt_send</STRONG> (Thumb, 38 bytes, Stack size 8 bytes, sci_user.o(i.uart1_interrupt_send))
<BR><BR>[Stack]<UL><LI>Max Depth = 8<LI>Call Chain = uart1_interrupt_send
</UL>
<BR>[Called By]<UL><LI><a href="#[13]">&gt;&gt;</a>&nbsp;&nbsp;&nbsp;IRQ13_Handler
</UL>

<P><STRONG><a name="[2c]"></a>vTaskSwitchContext</STRONG> (Thumb, 78 bytes, Stack size 8 bytes, tasks.o(i.vTaskSwitchContext))
<BR><BR>[Stack]<UL><LI>Max Depth = 8<LI>Call Chain = vTaskSwitchContext
</UL>
<BR>[Called By]<UL><LI><a href="#[4]">&gt;&gt;</a>&nbsp;&nbsp;&nbsp;PendSV_Handler
</UL>
<P>
<H3>
Local Symbols
</H3>
<P><STRONG><a name="[39]"></a>NVIC_ClearPendingIRQ</STRONG> (Thumb, 14 bytes, Stack size 0 bytes, sci.o(i.NVIC_ClearPendingIRQ))
<BR><BR>[Called By]<UL><LI><a href="#[3a]">&gt;&gt;</a>&nbsp;&nbsp;&nbsp;IIC01_MasterSend
<LI><a href="#[37]">&gt;&gt;</a>&nbsp;&nbsp;&nbsp;IIC01_MasterReceive
<LI><a href="#[76]">&gt;&gt;</a>&nbsp;&nbsp;&nbsp;UART2_Start
<LI><a href="#[73]">&gt;&gt;</a>&nbsp;&nbsp;&nbsp;UART1_Start
</UL>

<P><STRONG><a name="[94]"></a>iica0_callback_master_sendend</STRONG> (Thumb, 24 bytes, Stack size 0 bytes, iica_user.o(i.iica0_callback_master_sendend))
<BR><BR>[Called By]<UL><LI><a href="#[92]">&gt;&gt;</a>&nbsp;&nbsp;&nbsp;iica0_masterhandler
</UL>

<P><STRONG><a name="[95]"></a>iica0_callback_slave_error</STRONG> (Thumb, 12 bytes, Stack size 0 bytes, iica_user.o(i.iica0_callback_slave_error))
<BR><BR>[Called By]<UL><LI><a href="#[93]">&gt;&gt;</a>&nbsp;&nbsp;&nbsp;iica0_slavehandler
</UL>

<P><STRONG><a name="[92]"></a>iica0_masterhandler</STRONG> (Thumb, 230 bytes, Stack size 24 bytes, iica_user.o(i.iica0_masterhandler))
<BR><BR>[Stack]<UL><LI>Max Depth = 24<LI>Call Chain = iica0_masterhandler
</UL>
<BR>[Calls]<UL><LI><a href="#[94]">&gt;&gt;</a>&nbsp;&nbsp;&nbsp;iica0_callback_master_sendend
</UL>
<BR>[Called By]<UL><LI><a href="#[54]">&gt;&gt;</a>&nbsp;&nbsp;&nbsp;iica0_interrupt
</UL>

<P><STRONG><a name="[93]"></a>iica0_slavehandler</STRONG> (Thumb, 274 bytes, Stack size 24 bytes, iica_user.o(i.iica0_slavehandler))
<BR><BR>[Stack]<UL><LI>Max Depth = 24<LI>Call Chain = iica0_slavehandler
</UL>
<BR>[Calls]<UL><LI><a href="#[95]">&gt;&gt;</a>&nbsp;&nbsp;&nbsp;iica0_callback_slave_error
</UL>
<BR>[Called By]<UL><LI><a href="#[54]">&gt;&gt;</a>&nbsp;&nbsp;&nbsp;iica0_interrupt
</UL>

<P><STRONG><a name="[7f]"></a>NVIC_ClearPendingIRQ</STRONG> (Thumb, 14 bytes, Stack size 0 bytes, usr_uart.o(i.NVIC_ClearPendingIRQ))
<BR><BR>[Called By]<UL><LI><a href="#[7e]">&gt;&gt;</a>&nbsp;&nbsp;&nbsp;Usr_Uart_Init
</UL>

<P><STRONG><a name="[80]"></a>NVIC_EnableIRQ</STRONG> (Thumb, 14 bytes, Stack size 0 bytes, usr_uart.o(i.NVIC_EnableIRQ))
<BR><BR>[Called By]<UL><LI><a href="#[7e]">&gt;&gt;</a>&nbsp;&nbsp;&nbsp;Usr_Uart_Init
</UL>

<P><STRONG><a name="[85]"></a>_printf_core</STRONG> (Thumb, 1020 bytes, Stack size 104 bytes, printf8.o(i._printf_core), UNUSED)
<BR><BR>[Calls]<UL><LI><a href="#[31]">&gt;&gt;</a>&nbsp;&nbsp;&nbsp;__aeabi_uldivmod
<LI><a href="#[86]">&gt;&gt;</a>&nbsp;&nbsp;&nbsp;_printf_pre_padding
<LI><a href="#[87]">&gt;&gt;</a>&nbsp;&nbsp;&nbsp;_printf_post_padding
</UL>
<BR>[Called By]<UL><LI><a href="#[84]">&gt;&gt;</a>&nbsp;&nbsp;&nbsp;__0printf$8
</UL>

<P><STRONG><a name="[87]"></a>_printf_post_padding</STRONG> (Thumb, 32 bytes, Stack size 24 bytes, printf8.o(i._printf_post_padding), UNUSED)
<BR><BR>[Called By]<UL><LI><a href="#[85]">&gt;&gt;</a>&nbsp;&nbsp;&nbsp;_printf_core
</UL>

<P><STRONG><a name="[86]"></a>_printf_pre_padding</STRONG> (Thumb, 44 bytes, Stack size 40 bytes, printf8.o(i._printf_pre_padding), UNUSED)
<BR><BR>[Called By]<UL><LI><a href="#[85]">&gt;&gt;</a>&nbsp;&nbsp;&nbsp;_printf_core
</UL>
<P>
<H3>
Undefined Global Symbols
</H3><HR></body></html>
