<html>
<body>
<pre>
<h1>µVision Build Log</h1>
<h2>Tool Versions:</h2>
IDE-Version: ¦ÌVision V5.15
Copyright (C) 2015 ARM Ltd and ARM Germany GmbH. All rights reserved.
License Information: abc Lilu, HP Inc., LIC=JL28G-V0NXH-WFTI7-EMGTQ-IHFEA-ZV8D3
 
Tool Versions:
Toolchain:       MDK-ARM Standard  Version: 5.15.0
Toolchain Path:  C:\Keil_v5\ARM\ARMCC\Bin
C Compiler:      Armcc.exe V5.05 update 2 (build 169)
Assembler:       Armasm.exe V5.05 update 2 (build 169)
Linker/Locator:  ArmLink.exe V5.05 update 2 (build 169)
Library Manager: ArmAr.exe V5.05 update 2 (build 169)
Hex Converter:   FromElf.exe V5.05 update 2 (build 169)
CPU DLL:         SARMCM3.DLL V5.15.0
Dialog DLL:      DARMCM1.DLL V1.12.0.0
Target DLL:      CMSIS_AGDI.dll V1.21.12.0
Dialog DLL:      TARMCM1.DLL V1.9.0.0
 
<h2>Project:</h2>
D:\M14D\PersonalProject\MCU_SystemSoftware\Rtos_Project_Folder\BAT32_FreeRtos_Project\BAT32_FreeRTOS_Proj.uvprojx
Project File Date:  02/07/2025

<h2>Output:</h2>
*** Using Compiler 'V5.05 update 2 (build 169)', folder: 'C:\Keil_v5\ARM\ARMCC\Bin'
Rebuild target 'BAT32_FreeRTOS'
compiling gpio.c...
compiling sci.c...
compiling sci_user.c...
SourceCode\CMS_SDK_1D0D5\Driver\src\sci_user.c(310): warning:  #177-D: function "uart0_callback_receiveend" was declared but never referenced
  static void uart0_callback_receiveend(void)
SourceCode\CMS_SDK_1D0D5\Driver\src\sci_user.c(321): warning:  #177-D: function "uart0_callback_softwareoverrun" was declared but never referenced
  static void uart0_callback_softwareoverrun(uint16_t rx_data)
SourceCode\CMS_SDK_1D0D5\Driver\src\sci_user.c(332): warning:  #177-D: function "uart0_callback_sendend" was declared but never referenced
  static void uart0_callback_sendend(void)
SourceCode\CMS_SDK_1D0D5\Driver\src\sci_user.c: 3 warnings, 0 errors
compiling retarget.c...
compiling iica.c...
compiling iica_user.c...
compiling tima.c...
compiling tima_user.c...
compiling croutine.c...
compiling event_groups.c...
compiling list.c...
compiling queue.c...
compiling stream_buffer.c...
compiling tasks.c...
compiling timers.c...
compiling port.c...
compiling heap_4.c...
compiling mbrtu.c...
SourceCode\FreeModbus\modbus\rtu\mbrtu.c(161): warning:  #550-D: variable "xFrameReceived" was set but never used
      BOOL            xFrameReceived = FALSE;
SourceCode\FreeModbus\modbus\rtu\mbrtu.c: 1 warning, 0 errors
compiling mbcrc.c...
compiling mbfunccoils.c...
compiling mbfuncdiag.c...
compiling mbfuncdisc.c...
compiling mbfuncholding.c...
compiling mbfuncinput.c...
compiling mbfuncother.c...
compiling mbutils.c...
compiling portevent.c...
compiling portserial.c...
SourceCode\FreeModbus\BARE\port\portserial.c(140): warning:  #177-D: function "prvvUARTTxReadyISR" was declared but never referenced
  static void prvvUARTTxReadyISR( void )
SourceCode\FreeModbus\BARE\port\portserial.c(150): warning:  #177-D: function "prvvUARTRxISR" was declared but never referenced
  static void prvvUARTRxISR( void )
SourceCode\FreeModbus\BARE\port\portserial.c: 2 warnings, 0 errors
compiling porttimer.c...
compiling mb.c...
compiling mb_demo.c...
SourceCode\FreeModbus\BARE\mb_demo.c(50): warning:  #550-D: variable "eStatus" was set but never used
      eMBErrorCode    eStatus;
SourceCode\FreeModbus\BARE\mb_demo.c(266): warning:  #223-D: function "Usr_Read_All_Reg" declared implicitly
                      Usr_Read_All_Reg();
SourceCode\FreeModbus\BARE\mb_demo.c(267): warning:  #223-D: function "Usr_Read_All_CM" declared implicitly
                      Usr_Read_All_CM();
SourceCode\FreeModbus\BARE\mb_demo.c(272): warning:  #223-D: function "Usr_E703_CRC" declared implicitly
                          crc16 = Usr_E703_CRC(16,0x8005,0xFFFF,(uint16_t*)Buff_U8,(DEF_CM_DATA_NUM-1)*16);
SourceCode\FreeModbus\BARE\mb_demo.c(277): warning:  #223-D: function "Usr_E703_UnlockReg" declared implicitly
                          Usr_E703_UnlockReg();
SourceCode\FreeModbus\BARE\mb_demo.c(278): warning:  #223-D: function "Usr_E703_UnlockCMUsr" declared implicitly
                          Usr_E703_UnlockCMUsr();
SourceCode\FreeModbus\BARE\mb_demo.c(282): warning:  #223-D: function "Usr_E703_LockCMUsr" declared implicitly
                          Usr_E703_LockCMUsr();
SourceCode\FreeModbus\BARE\mb_demo.c(283): warning:  #223-D: function "Usr_E703_LockReg" declared implicitly
                          Usr_E703_LockReg();
SourceCode\FreeModbus\BARE\mb_demo.c(184): warning:  #177-D: variable "ma" was declared but never referenced
          uint16_t ma;
SourceCode\FreeModbus\BARE\mb_demo.c: 9 warnings, 0 errors
compiling Usr_Main.c...
SourceCode\UsrCode\Usr_Main.c(181): warning:  #223-D: function "Usr_E703_LockCMFCT" declared implicitly
                      Usr_E703_LockCMFCT();
SourceCode\UsrCode\Usr_Main.c(182): warning:  #223-D: function "Usr_E703_LockCMUsr" declared implicitly
                      Usr_E703_LockCMUsr();
SourceCode\UsrCode\Usr_Main.c(183): warning:  #223-D: function "Usr_E703_LockReg" declared implicitly
                      Usr_E703_LockReg();
SourceCode\UsrCode\Usr_Main.c: 3 warnings, 0 errors
compiling Usr_TempCode.c...
compiling Usr_GPIO.c...
compiling Usr_Interrupt.c...
compiling Usr_Uart.c...
compiling Usr_Task.c...
compiling Usr_I2C.c...
compiling Usr_I2CA_Task.c...
compiling Usr_Soft_I2C.c...
compiling Usr_ExtSens.c...
compiling Usr_CRC.c...
compiling Usr_E703.c...
SourceCode\UsrCode\Usr_E703.c(1627): warning:  #550-D: variable "tmp_crc8" was set but never used
      uint8_t tmp_crc8;
SourceCode\UsrCode\Usr_E703.c(1628): warning:  #550-D: variable "tmp_crc16" was set but never used
      uint16_t tmp_crc16;
SourceCode\UsrCode\Usr_E703.c(1630): warning:  #550-D: variable "cm_crc" was set but never used
      uint16_t cm_crc;
SourceCode\UsrCode\Usr_E703.c(1843): warning:  #177-D: variable "i" was declared but never referenced
      unsigned char i;
SourceCode\UsrCode\Usr_E703.c: 4 warnings, 0 errors
compiling Usr_Modbus.c...
SourceCode\UsrCode\Usr_Modbus.c(83): warning:  #186-D: pointless comparison of unsigned integer with zero
          if((ei>=0x00)&&(ei<=0x1E))
SourceCode\UsrCode\Usr_Modbus.c(129): warning:  #186-D: pointless comparison of unsigned integer with zero
          if((ei>=0x00)&&(ei<=0x7E))
SourceCode\UsrCode\Usr_Modbus.c: 2 warnings, 0 errors
compiling isr_BAT32A237.c...
assembling startup_BAT32A237.s...
compiling system_BAT32A237.c...
linking...
Program Size: Code=20936 RO-data=1260 RW-data=744 ZI-data=5032  
FromELF: creating hex file...
".\Objects\BAT32_FreeRTOS_Proj.axf" - 0 Error(s), 24 Warning(s).

<h2>Software Packages used:</h2>

Package Vendor: ARM
                http://www.keil.com/pack/ARM.CMSIS.5.6.0.pack
                ARM::CMSIS:CORE:5.3.0
                CMSIS (Cortex Microcontroller Software Interface Standard)
   * Component: CORE Version: 5.3.0

Package Vendor: Cmsemicon
                http://www.mcu.com.cn/pack/Cmsemicon.BAT32A237.1.0.2.pack
                Cmsemicon::Device:ISR:1.0.0
                Cmsemicon BAT32A237 Device Family Pack
   * Component: ISR Version: 1.0.0
   * Component: Startup Version: 1.0.0

<h2>Collection of Component include folders:</h2>
  D:\M14D\PersonalProject\MCU_SystemSoftware\Rtos_Project_Folder\BAT32_FreeRtos_Project\RTE
  D:\M14D\PersonalProject\MCU_SystemSoftware\Rtos_Project_Folder\BAT32_FreeRtos_Project\RTE\Device\BAT32A237KH40NB
  C:\Keil_v5\ARM\PACK\ARM\CMSIS\5.6.0\CMSIS\Core\Include
  C:\Keil_v5\ARM\PACK\Cmsemicon\BAT32A237\1.0.2\Device\Include

<h2>Collection of Component Files used:</h2>

   * Component: ARM::CMSIS:CORE:5.3.0

   * Component: Cmsemicon::Device:ISR:1.0.0
      Source file:   Device\Source\isr_BAT32A237.c

   * Component: Cmsemicon::Device:Startup:1.0.0
      Source file:   Device\Source\system_BAT32A237.c
      Include file:  Device\Source\userdefine.h
      Source file:   Device\Source\ARM\startup_BAT32A237.s
</pre>
</body>
</html>
