Component: ARM Compiler 5.05 update 2 (build 169) Tool: armlink [4d0f33]

==============================================================================

Section Cross References

    gpio.o(i.PORT_Init) refers to gpio.o(i.__ARM_common_switch8) for __ARM_common_switch8
    sci.o(i.IIC00_MasterReceive) refers to sci.o(i.IIC00_StartCondition) for IIC00_StartCondition
    sci.o(i.IIC00_MasterReceive) refers to sci.o(i.NVIC_ClearPendingIRQ) for NVIC_ClearPendingIRQ
    sci.o(i.IIC00_MasterReceive) refers to sci.o(i.NVIC_SetPriority) for NVIC_SetPriority
    sci.o(i.IIC00_MasterReceive) refers to sci.o(.data) for g_iic00_master_status_flag
    sci.o(i.IIC00_MasterSend) refers to sci.o(i.IIC00_StartCondition) for IIC00_StartCondition
    sci.o(i.IIC00_MasterSend) refers to sci.o(i.NVIC_ClearPendingIRQ) for NVIC_ClearPendingIRQ
    sci.o(i.IIC00_MasterSend) refers to sci.o(i.NVIC_SetPriority) for NVIC_SetPriority
    sci.o(i.IIC00_MasterSend) refers to sci.o(.data) for g_iic00_master_status_flag
    sci.o(i.IIC00_StopCondition) refers to sci.o(.data) for g_iic00_master_status_flag
    sci.o(i.IIC01_MasterReceive) refers to sci.o(i.IIC01_StartCondition) for IIC01_StartCondition
    sci.o(i.IIC01_MasterReceive) refers to sci.o(i.NVIC_ClearPendingIRQ) for NVIC_ClearPendingIRQ
    sci.o(i.IIC01_MasterReceive) refers to sci.o(.data) for g_iic01_master_status_flag
    sci.o(i.IIC01_MasterSend) refers to sci.o(i.IIC01_StartCondition) for IIC01_StartCondition
    sci.o(i.IIC01_MasterSend) refers to sci.o(i.NVIC_ClearPendingIRQ) for NVIC_ClearPendingIRQ
    sci.o(i.IIC01_MasterSend) refers to sci.o(.data) for g_iic01_master_status_flag
    sci.o(i.IIC10_MasterReceive) refers to sci.o(i.IIC10_StartCondition) for IIC10_StartCondition
    sci.o(i.IIC10_MasterReceive) refers to sci.o(i.NVIC_ClearPendingIRQ) for NVIC_ClearPendingIRQ
    sci.o(i.IIC10_MasterReceive) refers to sci.o(i.NVIC_SetPriority) for NVIC_SetPriority
    sci.o(i.IIC10_MasterReceive) refers to sci.o(.data) for g_iic10_master_status_flag
    sci.o(i.IIC10_MasterSend) refers to sci.o(i.IIC10_StartCondition) for IIC10_StartCondition
    sci.o(i.IIC10_MasterSend) refers to sci.o(i.NVIC_ClearPendingIRQ) for NVIC_ClearPendingIRQ
    sci.o(i.IIC10_MasterSend) refers to sci.o(i.NVIC_SetPriority) for NVIC_SetPriority
    sci.o(i.IIC10_MasterSend) refers to sci.o(.data) for g_iic10_master_status_flag
    sci.o(i.IIC10_StopCondition) refers to sci.o(.data) for g_iic10_master_status_flag
    sci.o(i.IIC11_MasterReceive) refers to sci.o(i.IIC11_StartCondition) for IIC11_StartCondition
    sci.o(i.IIC11_MasterReceive) refers to sci.o(i.NVIC_ClearPendingIRQ) for NVIC_ClearPendingIRQ
    sci.o(i.IIC11_MasterReceive) refers to sci.o(.data) for g_iic11_master_status_flag
    sci.o(i.IIC11_MasterSend) refers to sci.o(i.IIC11_StartCondition) for IIC11_StartCondition
    sci.o(i.IIC11_MasterSend) refers to sci.o(i.NVIC_ClearPendingIRQ) for NVIC_ClearPendingIRQ
    sci.o(i.IIC11_MasterSend) refers to sci.o(.data) for g_iic11_master_status_flag
    sci.o(i.IIC20_MasterReceive) refers to sci.o(i.IIC20_StartCondition) for IIC20_StartCondition
    sci.o(i.IIC20_MasterReceive) refers to sci.o(i.NVIC_ClearPendingIRQ) for NVIC_ClearPendingIRQ
    sci.o(i.IIC20_MasterReceive) refers to sci.o(i.NVIC_SetPriority) for NVIC_SetPriority
    sci.o(i.IIC20_MasterReceive) refers to sci.o(.data) for g_iic20_master_status_flag
    sci.o(i.IIC20_MasterSend) refers to sci.o(i.IIC20_StartCondition) for IIC20_StartCondition
    sci.o(i.IIC20_MasterSend) refers to sci.o(i.NVIC_ClearPendingIRQ) for NVIC_ClearPendingIRQ
    sci.o(i.IIC20_MasterSend) refers to sci.o(i.NVIC_SetPriority) for NVIC_SetPriority
    sci.o(i.IIC20_MasterSend) refers to sci.o(.data) for g_iic20_master_status_flag
    sci.o(i.IIC20_StopCondition) refers to sci.o(.data) for g_iic20_master_status_flag
    sci.o(i.IIC21_MasterReceive) refers to sci.o(i.IIC21_StartCondition) for IIC21_StartCondition
    sci.o(i.IIC21_MasterReceive) refers to sci.o(i.NVIC_ClearPendingIRQ) for NVIC_ClearPendingIRQ
    sci.o(i.IIC21_MasterReceive) refers to sci.o(.data) for g_iic21_master_status_flag
    sci.o(i.IIC21_MasterSend) refers to sci.o(i.IIC21_StartCondition) for IIC21_StartCondition
    sci.o(i.IIC21_MasterSend) refers to sci.o(i.NVIC_ClearPendingIRQ) for NVIC_ClearPendingIRQ
    sci.o(i.IIC21_MasterSend) refers to sci.o(.data) for g_iic21_master_status_flag
    sci.o(i.SPI00_MasterReceive) refers to sci.o(i.SPI00_Start) for SPI00_Start
    sci.o(i.SPI00_MasterReceive) refers to sci.o(.data) for dummy_sio00
    sci.o(i.SPI00_MasterSend) refers to sci.o(i.SPI00_Start) for SPI00_Start
    sci.o(i.SPI00_MasterSend) refers to sci.o(.data) for g_spi00_tx_count
    sci.o(i.SPI00_MasterSendReceive) refers to sci.o(i.SPI00_Start) for SPI00_Start
    sci.o(i.SPI00_MasterSendReceive) refers to sci.o(.data) for g_spi00_rx_count
    sci.o(i.SPI00_SlaveReceive) refers to sci.o(i.SPI00_Start) for SPI00_Start
[...]
    Removing sci.o(i.SPI21_SlaveInit), (168 bytes).
    Removing sci.o(i.SPI21_SlaveReceive), (88 bytes).
    Removing sci.o(i.SPI21_SlaveSend), (104 bytes).
    Removing sci.o(i.SPI21_Start), (80 bytes).
    Removing sci.o(i.SPI21_Stop), (76 bytes).
    Removing sci.o(i.UART0_Receive), (28 bytes).
    Removing sci.o(i.UART1_Receive), (44 bytes).
    Removing sci.o(i.UART1_Stop), (60 bytes).
    Removing sci.o(i.UART2_Receive), (44 bytes).
    Removing sci.o(i.UART2_Stop), (68 bytes).
    Removing sci_user.o(.rev16_text), (4 bytes).
    Removing sci_user.o(.revsh_text), (4 bytes).
    Removing sci_user.o(i.iic00_callback_master_error), (2 bytes).
    Removing sci_user.o(i.iic00_callback_master_receiveend), (20 bytes).
    Removing sci_user.o(i.iic00_callback_master_sendend), (20 bytes).
    Removing sci_user.o(i.iic00_interrupt), (388 bytes).
    Removing sci_user.o(i.iic01_callback_master_error), (2 bytes).
    Removing sci_user.o(i.iic01_callback_master_receiveend), (20 bytes).
    Removing sci_user.o(i.iic01_callback_master_sendend), (20 bytes).
    Removing sci_user.o(i.iic01_interrupt), (388 bytes).
    Removing sci_user.o(i.spi00_callback_error), (2 bytes).
    Removing sci_user.o(i.spi00_callback_receiveend), (12 bytes).
    Removing sci_user.o(i.spi00_callback_sendend), (12 bytes).
    Removing sci_user.o(i.spi00_interrupt), (312 bytes).
    Removing sci_user.o(i.spi01_callback_error), (2 bytes).
    Removing sci_user.o(i.spi01_callback_receiveend), (20 bytes).
    Removing sci_user.o(i.spi01_callback_sendend), (20 bytes).
    Removing sci_user.o(i.spi01_interrupt), (312 bytes).
    Removing sci_user.o(i.spi20_callback_error), (2 bytes).
    Removing sci_user.o(i.spi20_callback_receiveend), (12 bytes).
    Removing sci_user.o(i.spi20_callback_sendend), (12 bytes).
    Removing sci_user.o(i.spi20_interrupt), (312 bytes).
    Removing sci_user.o(i.spi21_callback_error), (2 bytes).
    Removing sci_user.o(i.spi21_callback_receiveend), (12 bytes).
    Removing sci_user.o(i.spi21_callback_sendend), (12 bytes).
    Removing sci_user.o(i.spi21_interrupt), (312 bytes).
    Removing sci_user.o(i.uart0_callback_receiveend), (2 bytes).
    Removing sci_user.o(i.uart0_callback_softwareoverrun), (2 bytes).
    Removing sci_user.o(i.uart1_callback_error), (2 bytes).
    Removing sci_user.o(i.uart1_callback_receiveend), (2 bytes).
    Removing sci_user.o(i.uart1_callback_sendend), (2 bytes).
    Removing sci_user.o(i.uart1_callback_softwareoverrun), (2 bytes).
    Removing sci_user.o(i.uart1_interrupt_receive), (108 bytes).
    Removing sci_user.o(i.uart1_interrupt_send), (68 bytes).
    Removing sci_user.o(i.uart2_callback_error), (2 bytes).
    Removing sci_user.o(i.uart2_callback_receiveend), (2 bytes).
    Removing sci_user.o(i.uart2_callback_sendend), (2 bytes).
    Removing sci_user.o(i.uart2_callback_softwareoverrun), (2 bytes).
    Removing sci_user.o(i.uart2_interrupt_receive), (108 bytes).
    Removing sci_user.o(i.uart2_interrupt_send), (68 bytes).
    Removing usr_main.o(.rev16_text), (4 bytes).
    Removing usr_main.o(.revsh_text), (4 bytes).
    Removing usr_tempcode.o(.data), (20 bytes).
    Removing usr_gpio.o(.rev16_text), (4 bytes).
    Removing usr_gpio.o(.revsh_text), (4 bytes).
    Removing usr_interrupt.o(.rev16_text), (4 bytes).
    Removing usr_interrupt.o(.revsh_text), (4 bytes).
    Removing usr_uart.o(.rev16_text), (4 bytes).
    Removing usr_uart.o(.revsh_text), (4 bytes).
    Removing usr_uart.o(i.Usr_Uart_InitSetup), (112 bytes).
    Removing usr_uart.o(i.Usr_Uart_MainLoop), (68 bytes).
    Removing isr_bat32a237_1.o(.rev16_text), (4 bytes).
    Removing isr_bat32a237_1.o(.revsh_text), (4 bytes).
    Removing isr_bat32a237_1.o(i.iic00_interrupt), (12 bytes).
    Removing isr_bat32a237_1.o(i.iic01_interrupt), (12 bytes).
    Removing isr_bat32a237_1.o(i.iic10_interrupt), (12 bytes).
    Removing isr_bat32a237_1.o(i.iic11_interrupt), (12 bytes).
    Removing isr_bat32a237_1.o(i.iic20_interrupt), (12 bytes).
    Removing isr_bat32a237_1.o(i.iic21_interrupt), (12 bytes).
    Removing isr_bat32a237_1.o(i.spi00_interrupt), (12 bytes).
    Removing isr_bat32a237_1.o(i.spi01_interrupt), (12 bytes).
    Removing isr_bat32a237_1.o(i.spi10_interrupt), (12 bytes).
    Removing isr_bat32a237_1.o(i.spi11_interrupt), (12 bytes).
    Removing isr_bat32a237_1.o(i.spi20_interrupt), (12 bytes).
    Removing isr_bat32a237_1.o(i.spi21_interrupt), (12 bytes).
    Removing isr_bat32a237_1.o(i.uart0_interrupt_receive), (12 bytes).
    Removing isr_bat32a237_1.o(i.uart0_interrupt_send), (12 bytes).
    Removing isr_bat32a237_1.o(i.uart1_interrupt_receive), (12 bytes).
    Removing isr_bat32a237_1.o(i.uart1_interrupt_send), (12 bytes).
    Removing isr_bat32a237_1.o(i.uart2_interrupt_receive), (12 bytes).
    Removing isr_bat32a237_1.o(i.uart2_interrupt_send), (12 bytes).
    Removing system_bat32a237_1.o(.rev16_text), (4 bytes).
    Removing system_bat32a237_1.o(.revsh_text), (4 bytes).
    Removing system_bat32a237_1.o(i.CLK_GetHocoFreq), (64 bytes).

176 unused section(s) (total 15926 bytes) removed from the image.

==============================================================================

Image Symbol Table

    Local Symbols

    Symbol Name                              Value     Ov Type        Size  Object(Section)

    RESET                                    0x00000000   Section      192  startup_bat32a237_1.o(RESET)
    ../clib/../cmprslib/zerorunl2.c          0x00000000   Number         0  __dczerorl2.o ABSOLUTE
    ../clib/angel/boardlib.s                 0x00000000   Number         0  boardinit3.o ABSOLUTE
    ../clib/angel/boardlib.s                 0x00000000   Number         0  boardinit1.o ABSOLUTE
    ../clib/angel/boardlib.s                 0x00000000   Number         0  boardinit2.o ABSOLUTE
    ../clib/angel/boardlib.s                 0x00000000   Number         0  boardshut.o ABSOLUTE
    ../clib/angel/handlers.s                 0x00000000   Number         0  __scatter_zi.o ABSOLUTE
    ../clib/angel/kernel.s                   0x00000000   Number         0  __rtentry4.o ABSOLUTE
    ../clib/angel/kernel.s                   0x00000000   Number         0  rtexit.o ABSOLUTE
    ../clib/angel/kernel.s                   0x00000000   Number         0  __rtentry.o ABSOLUTE
    ../clib/angel/kernel.s                   0x00000000   Number         0  __rtentry2.o ABSOLUTE
    ../clib/angel/kernel.s                   0x00000000   Number         0  rtexit2.o ABSOLUTE
    ../clib/angel/rt.s                       0x00000000   Number         0  rt_div0.o ABSOLUTE
    ../clib/angel/rt.s                       0x00000000   Number         0  rt_raise.o ABSOLUTE
    ../clib/angel/rt.s                       0x00000000   Number         0  aeabi_idiv0.o ABSOLUTE
    ../clib/angel/rt.s                       0x00000000   Number         0  aeabi_idiv0_sigfpe.o ABSOLUTE
    ../clib/angel/scatterp.s                 0x00000000   Number         0  __scatter.o ABSOLUTE
    ../clib/angel/startup.s                  0x00000000   Number         0  __main.o ABSOLUTE
    ../clib/angel/sys.s                      0x00000000   Number         0  libspace.o ABSOLUTE
    ../clib/angel/sys.s                      0x00000000   Number         0  tempstk.o ABSOLUTE
    ../clib/angel/sys.s                      0x00000000   Number         0  indicate_semi.o ABSOLUTE
    ../clib/angel/sys.s                      0x00000000   Number         0  sys_stackheap_outer.o ABSOLUTE
    ../clib/angel/sys.s                      0x00000000   Number         0  use_no_semi.o ABSOLUTE
    ../clib/angel/sysapp.c                   0x00000000   Number         0  sys_command.o ABSOLUTE
    ../clib/angel/sysapp.c                   0x00000000   Number         0  sys_wrch.o ABSOLUTE
    ../clib/angel/sysapp.c                   0x00000000   Number         0  sys_exit.o ABSOLUTE
    ../clib/armsys.c                         0x00000000   Number         0  no_argv.o ABSOLUTE
    ../clib/armsys.c                         0x00000000   Number         0  _get_argv_nomalloc.o ABSOLUTE
    ../clib/armsys.c                         0x00000000   Number         0  argv_veneer.o ABSOLUTE
    ../clib/division.s                       0x00000000   Number         0  aeabi_sdiv_div0.o ABSOLUTE
    ../clib/division.s                       0x00000000   Number         0  aeabi_sdiv.o ABSOLUTE
    ../clib/heapalloc.c                      0x00000000   Number         0  hrguard.o ABSOLUTE
    ../clib/heapaux.c                        0x00000000   Number         0  heapauxi.o ABSOLUTE
    ../clib/libinit.s                        0x00000000   Number         0  libinit2.o ABSOLUTE
    ../clib/libinit.s                        0x00000000   Number         0  libinit.o ABSOLUTE
    ../clib/libinit.s                        0x00000000   Number         0  libshutdown2.o ABSOLUTE
    ../clib/libinit.s                        0x00000000   Number         0  libshutdown.o ABSOLUTE
    ../clib/signal.c                         0x00000000   Number         0  defsig_other.o ABSOLUTE
    ../clib/signal.c                         0x00000000   Number         0  defsig_abrt_inner.o ABSOLUTE
    ../clib/signal.c                         0x00000000   Number         0  defsig_exit.o ABSOLUTE
    ../clib/signal.c                         0x00000000   Number         0  defsig_rtmem_inner.o ABSOLUTE
    ../clib/signal.c                         0x00000000   Number         0  defsig_fpe_inner.o ABSOLUTE
    ../clib/signal.c                         0x00000000   Number         0  defsig_rtmem_formal.o ABSOLUTE
    ../clib/signal.c                         0x00000000   Number         0  defsig_stak_inner.o ABSOLUTE
    ../clib/signal.c                         0x00000000   Number         0  __raise.o ABSOLUTE
    ../clib/signal.c                         0x00000000   Number         0  defsig_pvfn_inner.o ABSOLUTE
    ../clib/signal.c                         0x00000000   Number         0  defsig_fpe_outer.o ABSOLUTE
    ../clib/signal.c                         0x00000000   Number         0  defsig_cppl_inner.o ABSOLUTE
    ../clib/signal.c                         0x00000000   Number         0  defsig_fpe_formal.o ABSOLUTE
    ../clib/signal.c                         0x00000000   Number         0  defsig_rtred_inner.o ABSOLUTE
    ../clib/signal.c                         0x00000000   Number         0  defsig_general.o ABSOLUTE
    ../clib/signal.c                         0x00000000   Number         0  defsig_segv_inner.o ABSOLUTE
    ../clib/signal.c                         0x00000000   Number         0  defsig_rtmem_outer.o ABSOLUTE
    ../clib/signal.s                         0x00000000   Number         0  defsig.o ABSOLUTE
    ../clib/stdlib.c                         0x00000000   Number         0  exit.o ABSOLUTE
    ../fplib/cfplib/fpinit.c                 0x00000000   Number         0  fpinit.o ABSOLUTE
    RTE\Device\BAT32A237KH64FB\isr_BAT32A237.c 0x00000000   Number         0  isr_bat32a237_1.o ABSOLUTE
    RTE\Device\BAT32A237KH64FB\startup_BAT32A237.s 0x00000000   Number         0  startup_bat32a237_1.o ABSOLUTE
    RTE\Device\BAT32A237KH64FB\system_BAT32A237.c 0x00000000   Number         0  system_bat32a237_1.o ABSOLUTE
    RTE\\Device\\BAT32A237KH64FB\\isr_BAT32A237.c 0x00000000   Number         0  isr_bat32a237_1.o ABSOLUTE
    RTE\\Device\\BAT32A237KH64FB\\system_BAT32A237.c 0x00000000   Number         0  system_bat32a237_1.o ABSOLUTE
    SourceCode\CMS_SDK_1D0D5\Driver\src\gpio.c 0x00000000   Number         0  gpio.o ABSOLUTE
    SourceCode\CMS_SDK_1D0D5\Driver\src\sci.c 0x00000000   Number         0  sci.o ABSOLUTE
    SourceCode\CMS_SDK_1D0D5\Driver\src\sci_user.c 0x00000000   Number         0  sci_user.o ABSOLUTE
    SourceCode\UsrCode\Usr_GPIO.c            0x00000000   Number         0  usr_gpio.o ABSOLUTE
    SourceCode\UsrCode\Usr_Interrupt.c       0x00000000   Number         0  usr_interrupt.o ABSOLUTE
    SourceCode\UsrCode\Usr_Main.c            0x00000000   Number         0  usr_main.o ABSOLUTE
    SourceCode\UsrCode\Usr_TempCode.c        0x00000000   Number         0  usr_tempcode.o ABSOLUTE
    SourceCode\UsrCode\Usr_Uart.c            0x00000000   Number         0  usr_uart.o ABSOLUTE
    SourceCode\\CMS_SDK_1D0D5\\Driver\\src\\gpio.c 0x00000000   Number         0  gpio.o ABSOLUTE
    SourceCode\\CMS_SDK_1D0D5\\Driver\\src\\sci.c 0x00000000   Number         0  sci.o ABSOLUTE
    SourceCode\\CMS_SDK_1D0D5\\Driver\\src\\sci_user.c 0x00000000   Number         0  sci_user.o ABSOLUTE
    SourceCode\\UsrCode\\Usr_GPIO.c          0x00000000   Number         0  usr_gpio.o ABSOLUTE
    SourceCode\\UsrCode\\Usr_Interrupt.c     0x00000000   Number         0  usr_interrupt.o ABSOLUTE
    SourceCode\\UsrCode\\Usr_Main.c          0x00000000   Number         0  usr_main.o ABSOLUTE
    SourceCode\\UsrCode\\Usr_Uart.c          0x00000000   Number         0  usr_uart.o ABSOLUTE
    dc.s                                     0x00000000   Number         0  dc.o ABSOLUTE
    .ARM.__AT_0x000000C0                     0x000000c0   Section        4  system_bat32a237_1.o(.ARM.__AT_0x000000C0)
    __tagsym$$used                           0x000000c0   Number         0  system_bat32a237_1.o(.ARM.__AT_0x000000C0)
    !!!main                                  0x000000c4   Section        8  __main.o(!!!main)
    !!!scatter                               0x000000cc   Section       60  __scatter.o(!!!scatter)
    !!handler_zi                             0x00000108   Section       28  __scatter_zi.o(!!handler_zi)
    .ARM.Collect$$libinit$$00000000          0x00000124   Section        2  libinit.o(.ARM.Collect$$libinit$$00000000)
    .ARM.Collect$$libinit$$00000002          0x00000126   Section        0  libinit2.o(.ARM.Collect$$libinit$$00000002)
    .ARM.Collect$$libinit$$00000004          0x00000126   Section        0  libinit2.o(.ARM.Collect$$libinit$$00000004)
    .ARM.Collect$$libinit$$0000000A          0x00000126   Section        0  libinit2.o(.ARM.Collect$$libinit$$0000000A)
    .ARM.Collect$$libinit$$0000000C          0x00000126   Section        0  libinit2.o(.ARM.Collect$$libinit$$0000000C)
    .ARM.Collect$$libinit$$0000000E          0x00000126   Section        0  libinit2.o(.ARM.Collect$$libinit$$0000000E)
    .ARM.Collect$$libinit$$00000011          0x00000126   Section        0  libinit2.o(.ARM.Collect$$libinit$$00000011)
    .ARM.Collect$$libinit$$00000013          0x00000126   Section        0  libinit2.o(.ARM.Collect$$libinit$$00000013)
    .ARM.Collect$$libinit$$00000015          0x00000126   Section        0  libinit2.o(.ARM.Collect$$libinit$$00000015)
    .ARM.Collect$$libinit$$00000017          0x00000126   Section        0  libinit2.o(.ARM.Collect$$libinit$$00000017)
    .ARM.Collect$$libinit$$00000019          0x00000126   Section        0  libinit2.o(.ARM.Collect$$libinit$$00000019)
    .ARM.Collect$$libinit$$0000001B          0x00000126   Section        0  libinit2.o(.ARM.Collect$$libinit$$0000001B)
    .ARM.Collect$$libinit$$0000001D          0x00000126   Section        0  libinit2.o(.ARM.Collect$$libinit$$0000001D)
    .ARM.Collect$$libinit$$0000001F          0x00000126   Section        0  libinit2.o(.ARM.Collect$$libinit$$0000001F)
    .ARM.Collect$$libinit$$00000021          0x00000126   Section        0  libinit2.o(.ARM.Collect$$libinit$$00000021)
    .ARM.Collect$$libinit$$00000023          0x00000126   Section        0  libinit2.o(.ARM.Collect$$libinit$$00000023)
    .ARM.Collect$$libinit$$00000025          0x00000126   Section        0  libinit2.o(.ARM.Collect$$libinit$$00000025)
    .ARM.Collect$$libinit$$0000002C          0x00000126   Section        0  libinit2.o(.ARM.Collect$$libinit$$0000002C)
    .ARM.Collect$$libinit$$0000002E          0x00000126   Section        0  libinit2.o(.ARM.Collect$$libinit$$0000002E)
    .ARM.Collect$$libinit$$00000030          0x00000126   Section        0  libinit2.o(.ARM.Collect$$libinit$$00000030)
    .ARM.Collect$$libinit$$00000032          0x00000126   Section        0  libinit2.o(.ARM.Collect$$libinit$$00000032)
    .ARM.Collect$$libinit$$00000033          0x00000126   Section        2  libinit2.o(.ARM.Collect$$libinit$$00000033)
    .ARM.Collect$$libshutdown$$00000000      0x00000128   Section        2  libshutdown.o(.ARM.Collect$$libshutdown$$00000000)
    .ARM.Collect$$libshutdown$$00000003      0x0000012a   Section        0  libshutdown2.o(.ARM.Collect$$libshutdown$$00000003)
    .ARM.Collect$$libshutdown$$00000006      0x0000012a   Section        0  libshutdown2.o(.ARM.Collect$$libshutdown$$00000006)
    .ARM.Collect$$libshutdown$$00000009      0x0000012a   Section        0  libshutdown2.o(.ARM.Collect$$libshutdown$$00000009)
    .ARM.Collect$$libshutdown$$0000000B      0x0000012a   Section        0  libshutdown2.o(.ARM.Collect$$libshutdown$$0000000B)
    .ARM.Collect$$libshutdown$$0000000E      0x0000012a   Section        0  libshutdown2.o(.ARM.Collect$$libshutdown$$0000000E)
    .ARM.Collect$$libshutdown$$0000000F      0x0000012a   Section        2  libshutdown2.o(.ARM.Collect$$libshutdown$$0000000F)
    .ARM.Collect$$rtentry$$00000000          0x0000012c   Section        0  __rtentry.o(.ARM.Collect$$rtentry$$00000000)
    .ARM.Collect$$rtentry$$00000002          0x0000012c   Section        0  __rtentry2.o(.ARM.Collect$$rtentry$$00000002)
    .ARM.Collect$$rtentry$$00000004          0x0000012c   Section        6  __rtentry4.o(.ARM.Collect$$rtentry$$00000004)
    .ARM.Collect$$rtentry$$00000009          0x00000132   Section        0  __rtentry2.o(.ARM.Collect$$rtentry$$00000009)
    .ARM.Collect$$rtentry$$0000000A          0x00000132   Section        4  __rtentry2.o(.ARM.Collect$$rtentry$$0000000A)
    .ARM.Collect$$rtentry$$0000000C          0x00000136   Section        0  __rtentry2.o(.ARM.Collect$$rtentry$$0000000C)
    .ARM.Collect$$rtentry$$0000000D          0x00000136   Section        8  __rtentry2.o(.ARM.Collect$$rtentry$$0000000D)
    .ARM.Collect$$rtexit$$00000000           0x0000013e   Section        2  rtexit.o(.ARM.Collect$$rtexit$$00000000)
    .ARM.Collect$$rtexit$$00000002           0x00000140   Section        0  rtexit2.o(.ARM.Collect$$rtexit$$00000002)
    .ARM.Collect$$rtexit$$00000003           0x00000140   Section        4  rtexit2.o(.ARM.Collect$$rtexit$$00000003)
    .ARM.Collect$$rtexit$$00000004           0x00000144   Section        6  rtexit2.o(.ARM.Collect$$rtexit$$00000004)
    .text                                    0x0000014c   Section      128  startup_bat32a237_1.o(.text)
    .text                                    0x000001cc   Section      346  aeabi_sdiv.o(.text)
    .text                                    0x00000326   Section        0  heapauxi.o(.text)
    .text                                    0x0000032c   Section       62  sys_stackheap_outer.o(.text)
    .text                                    0x0000036a   Section        0  exit.o(.text)
    .text                                    0x00000378   Section        8  libspace.o(.text)
    .text                                    0x00000380   Section        0  sys_exit.o(.text)
    .text                                    0x0000038c   Section        2  use_no_semi.o(.text)
    .text                                    0x0000038e   Section        0  indicate_semi.o(.text)
    .text                                    0x0000038e   Section        0  __dczerorl2.o(.text)
    i.CAN0Err_Interrupt                      0x000003e4   Section        0  isr_bat32a237_1.o(i.CAN0Err_Interrupt)
    i.CAN0Rec_Interrupt                      0x000003f0   Section        0  isr_bat32a237_1.o(i.CAN0Rec_Interrupt)
    i.CAN0Trx_Interrupt                      0x000003fc   Section        0  isr_bat32a237_1.o(i.CAN0Trx_Interrupt)
    i.CAN0Wup_Interrupt                      0x00000408   Section        0  isr_bat32a237_1.o(i.CAN0Wup_Interrupt)
    i.CLK_GetCoreFreq                        0x00000414   Section        0  system_bat32a237_1.o(i.CLK_GetCoreFreq)
    i.IIC20_Stop                             0x000004c0   Section        0  sci.o(i.IIC20_Stop)
    i.IIC20_StopCondition                    0x000004e4   Section        0  sci.o(i.IIC20_StopCondition)
    i.IIC21_Stop                             0x00000550   Section        0  sci.o(i.IIC21_Stop)
    i.IIC21_StopCondition                    0x00000578   Section        0  sci.o(i.IIC21_StopCondition)
    i.IRQ00_Handler                          0x000005dc   Section        0  isr_bat32a237_1.o(i.IRQ00_Handler)
    i.IRQ01_Handler                          0x000005f0   Section        0  isr_bat32a237_1.o(i.IRQ01_Handler)
    i.IRQ02_Handler                          0x00000610   Section        0  isr_bat32a237_1.o(i.IRQ02_Handler)
    i.IRQ03_Handler                          0x00000630   Section        0  isr_bat32a237_1.o(i.IRQ03_Handler)
    i.IRQ04_Handler                          0x00000650   Section        0  isr_bat32a237_1.o(i.IRQ04_Handler)
    i.IRQ05_Handler                          0x00000670   Section        0  isr_bat32a237_1.o(i.IRQ05_Handler)
    i.IRQ06_Handler                          0x00000690   Section        0  isr_bat32a237_1.o(i.IRQ06_Handler)
    i.IRQ07_Handler                          0x000006b0   Section        0  isr_bat32a237_1.o(i.IRQ07_Handler)
    i.IRQ08_Handler                          0x000006c4   Section        0  isr_bat32a237_1.o(i.IRQ08_Handler)
    i.IRQ09_Handler                          0x000006d8   Section        0  isr_bat32a237_1.o(i.IRQ09_Handler)
    i.IRQ10_Handler                          0x000006fc   Section        0  isr_bat32a237_1.o(i.IRQ10_Handler)
    i.IRQ11_Handler                          0x00000710   Section        0  isr_bat32a237_1.o(i.IRQ11_Handler)
    i.IRQ12_Handler                          0x00000724   Section        0  isr_bat32a237_1.o(i.IRQ12_Handler)
    i.IRQ13_Handler                          0x00000748   Section        0  isr_bat32a237_1.o(i.IRQ13_Handler)
    i.IRQ14_Handler                          0x0000075c   Section        0  isr_bat32a237_1.o(i.IRQ14_Handler)
    i.IRQ15_Handler                          0x00000770   Section        0  isr_bat32a237_1.o(i.IRQ15_Handler)
    i.IRQ16_Handler                          0x00000794   Section        0  isr_bat32a237_1.o(i.IRQ16_Handler)
    i.IRQ17_Handler                          0x000007b4   Section        0  isr_bat32a237_1.o(i.IRQ17_Handler)
    i.IRQ18_Handler                          0x000007c8   Section        0  isr_bat32a237_1.o(i.IRQ18_Handler)
    i.IRQ19_Handler                          0x000007dc   Section        0  isr_bat32a237_1.o(i.IRQ19_Handler)
    i.IRQ20_Handler                          0x000007f0   Section        0  isr_bat32a237_1.o(i.IRQ20_Handler)
    i.IRQ21_Handler                          0x00000804   Section        0  isr_bat32a237_1.o(i.IRQ21_Handler)
    i.IRQ22_Handler                          0x00000818   Section        0  isr_bat32a237_1.o(i.IRQ22_Handler)
    i.IRQ23_Handler                          0x0000083c   Section        0  isr_bat32a237_1.o(i.IRQ23_Handler)
    i.IRQ24_Handler                          0x00000860   Section        0  isr_bat32a237_1.o(i.IRQ24_Handler)
    i.IRQ25_Handler                          0x00000880   Section        0  isr_bat32a237_1.o(i.IRQ25_Handler)
    i.IRQ26_Handler                          0x000008a4   Section        0  isr_bat32a237_1.o(i.IRQ26_Handler)
    i.IRQ27_Handler                          0x000008b8   Section        0  isr_bat32a237_1.o(i.IRQ27_Handler)
    i.IRQ28_Handler                          0x000008cc   Section        0  isr_bat32a237_1.o(i.IRQ28_Handler)
    i.IRQ29_Handler                          0x000008e0   Section        0  isr_bat32a237_1.o(i.IRQ29_Handler)
    i.IRQ30_Handler                          0x000008f4   Section        0  isr_bat32a237_1.o(i.IRQ30_Handler)
    i.IRQ31_Handler                          0x00000908   Section        0  isr_bat32a237_1.o(i.IRQ31_Handler)
    i.Mcu_Init                               0x0000091c   Section        0  usr_main.o(i.Mcu_Init)
    i.NVIC_ClearPendingIRQ                   0x00000968   Section        0  sci.o(i.NVIC_ClearPendingIRQ)
    NVIC_ClearPendingIRQ                     0x00000969   Thumb Code    14  sci.o(i.NVIC_ClearPendingIRQ)
    i.NVIC_ClearPendingIRQ                   0x0000097c   Section        0  usr_uart.o(i.NVIC_ClearPendingIRQ)
    NVIC_ClearPendingIRQ                     0x0000097d   Thumb Code    14  usr_uart.o(i.NVIC_ClearPendingIRQ)
    i.NVIC_EnableIRQ                         0x00000990   Section        0  usr_uart.o(i.NVIC_EnableIRQ)
    NVIC_EnableIRQ                           0x00000991   Thumb Code    14  usr_uart.o(i.NVIC_EnableIRQ)
    i.NVIC_SetPriority                       0x000009a4   Section        0  usr_main.o(i.NVIC_SetPriority)
    NVIC_SetPriority                         0x000009a5   Thumb Code   110  usr_main.o(i.NVIC_SetPriority)
    i.PORT_Init                              0x00000a1c   Section        0  gpio.o(i.PORT_Init)
    i.SPI11_Stop                             0x00000bb4   Section        0  sci.o(i.SPI11_Stop)
    i.SysTick_Handler                        0x00000c08   Section        0  usr_interrupt.o(i.SysTick_Handler)
    i.SystemCoreClockUpdate                  0x00000c38   Section        0  system_bat32a237_1.o(i.SystemCoreClockUpdate)
    i.SystemInit                             0x00000c48   Section        0  system_bat32a237_1.o(i.SystemInit)
    i.UART0_BaudRate                         0x00000cdc   Section        0  sci.o(i.UART0_BaudRate)
    i.UART0_Init                             0x00000d40   Section        0  sci.o(i.UART0_Init)
    i.UART0_Send                             0x00000e64   Section        0  sci.o(i.UART0_Send)
    i.UART1_BaudRate                         0x00000e80   Section        0  sci.o(i.UART1_BaudRate)
    i.UART1_Init                             0x00000ed0   Section        0  sci.o(i.UART1_Init)
    i.UART1_Send                             0x00001000   Section        0  sci.o(i.UART1_Send)
    i.UART1_Start                            0x00001044   Section        0  sci.o(i.UART1_Start)
    i.UART2_BaudRate                         0x00001094   Section        0  sci.o(i.UART2_BaudRate)
    i.UART2_Init                             0x000010e4   Section        0  sci.o(i.UART2_Init)
    i.UART2_Send                             0x00001238   Section        0  sci.o(i.UART2_Send)
    i.UART2_Start                            0x0000127c   Section        0  sci.o(i.UART2_Start)
    i.UART_BaudRateCal                       0x000012d4   Section        0  sci.o(i.UART_BaudRateCal)
    i.Uart_St_Init                           0x000013b4   Section        0  usr_uart.o(i.Uart_St_Init)
    i.Uart_St_Init_s                         0x000013d0   Section        0  usr_uart.o(i.Uart_St_Init_s)
    i.Usr_GPIO_InitSetup                     0x000013f4   Section        0  usr_gpio.o(i.Usr_GPIO_InitSetup)
    i.Usr_GPIO_MainLoop                      0x00001420   Section        0  usr_gpio.o(i.Usr_GPIO_MainLoop)
    i.Usr_Uart_Echo                          0x000014cc   Section        0  usr_uart.o(i.Usr_Uart_Echo)
    i.Usr_Uart_Init                          0x000015b0   Section        0  usr_uart.o(i.Usr_Uart_Init)
    i.__ARM_common_switch8                   0x00001698   Section        0  gpio.o(i.__ARM_common_switch8)
    i.adc_interrupt                          0x000016b4   Section        0  isr_bat32a237_1.o(i.adc_interrupt)
    i.cmp0_interrupt                         0x000016c0   Section        0  isr_bat32a237_1.o(i.cmp0_interrupt)
    i.cmp1_interrupt                         0x000016cc   Section        0  isr_bat32a237_1.o(i.cmp1_interrupt)
    i.div_interrupt                          0x000016d8   Section        0  isr_bat32a237_1.o(i.div_interrupt)
    i.flash_interrupt                        0x000016e4   Section        0  isr_bat32a237_1.o(i.flash_interrupt)
    i.iic20_callback_master_error            0x000016f0   Section        0  sci_user.o(i.iic20_callback_master_error)
    iic20_callback_master_error              0x000016f1   Thumb Code     2  sci_user.o(i.iic20_callback_master_error)
    i.iic20_callback_master_receiveend       0x000016f4   Section        0  sci_user.o(i.iic20_callback_master_receiveend)
    iic20_callback_master_receiveend         0x000016f5   Thumb Code    14  sci_user.o(i.iic20_callback_master_receiveend)
    i.iic20_callback_master_sendend          0x00001708   Section        0  sci_user.o(i.iic20_callback_master_sendend)
    iic20_callback_master_sendend            0x00001709   Thumb Code    14  sci_user.o(i.iic20_callback_master_sendend)
    i.iic20_interrupt                        0x0000171c   Section        0  sci_user.o(i.iic20_interrupt)
    i.iic21_callback_master_error            0x000018a0   Section        0  sci_user.o(i.iic21_callback_master_error)
    iic21_callback_master_error              0x000018a1   Thumb Code     2  sci_user.o(i.iic21_callback_master_error)
    i.iic21_callback_master_receiveend       0x000018a4   Section        0  sci_user.o(i.iic21_callback_master_receiveend)
    iic21_callback_master_receiveend         0x000018a5   Thumb Code    14  sci_user.o(i.iic21_callback_master_receiveend)
    i.iic21_callback_master_sendend          0x000018b8   Section        0  sci_user.o(i.iic21_callback_master_sendend)
    iic21_callback_master_sendend            0x000018b9   Thumb Code    14  sci_user.o(i.iic21_callback_master_sendend)
    i.iic21_interrupt                        0x000018cc   Section        0  sci_user.o(i.iic21_interrupt)
    i.iica0_interrupt                        0x00001a50   Section        0  isr_bat32a237_1.o(i.iica0_interrupt)
    i.intp0_interrupt                        0x00001a5c   Section        0  isr_bat32a237_1.o(i.intp0_interrupt)
    i.intp10_interrupt                       0x00001a68   Section        0  isr_bat32a237_1.o(i.intp10_interrupt)
    i.intp11_interrupt                       0x00001a74   Section        0  isr_bat32a237_1.o(i.intp11_interrupt)
    i.intp1_interrupt                        0x00001a80   Section        0  isr_bat32a237_1.o(i.intp1_interrupt)
    i.intp2_interrupt                        0x00001a8c   Section        0  isr_bat32a237_1.o(i.intp2_interrupt)
    i.intp3_interrupt                        0x00001a98   Section        0  isr_bat32a237_1.o(i.intp3_interrupt)
    i.intp4_interrupt                        0x00001aa4   Section        0  isr_bat32a237_1.o(i.intp4_interrupt)
    i.intp5_interrupt                        0x00001ab0   Section        0  isr_bat32a237_1.o(i.intp5_interrupt)
    i.intp6_interrupt                        0x00001abc   Section        0  isr_bat32a237_1.o(i.intp6_interrupt)
    i.intp7_interrupt                        0x00001ac8   Section        0  isr_bat32a237_1.o(i.intp7_interrupt)
    i.intp8_interrupt                        0x00001ad4   Section        0  isr_bat32a237_1.o(i.intp8_interrupt)
    i.intp9_interrupt                        0x00001ae0   Section        0  isr_bat32a237_1.o(i.intp9_interrupt)
    i.it_interrupt                           0x00001aec   Section        0  isr_bat32a237_1.o(i.it_interrupt)
    i.key_interrupt                          0x00001af8   Section        0  isr_bat32a237_1.o(i.key_interrupt)
    i.lvi_interrupt                          0x00001b04   Section        0  isr_bat32a237_1.o(i.lvi_interrupt)
    i.main                                   0x00001b10   Section        0  usr_main.o(i.main)
    i.rtc_interrupt                          0x00001b34   Section        0  isr_bat32a237_1.o(i.rtc_interrupt)
    i.spi10_callback_error                   0x00001b40   Section        0  sci_user.o(i.spi10_callback_error)
    spi10_callback_error                     0x00001b41   Thumb Code     2  sci_user.o(i.spi10_callback_error)
    i.spi10_callback_receiveend              0x00001b44   Section        0  sci_user.o(i.spi10_callback_receiveend)
    spi10_callback_receiveend                0x00001b45   Thumb Code     8  sci_user.o(i.spi10_callback_receiveend)
    i.spi10_callback_sendend                 0x00001b50   Section        0  sci_user.o(i.spi10_callback_sendend)
    spi10_callback_sendend                   0x00001b51   Thumb Code     8  sci_user.o(i.spi10_callback_sendend)
    i.spi10_interrupt                        0x00001b5c   Section        0  sci_user.o(i.spi10_interrupt)
    i.spi11_callback_error                   0x00001c94   Section        0  sci_user.o(i.spi11_callback_error)
    spi11_callback_error                     0x00001c95   Thumb Code     2  sci_user.o(i.spi11_callback_error)
    i.spi11_callback_receiveend              0x00001c98   Section        0  sci_user.o(i.spi11_callback_receiveend)
    spi11_callback_receiveend                0x00001c99   Thumb Code    14  sci_user.o(i.spi11_callback_receiveend)
    i.spi11_callback_sendend                 0x00001cac   Section        0  sci_user.o(i.spi11_callback_sendend)
    spi11_callback_sendend                   0x00001cad   Thumb Code    14  sci_user.o(i.spi11_callback_sendend)
    i.spi11_interrupt                        0x00001cc0   Section        0  sci_user.o(i.spi11_interrupt)
    i.sre0_interrupt                         0x00001df8   Section        0  isr_bat32a237_1.o(i.sre0_interrupt)
    i.sre1_interrupt                         0x00001e04   Section        0  isr_bat32a237_1.o(i.sre1_interrupt)
    i.sre2_interrupt                         0x00001e10   Section        0  isr_bat32a237_1.o(i.sre2_interrupt)
    i.tm01h_interrupt                        0x00001e1c   Section        0  isr_bat32a237_1.o(i.tm01h_interrupt)
    i.tm03h_interrupt                        0x00001e28   Section        0  isr_bat32a237_1.o(i.tm03h_interrupt)
    i.tm40_channel0_interrupt                0x00001e34   Section        0  isr_bat32a237_1.o(i.tm40_channel0_interrupt)
    i.tm40_channel1_interrupt                0x00001e40   Section        0  isr_bat32a237_1.o(i.tm40_channel1_interrupt)
    i.tm40_channel2_interrupt                0x00001e4c   Section        0  isr_bat32a237_1.o(i.tm40_channel2_interrupt)
    i.tm40_channel3_interrupt                0x00001e58   Section        0  isr_bat32a237_1.o(i.tm40_channel3_interrupt)
    i.tma0_interrupt                         0x00001e64   Section        0  isr_bat32a237_1.o(i.tma0_interrupt)
    i.tmb0_interrupt                         0x00001e70   Section        0  isr_bat32a237_1.o(i.tmb0_interrupt)
    i.tmc_interrupt                          0x00001e7c   Section        0  isr_bat32a237_1.o(i.tmc_interrupt)
    i.tmm0_interrupt                         0x00001e88   Section        0  isr_bat32a237_1.o(i.tmm0_interrupt)
    i.tmm1_interrupt                         0x00001e94   Section        0  isr_bat32a237_1.o(i.tmm1_interrupt)
    i.uart0_callback_error                   0x00001ea0   Section        0  sci_user.o(i.uart0_callback_error)
    uart0_callback_error                     0x00001ea1   Thumb Code     2  sci_user.o(i.uart0_callback_error)
    i.uart0_callback_sendend                 0x00001ea2   Section        0  sci_user.o(i.uart0_callback_sendend)
    uart0_callback_sendend                   0x00001ea3   Thumb Code     2  sci_user.o(i.uart0_callback_sendend)
    i.uart0_interrupt_receive                0x00001ea4   Section        0  sci_user.o(i.uart0_interrupt_receive)
    i.uart0_interrupt_send                   0x00001f10   Section        0  sci_user.o(i.uart0_interrupt_send)
    .constdata                               0x00001f54   Section       32  sci.o(.constdata)
    .data                                    0x20000000   Section      276  sci.o(.data)
    dummy_sio00                              0x20000108   Data           1  sci.o(.data)
    dummy_sio00                              0x20000109   Data           1  sci.o(.data)
    dummy_sio01                              0x2000010a   Data           1  sci.o(.data)
    dummy_sio01                              0x2000010b   Data           1  sci.o(.data)
    dummy_sio10                              0x2000010c   Data           1  sci.o(.data)
    dummy_sio10                              0x2000010d   Data           1  sci.o(.data)
    dummy_sio11                              0x2000010e   Data           1  sci.o(.data)
    dummy_sio11                              0x2000010f   Data           1  sci.o(.data)
    dummy_sio20                              0x20000110   Data           1  sci.o(.data)
    dummy_sio20                              0x20000111   Data           1  sci.o(.data)
    dummy_sio21                              0x20000112   Data           1  sci.o(.data)
    dummy_sio21                              0x20000113   Data           1  sci.o(.data)
    .data                                    0x20000114   Section       12  sci_user.o(.data)
    .data                                    0x20000120   Section        9  usr_gpio.o(.data)
    tmp1                                     0x20000128   Data           1  usr_gpio.o(.data)
    .data                                    0x2000012c   Section        4  usr_uart.o(.data)
    .data                                    0x20000130   Section        4  system_bat32a237_1.o(.data)
    .bss                                     0x20000134   Section      405  usr_uart.o(.bss)
    .bss                                     0x200002cc   Section       96  libspace.o(.bss)
    HEAP                                     0x20000330   Section      256  startup_bat32a237_1.o(HEAP)
    Heap_Mem                                 0x20000330   Data         256  startup_bat32a237_1.o(HEAP)
    STACK                                    0x20000430   Section     1024  startup_bat32a237_1.o(STACK)
    Stack_Mem                                0x20000430   Data        1024  startup_bat32a237_1.o(STACK)
    __initial_sp                             0x20000830   Data           0  startup_bat32a237_1.o(STACK)

    Global Symbols

    Symbol Name                              Value     Ov Type        Size  Object(Section)

    BuildAttributes$$THM_ISAv3M$S$PE$A:L22$X:L11$S22$IEEE1$IW$USESV6$~STKCKD$USESV7$~SHL$OSPACE$ROPI$EBA8$UX$STANDARDLIB$REQ8$PRES8$EABIv2 0x00000000   Number         0  anon$$obj.o ABSOLUTE
    __ARM_use_no_argv                        0x00000000   Number         0  usr_main.o ABSOLUTE
    __Vectors                                0x00000000   Data           4  startup_bat32a237_1.o(RESET)
    __ARM_exceptions_init                     - Undefined Weak Reference
    __alloca_initialize                       - Undefined Weak Reference
    __arm_preinit_                            - Undefined Weak Reference
    __cpp_initialize__aeabi_                  - Undefined Weak Reference
    __cxa_finalize                            - Undefined Weak Reference
    __rt_locale                               - Undefined Weak Reference
    __sigvec_lookup                           - Undefined Weak Reference
    _atexit_init                              - Undefined Weak Reference
    _call_atexit_fns                          - Undefined Weak Reference
    _clock_init                               - Undefined Weak Reference
    _fp_trap_init                             - Undefined Weak Reference
    _fp_trap_shutdown                         - Undefined Weak Reference
    _get_lc_collate                           - Undefined Weak Reference
    _get_lc_ctype                             - Undefined Weak Reference
    _get_lc_monetary                          - Undefined Weak Reference
    _get_lc_numeric                           - Undefined Weak Reference
    _get_lc_time                              - Undefined Weak Reference
    _getenv_init                              - Undefined Weak Reference
    _handle_redirection                       - Undefined Weak Reference
    _init_alloc                               - Undefined Weak Reference
    _init_user_alloc                          - Undefined Weak Reference
    _initio                                   - Undefined Weak Reference
    _rand_init                                - Undefined Weak Reference
    _signal_finish                            - Undefined Weak Reference
    _signal_init                              - Undefined Weak Reference
    _terminate_alloc                          - Undefined Weak Reference
    _terminate_user_alloc                     - Undefined Weak Reference
    _terminateio                              - Undefined Weak Reference
    __Vectors_End                            0x000000c0   Data           0  startup_bat32a237_1.o(RESET)
    __Vectors_Size                           0x000000c0   Number         0  startup_bat32a237_1.o ABSOLUTE
    user_opt_data                            0x000000c0   Data           4  system_bat32a237_1.o(.ARM.__AT_0x000000C0)
    __main                                   0x000000c5   Thumb Code     8  __main.o(!!!main)
    __scatterload                            0x000000cd   Thumb Code     0  __scatter.o(!!!scatter)
    __scatterload_rt2                        0x000000cd   Thumb Code    52  __scatter.o(!!!scatter)
    __scatterload_rt2_thumb_only             0x000000cd   Thumb Code     0  __scatter.o(!!!scatter)
    __scatterload_null                       0x000000dd   Thumb Code     0  __scatter.o(!!!scatter)
    __scatterload_zeroinit                   0x00000109   Thumb Code    28  __scatter_zi.o(!!handler_zi)
    __rt_lib_init                            0x00000125   Thumb Code     0  libinit.o(.ARM.Collect$$libinit$$00000000)
    __rt_lib_init_alloca_1                   0x00000127   Thumb Code     0  libinit2.o(.ARM.Collect$$libinit$$0000002E)
    __rt_lib_init_argv_1                     0x00000127   Thumb Code     0  libinit2.o(.ARM.Collect$$libinit$$0000002C)
    __rt_lib_init_atexit_1                   0x00000127   Thumb Code     0  libinit2.o(.ARM.Collect$$libinit$$0000001B)
    __rt_lib_init_clock_1                    0x00000127   Thumb Code     0  libinit2.o(.ARM.Collect$$libinit$$00000021)
    __rt_lib_init_cpp_1                      0x00000127   Thumb Code     0  libinit2.o(.ARM.Collect$$libinit$$00000032)
    __rt_lib_init_exceptions_1               0x00000127   Thumb Code     0  libinit2.o(.ARM.Collect$$libinit$$00000030)
    __rt_lib_init_fp_1                       0x00000127   Thumb Code     0  libinit2.o(.ARM.Collect$$libinit$$00000002)
    __rt_lib_init_fp_trap_1                  0x00000127   Thumb Code     0  libinit2.o(.ARM.Collect$$libinit$$0000001F)
    __rt_lib_init_getenv_1                   0x00000127   Thumb Code     0  libinit2.o(.ARM.Collect$$libinit$$00000023)
    __rt_lib_init_heap_1                     0x00000127   Thumb Code     0  libinit2.o(.ARM.Collect$$libinit$$0000000A)
    __rt_lib_init_lc_collate_1               0x00000127   Thumb Code     0  libinit2.o(.ARM.Collect$$libinit$$00000011)
    __rt_lib_init_lc_ctype_1                 0x00000127   Thumb Code     0  libinit2.o(.ARM.Collect$$libinit$$00000013)
    __rt_lib_init_lc_monetary_1              0x00000127   Thumb Code     0  libinit2.o(.ARM.Collect$$libinit$$00000015)
    __rt_lib_init_lc_numeric_1               0x00000127   Thumb Code     0  libinit2.o(.ARM.Collect$$libinit$$00000017)
    __rt_lib_init_lc_time_1                  0x00000127   Thumb Code     0  libinit2.o(.ARM.Collect$$libinit$$00000019)
    __rt_lib_init_preinit_1                  0x00000127   Thumb Code     0  libinit2.o(.ARM.Collect$$libinit$$00000004)
    __rt_lib_init_rand_1                     0x00000127   Thumb Code     0  libinit2.o(.ARM.Collect$$libinit$$0000000E)
    __rt_lib_init_return                     0x00000127   Thumb Code     0  libinit2.o(.ARM.Collect$$libinit$$00000033)
    __rt_lib_init_signal_1                   0x00000127   Thumb Code     0  libinit2.o(.ARM.Collect$$libinit$$0000001D)
    __rt_lib_init_stdio_1                    0x00000127   Thumb Code     0  libinit2.o(.ARM.Collect$$libinit$$00000025)
    __rt_lib_init_user_alloc_1               0x00000127   Thumb Code     0  libinit2.o(.ARM.Collect$$libinit$$0000000C)
    __rt_lib_shutdown                        0x00000129   Thumb Code     0  libshutdown.o(.ARM.Collect$$libshutdown$$00000000)
    __rt_lib_shutdown_fp_trap_1              0x0000012b   Thumb Code     0  libshutdown2.o(.ARM.Collect$$libshutdown$$00000006)
    __rt_lib_shutdown_heap_1                 0x0000012b   Thumb Code     0  libshutdown2.o(.ARM.Collect$$libshutdown$$0000000E)
    __rt_lib_shutdown_return                 0x0000012b   Thumb Code     0  libshutdown2.o(.ARM.Collect$$libshutdown$$0000000F)
    __rt_lib_shutdown_signal_1               0x0000012b   Thumb Code     0  libshutdown2.o(.ARM.Collect$$libshutdown$$00000009)
    __rt_lib_shutdown_stdio_1                0x0000012b   Thumb Code     0  libshutdown2.o(.ARM.Collect$$libshutdown$$00000003)
    __rt_lib_shutdown_user_alloc_1           0x0000012b   Thumb Code     0  libshutdown2.o(.ARM.Collect$$libshutdown$$0000000B)
    __rt_entry                               0x0000012d   Thumb Code     0  __rtentry.o(.ARM.Collect$$rtentry$$00000000)
    __rt_entry_presh_1                       0x0000012d   Thumb Code     0  __rtentry2.o(.ARM.Collect$$rtentry$$00000002)
    __rt_entry_sh                            0x0000012d   Thumb Code     0  __rtentry4.o(.ARM.Collect$$rtentry$$00000004)
    __rt_entry_li                            0x00000133   Thumb Code     0  __rtentry2.o(.ARM.Collect$$rtentry$$0000000A)
    __rt_entry_postsh_1                      0x00000133   Thumb Code     0  __rtentry2.o(.ARM.Collect$$rtentry$$00000009)
    __rt_entry_main                          0x00000137   Thumb Code     0  __rtentry2.o(.ARM.Collect$$rtentry$$0000000D)
    __rt_entry_postli_1                      0x00000137   Thumb Code     0  __rtentry2.o(.ARM.Collect$$rtentry$$0000000C)
    __rt_exit                                0x0000013f   Thumb Code     0  rtexit.o(.ARM.Collect$$rtexit$$00000000)
    __rt_exit_ls                             0x00000141   Thumb Code     0  rtexit2.o(.ARM.Collect$$rtexit$$00000003)
    __rt_exit_prels_1                        0x00000141   Thumb Code     0  rtexit2.o(.ARM.Collect$$rtexit$$00000002)
    __rt_exit_exit                           0x00000145   Thumb Code     0  rtexit2.o(.ARM.Collect$$rtexit$$00000004)
    Reset_Handler                            0x0000014d   Thumb Code     8  startup_bat32a237_1.o(.text)
    NMI_Handler                              0x00000155   Thumb Code     2  startup_bat32a237_1.o(.text)
    HardFault_Handler                        0x00000157   Thumb Code     2  startup_bat32a237_1.o(.text)
    MemManage_Handler                        0x00000159   Thumb Code     2  startup_bat32a237_1.o(.text)
    BusFault_Handler                         0x0000015b   Thumb Code     2  startup_bat32a237_1.o(.text)
    UsageFault_Handler                       0x0000015d   Thumb Code     2  startup_bat32a237_1.o(.text)
    SVC_Handler                              0x0000015f   Thumb Code     2  startup_bat32a237_1.o(.text)
    DebugMon_Handler                         0x00000161   Thumb Code     2  startup_bat32a237_1.o(.text)
    PendSV_Handler                           0x00000163   Thumb Code     2  startup_bat32a237_1.o(.text)
    __user_initial_stackheap                 0x000001a9   Thumb Code    10  startup_bat32a237_1.o(.text)
    __aeabi_uidiv                            0x000001cd   Thumb Code     0  aeabi_sdiv.o(.text)
    __aeabi_uidivmod                         0x000001cd   Thumb Code    20  aeabi_sdiv.o(.text)
    __aeabi_idiv                             0x000001e1   Thumb Code     0  aeabi_sdiv.o(.text)
    __aeabi_idivmod                          0x000001e1   Thumb Code   326  aeabi_sdiv.o(.text)
    __use_two_region_memory                  0x00000327   Thumb Code     2  heapauxi.o(.text)
    __rt_heap_escrow$2region                 0x00000329   Thumb Code     2  heapauxi.o(.text)
    __rt_heap_expand$2region                 0x0000032b   Thumb Code     2  heapauxi.o(.text)
    __user_setup_stackheap                   0x0000032d   Thumb Code    62  sys_stackheap_outer.o(.text)
    exit                                     0x0000036b   Thumb Code    12  exit.o(.text)
    __user_libspace                          0x00000379   Thumb Code     8  libspace.o(.text)
    __user_perproc_libspace                  0x00000379   Thumb Code     0  libspace.o(.text)
    __user_perthread_libspace                0x00000379   Thumb Code     0  libspace.o(.text)
    _sys_exit                                0x00000381   Thumb Code     8  sys_exit.o(.text)
    __I$use$semihosting                      0x0000038d   Thumb Code     0  use_no_semi.o(.text)
    __use_no_semihosting_swi                 0x0000038d   Thumb Code     2  use_no_semi.o(.text)
    __decompress                             0x0000038f   Thumb Code     0  __dczerorl2.o(.text)
    __decompress1                            0x0000038f   Thumb Code    86  __dczerorl2.o(.text)
    __semihosting_library_function           0x0000038f   Thumb Code     0  indicate_semi.o(.text)
    CAN0Err_Interrupt                        0x000003e5   Thumb Code     8  isr_bat32a237_1.o(i.CAN0Err_Interrupt)
    CAN0Rec_Interrupt                        0x000003f1   Thumb Code     8  isr_bat32a237_1.o(i.CAN0Rec_Interrupt)
    CAN0Trx_Interrupt                        0x000003fd   Thumb Code     8  isr_bat32a237_1.o(i.CAN0Trx_Interrupt)
    CAN0Wup_Interrupt                        0x00000409   Thumb Code     8  isr_bat32a237_1.o(i.CAN0Wup_Interrupt)
    CLK_GetCoreFreq                          0x00000415   Thumb Code   122  system_bat32a237_1.o(i.CLK_GetCoreFreq)
    IIC20_Stop                               0x000004c1   Thumb Code    24  sci.o(i.IIC20_Stop)
    IIC20_StopCondition                      0x000004e5   Thumb Code    96  sci.o(i.IIC20_StopCondition)
    IIC21_Stop                               0x00000551   Thumb Code    26  sci.o(i.IIC21_Stop)
    IIC21_StopCondition                      0x00000579   Thumb Code    90  sci.o(i.IIC21_StopCondition)
    IRQ00_Handler                            0x000005dd   Thumb Code    16  isr_bat32a237_1.o(i.IRQ00_Handler)
    IRQ01_Handler                            0x000005f1   Thumb Code    28  isr_bat32a237_1.o(i.IRQ01_Handler)
    IRQ02_Handler                            0x00000611   Thumb Code    28  isr_bat32a237_1.o(i.IRQ02_Handler)
    IRQ03_Handler                            0x00000631   Thumb Code    28  isr_bat32a237_1.o(i.IRQ03_Handler)
    IRQ04_Handler                            0x00000651   Thumb Code    28  isr_bat32a237_1.o(i.IRQ04_Handler)
    IRQ05_Handler                            0x00000671   Thumb Code    28  isr_bat32a237_1.o(i.IRQ05_Handler)
    IRQ06_Handler                            0x00000691   Thumb Code    28  isr_bat32a237_1.o(i.IRQ06_Handler)
    IRQ07_Handler                            0x000006b1   Thumb Code    16  isr_bat32a237_1.o(i.IRQ07_Handler)
    IRQ08_Handler                            0x000006c5   Thumb Code    16  isr_bat32a237_1.o(i.IRQ08_Handler)
    IRQ09_Handler                            0x000006d9   Thumb Code    30  isr_bat32a237_1.o(i.IRQ09_Handler)
    IRQ10_Handler                            0x000006fd   Thumb Code    16  isr_bat32a237_1.o(i.IRQ10_Handler)
    IRQ11_Handler                            0x00000711   Thumb Code    16  isr_bat32a237_1.o(i.IRQ11_Handler)
    IRQ12_Handler                            0x00000725   Thumb Code    30  isr_bat32a237_1.o(i.IRQ12_Handler)
    IRQ13_Handler                            0x00000749   Thumb Code    16  isr_bat32a237_1.o(i.IRQ13_Handler)
    IRQ14_Handler                            0x0000075d   Thumb Code    16  isr_bat32a237_1.o(i.IRQ14_Handler)
    IRQ15_Handler                            0x00000771   Thumb Code    30  isr_bat32a237_1.o(i.IRQ15_Handler)
    IRQ16_Handler                            0x00000795   Thumb Code    28  isr_bat32a237_1.o(i.IRQ16_Handler)
    IRQ17_Handler                            0x000007b5   Thumb Code    16  isr_bat32a237_1.o(i.IRQ17_Handler)
    IRQ18_Handler                            0x000007c9   Thumb Code    16  isr_bat32a237_1.o(i.IRQ18_Handler)
    IRQ19_Handler                            0x000007dd   Thumb Code    16  isr_bat32a237_1.o(i.IRQ19_Handler)
    IRQ20_Handler                            0x000007f1   Thumb Code    16  isr_bat32a237_1.o(i.IRQ20_Handler)
    IRQ21_Handler                            0x00000805   Thumb Code    16  isr_bat32a237_1.o(i.IRQ21_Handler)
    IRQ22_Handler                            0x00000819   Thumb Code    30  isr_bat32a237_1.o(i.IRQ22_Handler)
    IRQ23_Handler                            0x0000083d   Thumb Code    30  isr_bat32a237_1.o(i.IRQ23_Handler)
    IRQ24_Handler                            0x00000861   Thumb Code    28  isr_bat32a237_1.o(i.IRQ24_Handler)
    IRQ25_Handler                            0x00000881   Thumb Code    30  isr_bat32a237_1.o(i.IRQ25_Handler)
    IRQ26_Handler                            0x000008a5   Thumb Code    16  isr_bat32a237_1.o(i.IRQ26_Handler)
    IRQ27_Handler                            0x000008b9   Thumb Code    16  isr_bat32a237_1.o(i.IRQ27_Handler)
    IRQ28_Handler                            0x000008cd   Thumb Code    16  isr_bat32a237_1.o(i.IRQ28_Handler)
    IRQ29_Handler                            0x000008e1   Thumb Code    16  isr_bat32a237_1.o(i.IRQ29_Handler)
    IRQ30_Handler                            0x000008f5   Thumb Code    16  isr_bat32a237_1.o(i.IRQ30_Handler)
    IRQ31_Handler                            0x00000909   Thumb Code    16  isr_bat32a237_1.o(i.IRQ31_Handler)
    Mcu_Init                                 0x0000091d   Thumb Code    64  usr_main.o(i.Mcu_Init)
    PORT_Init                                0x00000a1d   Thumb Code   402  gpio.o(i.PORT_Init)
    SPI11_Stop                               0x00000bb5   Thumb Code    62  sci.o(i.SPI11_Stop)
    SysTick_Handler                          0x00000c09   Thumb Code    38  usr_interrupt.o(i.SysTick_Handler)
    SystemCoreClockUpdate                    0x00000c39   Thumb Code    12  system_bat32a237_1.o(i.SystemCoreClockUpdate)
    SystemInit                               0x00000c49   Thumb Code   114  system_bat32a237_1.o(i.SystemInit)
    UART0_BaudRate                           0x00000cdd   Thumb Code    90  sci.o(i.UART0_BaudRate)
    UART0_Init                               0x00000d41   Thumb Code   252  sci.o(i.UART0_Init)
    UART0_Send                               0x00000e65   Thumb Code    20  sci.o(i.UART0_Send)
    UART1_BaudRate                           0x00000e81   Thumb Code    72  sci.o(i.UART1_BaudRate)
    UART1_Init                               0x00000ed1   Thumb Code   258  sci.o(i.UART1_Init)
    UART1_Send                               0x00001001   Thumb Code    54  sci.o(i.UART1_Send)
    UART1_Start                              0x00001045   Thumb Code    68  sci.o(i.UART1_Start)
    UART2_BaudRate                           0x00001095   Thumb Code    72  sci.o(i.UART2_BaudRate)
    UART2_Init                               0x000010e5   Thumb Code   290  sci.o(i.UART2_Init)
    UART2_Send                               0x00001239   Thumb Code    54  sci.o(i.UART2_Send)
    UART2_Start                              0x0000127d   Thumb Code    76  sci.o(i.UART2_Start)
    UART_BaudRateCal                         0x000012d5   Thumb Code   218  sci.o(i.UART_BaudRateCal)
    Uart_St_Init                             0x000013b5   Thumb Code    26  usr_uart.o(i.Uart_St_Init)
    Uart_St_Init_s                           0x000013d1   Thumb Code    22  usr_uart.o(i.Uart_St_Init_s)
    Usr_GPIO_InitSetup                       0x000013f5   Thumb Code    40  usr_gpio.o(i.Usr_GPIO_InitSetup)
    Usr_GPIO_MainLoop                        0x00001421   Thumb Code   160  usr_gpio.o(i.Usr_GPIO_MainLoop)
    Usr_Uart_Echo                            0x000014cd   Thumb Code   214  usr_uart.o(i.Usr_Uart_Echo)
    Usr_Uart_Init                            0x000015b1   Thumb Code   218  usr_uart.o(i.Usr_Uart_Init)
    __ARM_common_switch8                     0x00001699   Thumb Code    28  gpio.o(i.__ARM_common_switch8)
    adc_interrupt                            0x000016b5   Thumb Code     8  isr_bat32a237_1.o(i.adc_interrupt)
    cmp0_interrupt                           0x000016c1   Thumb Code     8  isr_bat32a237_1.o(i.cmp0_interrupt)
    cmp1_interrupt                           0x000016cd   Thumb Code     8  isr_bat32a237_1.o(i.cmp1_interrupt)
    div_interrupt                            0x000016d9   Thumb Code     8  isr_bat32a237_1.o(i.div_interrupt)
    flash_interrupt                          0x000016e5   Thumb Code     8  isr_bat32a237_1.o(i.flash_interrupt)
    iic20_interrupt                          0x0000171d   Thumb Code   348  sci_user.o(i.iic20_interrupt)
    iic21_interrupt                          0x000018cd   Thumb Code   348  sci_user.o(i.iic21_interrupt)
    iica0_interrupt                          0x00001a51   Thumb Code     8  isr_bat32a237_1.o(i.iica0_interrupt)
    intp0_interrupt                          0x00001a5d   Thumb Code     8  isr_bat32a237_1.o(i.intp0_interrupt)
    intp10_interrupt                         0x00001a69   Thumb Code     8  isr_bat32a237_1.o(i.intp10_interrupt)
    intp11_interrupt                         0x00001a75   Thumb Code     8  isr_bat32a237_1.o(i.intp11_interrupt)
    intp1_interrupt                          0x00001a81   Thumb Code     8  isr_bat32a237_1.o(i.intp1_interrupt)
    intp2_interrupt                          0x00001a8d   Thumb Code     8  isr_bat32a237_1.o(i.intp2_interrupt)
    intp3_interrupt                          0x00001a99   Thumb Code     8  isr_bat32a237_1.o(i.intp3_interrupt)
    intp4_interrupt                          0x00001aa5   Thumb Code     8  isr_bat32a237_1.o(i.intp4_interrupt)
    intp5_interrupt                          0x00001ab1   Thumb Code     8  isr_bat32a237_1.o(i.intp5_interrupt)
    intp6_interrupt                          0x00001abd   Thumb Code     8  isr_bat32a237_1.o(i.intp6_interrupt)
    intp7_interrupt                          0x00001ac9   Thumb Code     8  isr_bat32a237_1.o(i.intp7_interrupt)
    intp8_interrupt                          0x00001ad5   Thumb Code     8  isr_bat32a237_1.o(i.intp8_interrupt)
    intp9_interrupt                          0x00001ae1   Thumb Code     8  isr_bat32a237_1.o(i.intp9_interrupt)
    it_interrupt                             0x00001aed   Thumb Code     8  isr_bat32a237_1.o(i.it_interrupt)
    key_interrupt                            0x00001af9   Thumb Code     8  isr_bat32a237_1.o(i.key_interrupt)
    lvi_interrupt                            0x00001b05   Thumb Code     8  isr_bat32a237_1.o(i.lvi_interrupt)
    main                                     0x00001b11   Thumb Code    36  usr_main.o(i.main)
    rtc_interrupt                            0x00001b35   Thumb Code     8  isr_bat32a237_1.o(i.rtc_interrupt)
    spi10_interrupt                          0x00001b5d   Thumb Code   282  sci_user.o(i.spi10_interrupt)
    spi11_interrupt                          0x00001cc1   Thumb Code   282  sci_user.o(i.spi11_interrupt)
    sre0_interrupt                           0x00001df9   Thumb Code     8  isr_bat32a237_1.o(i.sre0_interrupt)
    sre1_interrupt                           0x00001e05   Thumb Code     8  isr_bat32a237_1.o(i.sre1_interrupt)
    sre2_interrupt                           0x00001e11   Thumb Code     8  isr_bat32a237_1.o(i.sre2_interrupt)
    tm01h_interrupt                          0x00001e1d   Thumb Code     8  isr_bat32a237_1.o(i.tm01h_interrupt)
    tm03h_interrupt                          0x00001e29   Thumb Code     8  isr_bat32a237_1.o(i.tm03h_interrupt)
    tm40_channel0_interrupt                  0x00001e35   Thumb Code     8  isr_bat32a237_1.o(i.tm40_channel0_interrupt)
    tm40_channel1_interrupt                  0x00001e41   Thumb Code     8  isr_bat32a237_1.o(i.tm40_channel1_interrupt)
    tm40_channel2_interrupt                  0x00001e4d   Thumb Code     8  isr_bat32a237_1.o(i.tm40_channel2_interrupt)
    tm40_channel3_interrupt                  0x00001e59   Thumb Code     8  isr_bat32a237_1.o(i.tm40_channel3_interrupt)
    tma0_interrupt                           0x00001e65   Thumb Code     8  isr_bat32a237_1.o(i.tma0_interrupt)
    tmb0_interrupt                           0x00001e71   Thumb Code     8  isr_bat32a237_1.o(i.tmb0_interrupt)
    tmc_interrupt                            0x00001e7d   Thumb Code     8  isr_bat32a237_1.o(i.tmc_interrupt)
    tmm0_interrupt                           0x00001e89   Thumb Code     8  isr_bat32a237_1.o(i.tmm0_interrupt)
    tmm1_interrupt                           0x00001e95   Thumb Code     8  isr_bat32a237_1.o(i.tmm1_interrupt)
    uart0_interrupt_receive                  0x00001ea5   Thumb Code    92  sci_user.o(i.uart0_interrupt_receive)
    uart0_interrupt_send                     0x00001f11   Thumb Code    56  sci_user.o(i.uart0_interrupt_send)
    sps_tbl                                  0x00001f54   Data          32  sci.o(.constdata)
    Region$$Table$$Base                      0x00001f74   Number         0  anon$$obj.o(Region$$Table)
    Region$$Table$$Limit                     0x00001f94   Number         0  anon$$obj.o(Region$$Table)
    gp_uart0_tx_address                      0x20000000   Data           4  sci.o(.data)
    g_uart0_tx_count                         0x20000004   Data           2  sci.o(.data)
    gp_uart0_rx_address                      0x20000008   Data           4  sci.o(.data)
    g_uart0_rx_count                         0x2000000c   Data           2  sci.o(.data)
    g_uart0_rx_length                        0x2000000e   Data           2  sci.o(.data)
    gp_spi00_rx_address                      0x20000010   Data           4  sci.o(.data)
    g_spi00_rx_length                        0x20000014   Data           2  sci.o(.data)
    g_spi00_rx_count                         0x20000016   Data           2  sci.o(.data)
    gp_spi00_tx_address                      0x20000018   Data           4  sci.o(.data)
    g_spi00_tx_length                        0x2000001c   Data           2  sci.o(.data)
    g_spi00_tx_count                         0x2000001e   Data           2  sci.o(.data)
    gp_spi01_rx_address                      0x20000020   Data           4  sci.o(.data)
    g_spi01_rx_length                        0x20000024   Data           2  sci.o(.data)
    g_spi01_rx_count                         0x20000026   Data           2  sci.o(.data)
    gp_spi01_tx_address                      0x20000028   Data           4  sci.o(.data)
    g_spi01_tx_length                        0x2000002c   Data           2  sci.o(.data)
    g_spi01_tx_count                         0x2000002e   Data           2  sci.o(.data)
    g_iic00_master_status_flag               0x20000030   Data           1  sci.o(.data)
    gp_iic00_tx_address                      0x20000034   Data           4  sci.o(.data)
    g_iic00_tx_count                         0x20000038   Data           2  sci.o(.data)
    gp_iic00_rx_address                      0x2000003c   Data           4  sci.o(.data)
    g_iic00_rx_count                         0x20000040   Data           2  sci.o(.data)
    g_iic00_rx_length                        0x20000042   Data           2  sci.o(.data)
    g_iic01_master_status_flag               0x20000044   Data           1  sci.o(.data)
    gp_iic01_tx_address                      0x20000048   Data           4  sci.o(.data)
    g_iic01_tx_count                         0x2000004c   Data           2  sci.o(.data)
    gp_iic01_rx_address                      0x20000050   Data           4  sci.o(.data)
    g_iic01_rx_count                         0x20000054   Data           2  sci.o(.data)
    g_iic01_rx_length                        0x20000056   Data           2  sci.o(.data)
    gp_uart1_tx_address                      0x20000058   Data           4  sci.o(.data)
    g_uart1_tx_count                         0x2000005c   Data           2  sci.o(.data)
    gp_uart1_rx_address                      0x20000060   Data           4  sci.o(.data)
    g_uart1_rx_count                         0x20000064   Data           2  sci.o(.data)
    g_uart1_rx_length                        0x20000066   Data           2  sci.o(.data)
    gp_spi10_rx_address                      0x20000068   Data           4  sci.o(.data)
    g_spi10_rx_length                        0x2000006c   Data           2  sci.o(.data)
    g_spi10_rx_count                         0x2000006e   Data           2  sci.o(.data)
    gp_spi10_tx_address                      0x20000070   Data           4  sci.o(.data)
    g_spi10_tx_length                        0x20000074   Data           2  sci.o(.data)
    g_spi10_tx_count                         0x20000076   Data           2  sci.o(.data)
    gp_spi11_rx_address                      0x20000078   Data           4  sci.o(.data)
    g_spi11_rx_length                        0x2000007c   Data           2  sci.o(.data)
    g_spi11_rx_count                         0x2000007e   Data           2  sci.o(.data)
    gp_spi11_tx_address                      0x20000080   Data           4  sci.o(.data)
    g_spi11_tx_length                        0x20000084   Data           2  sci.o(.data)
    g_spi11_tx_count                         0x20000086   Data           2  sci.o(.data)
    g_iic10_master_status_flag               0x20000088   Data           1  sci.o(.data)
    gp_iic10_tx_address                      0x2000008c   Data           4  sci.o(.data)
    g_iic10_tx_count                         0x20000090   Data           2  sci.o(.data)
    gp_iic10_rx_address                      0x20000094   Data           4  sci.o(.data)
    g_iic10_rx_count                         0x20000098   Data           2  sci.o(.data)
    g_iic10_rx_length                        0x2000009a   Data           2  sci.o(.data)
    g_iic11_master_status_flag               0x2000009c   Data           1  sci.o(.data)
    gp_iic11_tx_address                      0x200000a0   Data           4  sci.o(.data)
    g_iic11_tx_count                         0x200000a4   Data           2  sci.o(.data)
    gp_iic11_rx_address                      0x200000a8   Data           4  sci.o(.data)
    g_iic11_rx_count                         0x200000ac   Data           2  sci.o(.data)
    g_iic11_rx_length                        0x200000ae   Data           2  sci.o(.data)
    gp_uart2_tx_address                      0x200000b0   Data           4  sci.o(.data)
    g_uart2_tx_count                         0x200000b4   Data           2  sci.o(.data)
    gp_uart2_rx_address                      0x200000b8   Data           4  sci.o(.data)
    g_uart2_rx_count                         0x200000bc   Data           2  sci.o(.data)
    g_uart2_rx_length                        0x200000be   Data           2  sci.o(.data)
    gp_spi20_rx_address                      0x200000c0   Data           4  sci.o(.data)
    g_spi20_rx_length                        0x200000c4   Data           2  sci.o(.data)
    g_spi20_rx_count                         0x200000c6   Data           2  sci.o(.data)
    gp_spi20_tx_address                      0x200000c8   Data           4  sci.o(.data)
    g_spi20_tx_length                        0x200000cc   Data           2  sci.o(.data)
    g_spi20_tx_count                         0x200000ce   Data           2  sci.o(.data)
    gp_spi21_rx_address                      0x200000d0   Data           4  sci.o(.data)
    g_spi21_rx_length                        0x200000d4   Data           2  sci.o(.data)
    g_spi21_rx_count                         0x200000d6   Data           2  sci.o(.data)
    gp_spi21_tx_address                      0x200000d8   Data           4  sci.o(.data)
    g_spi21_tx_length                        0x200000dc   Data           2  sci.o(.data)
    g_spi21_tx_count                         0x200000de   Data           2  sci.o(.data)
    g_iic20_master_status_flag               0x200000e0   Data           1  sci.o(.data)
    gp_iic20_tx_address                      0x200000e4   Data           4  sci.o(.data)
    g_iic20_tx_count                         0x200000e8   Data           2  sci.o(.data)
    gp_iic20_rx_address                      0x200000ec   Data           4  sci.o(.data)
    g_iic20_rx_count                         0x200000f0   Data           2  sci.o(.data)
    g_iic20_rx_length                        0x200000f2   Data           2  sci.o(.data)
    g_iic21_master_status_flag               0x200000f4   Data           1  sci.o(.data)
    gp_iic21_tx_address                      0x200000f8   Data           4  sci.o(.data)
    g_iic21_tx_count                         0x200000fc   Data           2  sci.o(.data)
    gp_iic21_rx_address                      0x20000100   Data           4  sci.o(.data)
    g_iic21_rx_count                         0x20000104   Data           2  sci.o(.data)
    g_iic21_rx_length                        0x20000106   Data           2  sci.o(.data)
    g_iic00_tx_end                           0x20000114   Data           1  sci_user.o(.data)
    g_iic00_rx_end                           0x20000115   Data           1  sci_user.o(.data)
    g_iic01_tx_end                           0x20000116   Data           1  sci_user.o(.data)
    g_iic01_rx_end                           0x20000117   Data           1  sci_user.o(.data)
    g_iic10_tx_end                           0x20000118   Data           1  sci_user.o(.data)
    g_iic10_rx_end                           0x20000119   Data           1  sci_user.o(.data)
    g_iic11_tx_end                           0x2000011a   Data           1  sci_user.o(.data)
    g_iic11_rx_end                           0x2000011b   Data           1  sci_user.o(.data)
    g_iic20_tx_end                           0x2000011c   Data           1  sci_user.o(.data)
    g_iic20_rx_end                           0x2000011d   Data           1  sci_user.o(.data)
    g_iic21_tx_end                           0x2000011e   Data           1  sci_user.o(.data)
    g_iic21_rx_end                           0x2000011f   Data           1  sci_user.o(.data)
    Usr_GPIO_Timestamp                       0x20000120   Data           4  usr_gpio.o(.data)
    GPIO_Input_Temp                          0x20000124   Data           4  usr_gpio.o(.data)
    Usr_Uart_Timestamp                       0x2000012c   Data           4  usr_uart.o(.data)
    SystemCoreClock                          0x20000130   Data           4  system_bat32a237_1.o(.data)
    Uart0_St                                 0x20000134   Data         135  usr_uart.o(.bss)
    Uart1_St                                 0x200001bb   Data         135  usr_uart.o(.bss)
    Uart2_St                                 0x20000242   Data         135  usr_uart.o(.bss)
    __libspace_start                         0x200002cc   Data          96  libspace.o(.bss)
    __temporary_stack_top$libspace           0x2000032c   Data           0  libspace.o(.bss)



==============================================================================

Memory Map of the image

  Image Entry point : 0x000000c5

  Load Region LR_IROM1 (Base: 0x00000000, Size: 0x000020c8, Max: 0x00020000, ABSOLUTE, COMPRESSED[0x00001f9c])

    Execution Region ER_IROM1 (Base: 0x00000000, Size: 0x00001f94, Max: 0x00020000, ABSOLUTE)

    Base Addr    Size         Type   Attr      Idx    E Section Name        Object

    0x00000000   0x000000c0   Data   RO         1861    RESET               startup_bat32a237_1.o
    0x000000c0   0x00000004   Data   RO         1872    .ARM.__AT_0x000000C0  system_bat32a237_1.o
    0x000000c4   0x00000008   Code   RO         1919  * !!!main             c_p.l(__main.o)
    0x000000cc   0x0000003c   Code   RO         2089    !!!scatter          c_p.l(__scatter.o)
    0x00000108   0x0000001c   Code   RO         2091    !!handler_zi        c_p.l(__scatter_zi.o)
    0x00000124   0x00000002   Code   RO         1957    .ARM.Collect$$libinit$$00000000  c_p.l(libinit.o)
    0x00000126   0x00000000   Code   RO         1971    .ARM.Collect$$libinit$$00000002  c_p.l(libinit2.o)
    0x00000126   0x00000000   Code   RO         1973    .ARM.Collect$$libinit$$00000004  c_p.l(libinit2.o)
    0x00000126   0x00000000   Code   RO         1976    .ARM.Collect$$libinit$$0000000A  c_p.l(libinit2.o)
    0x00000126   0x00000000   Code   RO         1978    .ARM.Collect$$libinit$$0000000C  c_p.l(libinit2.o)
    0x00000126   0x00000000   Code   RO         1980    .ARM.Collect$$libinit$$0000000E  c_p.l(libinit2.o)
    0x00000126   0x00000000   Code   RO         1983    .ARM.Collect$$libinit$$00000011  c_p.l(libinit2.o)
    0x00000126   0x00000000   Code   RO         1985    .ARM.Collect$$libinit$$00000013  c_p.l(libinit2.o)
    0x00000126   0x00000000   Code   RO         1987    .ARM.Collect$$libinit$$00000015  c_p.l(libinit2.o)
    0x00000126   0x00000000   Code   RO         1989    .ARM.Collect$$libinit$$00000017  c_p.l(libinit2.o)
    0x00000126   0x00000000   Code   RO         1991    .ARM.Collect$$libinit$$00000019  c_p.l(libinit2.o)
    0x00000126   0x00000000   Code   RO         1993    .ARM.Collect$$libinit$$0000001B  c_p.l(libinit2.o)
    0x00000126   0x00000000   Code   RO         1995    .ARM.Collect$$libinit$$0000001D  c_p.l(libinit2.o)
    0x00000126   0x00000000   Code   RO         1997    .ARM.Collect$$libinit$$0000001F  c_p.l(libinit2.o)
    0x00000126   0x00000000   Code   RO         1999    .ARM.Collect$$libinit$$00000021  c_p.l(libinit2.o)
    0x00000126   0x00000000   Code   RO         2001    .ARM.Collect$$libinit$$00000023  c_p.l(libinit2.o)
    0x00000126   0x00000000   Code   RO         2003    .ARM.Collect$$libinit$$00000025  c_p.l(libinit2.o)
    0x00000126   0x00000000   Code   RO         2007    .ARM.Collect$$libinit$$0000002C  c_p.l(libinit2.o)
    0x00000126   0x00000000   Code   RO         2009    .ARM.Collect$$libinit$$0000002E  c_p.l(libinit2.o)
    0x00000126   0x00000000   Code   RO         2011    .ARM.Collect$$libinit$$00000030  c_p.l(libinit2.o)
    0x00000126   0x00000000   Code   RO         2013    .ARM.Collect$$libinit$$00000032  c_p.l(libinit2.o)
    0x00000126   0x00000002   Code   RO         2014    .ARM.Collect$$libinit$$00000033  c_p.l(libinit2.o)
    0x00000128   0x00000002   Code   RO         2045    .ARM.Collect$$libshutdown$$00000000  c_p.l(libshutdown.o)
    0x0000012a   0x00000000   Code   RO         2072    .ARM.Collect$$libshutdown$$00000003  c_p.l(libshutdown2.o)
    0x0000012a   0x00000000   Code   RO         2075    .ARM.Collect$$libshutdown$$00000006  c_p.l(libshutdown2.o)
    0x0000012a   0x00000000   Code   RO         2078    .ARM.Collect$$libshutdown$$00000009  c_p.l(libshutdown2.o)
    0x0000012a   0x00000000   Code   RO         2080    .ARM.Collect$$libshutdown$$0000000B  c_p.l(libshutdown2.o)
    0x0000012a   0x00000000   Code   RO         2083    .ARM.Collect$$libshutdown$$0000000E  c_p.l(libshutdown2.o)
    0x0000012a   0x00000002   Code   RO         2084    .ARM.Collect$$libshutdown$$0000000F  c_p.l(libshutdown2.o)
    0x0000012c   0x00000000   Code   RO         1921    .ARM.Collect$$rtentry$$00000000  c_p.l(__rtentry.o)
    0x0000012c   0x00000000   Code   RO         1927    .ARM.Collect$$rtentry$$00000002  c_p.l(__rtentry2.o)
    0x0000012c   0x00000006   Code   RO         1939    .ARM.Collect$$rtentry$$00000004  c_p.l(__rtentry4.o)
    0x00000132   0x00000000   Code   RO         1929    .ARM.Collect$$rtentry$$00000009  c_p.l(__rtentry2.o)
    0x00000132   0x00000004   Code   RO         1930    .ARM.Collect$$rtentry$$0000000A  c_p.l(__rtentry2.o)
    0x00000136   0x00000000   Code   RO         1932    .ARM.Collect$$rtentry$$0000000C  c_p.l(__rtentry2.o)
    0x00000136   0x00000008   Code   RO         1933    .ARM.Collect$$rtentry$$0000000D  c_p.l(__rtentry2.o)
    0x0000013e   0x00000002   Code   RO         1962    .ARM.Collect$$rtexit$$00000000  c_p.l(rtexit.o)
    0x00000140   0x00000000   Code   RO         2018    .ARM.Collect$$rtexit$$00000002  c_p.l(rtexit2.o)
    0x00000140   0x00000004   Code   RO         2019    .ARM.Collect$$rtexit$$00000003  c_p.l(rtexit2.o)
    0x00000144   0x00000006   Code   RO         2020    .ARM.Collect$$rtexit$$00000004  c_p.l(rtexit2.o)
    0x0000014a   0x00000002   PAD
    0x0000014c   0x00000080   Code   RO         1862    .text               startup_bat32a237_1.o
    0x000001cc   0x0000015a   Code   RO         1913    .text               c_p.l(aeabi_sdiv.o)
    0x00000326   0x00000006   Code   RO         1917    .text               c_p.l(heapauxi.o)
    0x0000032c   0x0000003e   Code   RO         1943    .text               c_p.l(sys_stackheap_outer.o)
    0x0000036a   0x0000000c   Code   RO         1946    .text               c_p.l(exit.o)
    0x00000376   0x00000002   PAD
    0x00000378   0x00000008   Code   RO         1958    .text               c_p.l(libspace.o)
    0x00000380   0x0000000c   Code   RO         2015    .text               c_p.l(sys_exit.o)
    0x0000038c   0x00000002   Code   RO         2034    .text               c_p.l(use_no_semi.o)
    0x0000038e   0x00000000   Code   RO         2036    .text               c_p.l(indicate_semi.o)
    0x0000038e   0x00000056   Code   RO         2087    .text               c_p.l(__dczerorl2.o)
    0x000003e4   0x0000000c   Code   RO         1301    i.CAN0Err_Interrupt  isr_bat32a237_1.o
    0x000003f0   0x0000000c   Code   RO         1302    i.CAN0Rec_Interrupt  isr_bat32a237_1.o
    0x000003fc   0x0000000c   Code   RO         1303    i.CAN0Trx_Interrupt  isr_bat32a237_1.o
    0x00000408   0x0000000c   Code   RO         1304    i.CAN0Wup_Interrupt  isr_bat32a237_1.o
    0x00000414   0x000000ac   Code   RO         1868    i.CLK_GetCoreFreq   system_bat32a237_1.o
    0x000004c0   0x00000024   Code   RO          126    i.IIC20_Stop        sci.o
    0x000004e4   0x0000006c   Code   RO          127    i.IIC20_StopCondition  sci.o
    0x00000550   0x00000028   Code   RO          132    i.IIC21_Stop        sci.o
    0x00000578   0x00000064   Code   RO          133    i.IIC21_StopCondition  sci.o
    0x000005dc   0x00000014   Code   RO         1305    i.IRQ00_Handler     isr_bat32a237_1.o
    0x000005f0   0x00000020   Code   RO         1306    i.IRQ01_Handler     isr_bat32a237_1.o
    0x00000610   0x00000020   Code   RO         1307    i.IRQ02_Handler     isr_bat32a237_1.o
    0x00000630   0x00000020   Code   RO         1308    i.IRQ03_Handler     isr_bat32a237_1.o
    0x00000650   0x00000020   Code   RO         1309    i.IRQ04_Handler     isr_bat32a237_1.o
    0x00000670   0x00000020   Code   RO         1310    i.IRQ05_Handler     isr_bat32a237_1.o
    0x00000690   0x00000020   Code   RO         1311    i.IRQ06_Handler     isr_bat32a237_1.o
    0x000006b0   0x00000014   Code   RO         1312    i.IRQ07_Handler     isr_bat32a237_1.o
    0x000006c4   0x00000014   Code   RO         1313    i.IRQ08_Handler     isr_bat32a237_1.o
    0x000006d8   0x00000024   Code   RO         1314    i.IRQ09_Handler     isr_bat32a237_1.o
    0x000006fc   0x00000014   Code   RO         1315    i.IRQ10_Handler     isr_bat32a237_1.o
    0x00000710   0x00000014   Code   RO         1316    i.IRQ11_Handler     isr_bat32a237_1.o
    0x00000724   0x00000024   Code   RO         1317    i.IRQ12_Handler     isr_bat32a237_1.o
    0x00000748   0x00000014   Code   RO         1318    i.IRQ13_Handler     isr_bat32a237_1.o
    0x0000075c   0x00000014   Code   RO         1319    i.IRQ14_Handler     isr_bat32a237_1.o
    0x00000770   0x00000024   Code   RO         1320    i.IRQ15_Handler     isr_bat32a237_1.o
    0x00000794   0x00000020   Code   RO         1321    i.IRQ16_Handler     isr_bat32a237_1.o
    0x000007b4   0x00000014   Code   RO         1322    i.IRQ17_Handler     isr_bat32a237_1.o
    0x000007c8   0x00000014   Code   RO         1323    i.IRQ18_Handler     isr_bat32a237_1.o
    0x000007dc   0x00000014   Code   RO         1324    i.IRQ19_Handler     isr_bat32a237_1.o
    0x000007f0   0x00000014   Code   RO         1325    i.IRQ20_Handler     isr_bat32a237_1.o
    0x00000804   0x00000014   Code   RO         1326    i.IRQ21_Handler     isr_bat32a237_1.o
    0x00000818   0x00000024   Code   RO         1327    i.IRQ22_Handler     isr_bat32a237_1.o
    0x0000083c   0x00000024   Code   RO         1328    i.IRQ23_Handler     isr_bat32a237_1.o
    0x00000860   0x00000020   Code   RO         1329    i.IRQ24_Handler     isr_bat32a237_1.o
    0x00000880   0x00000024   Code   RO         1330    i.IRQ25_Handler     isr_bat32a237_1.o
    0x000008a4   0x00000014   Code   RO         1331    i.IRQ26_Handler     isr_bat32a237_1.o
    0x000008b8   0x00000014   Code   RO         1332    i.IRQ27_Handler     isr_bat32a237_1.o
    0x000008cc   0x00000014   Code   RO         1333    i.IRQ28_Handler     isr_bat32a237_1.o
    0x000008e0   0x00000014   Code   RO         1334    i.IRQ29_Handler     isr_bat32a237_1.o
    0x000008f4   0x00000014   Code   RO         1335    i.IRQ30_Handler     isr_bat32a237_1.o
    0x00000908   0x00000014   Code   RO         1336    i.IRQ31_Handler     isr_bat32a237_1.o
    0x0000091c   0x0000004c   Code   RO         1109    i.Mcu_Init          usr_main.o
    0x00000968   0x00000014   Code   RO          134    i.NVIC_ClearPendingIRQ  sci.o
    0x0000097c   0x00000014   Code   RO         1224    i.NVIC_ClearPendingIRQ  usr_uart.o
    0x00000990   0x00000014   Code   RO         1225    i.NVIC_EnableIRQ    usr_uart.o
    0x000009a4   0x00000078   Code   RO         1110    i.NVIC_SetPriority  usr_main.o
    0x00000a1c   0x00000198   Code   RO           11    i.PORT_Init         gpio.o
    0x00000bb4   0x00000054   Code   RO          171    i.SPI11_Stop        sci.o
    0x00000c08   0x00000030   Code   RO         1201    i.SysTick_Handler   usr_interrupt.o
    0x00000c38   0x00000010   Code   RO         1870    i.SystemCoreClockUpdate  system_bat32a237_1.o
    0x00000c48   0x00000094   Code   RO         1871    i.SystemInit        system_bat32a237_1.o
    0x00000cdc   0x00000064   Code   RO          189    i.UART0_BaudRate    sci.o
    0x00000d40   0x00000124   Code   RO          190    i.UART0_Init        sci.o
    0x00000e64   0x0000001c   Code   RO          192    i.UART0_Send        sci.o
    0x00000e80   0x00000050   Code   RO          193    i.UART1_BaudRate    sci.o
    0x00000ed0   0x00000130   Code   RO          194    i.UART1_Init        sci.o
    0x00001000   0x00000044   Code   RO          196    i.UART1_Send        sci.o
    0x00001044   0x00000050   Code   RO          197    i.UART1_Start       sci.o
    0x00001094   0x00000050   Code   RO          199    i.UART2_BaudRate    sci.o
    0x000010e4   0x00000154   Code   RO          200    i.UART2_Init        sci.o
    0x00001238   0x00000044   Code   RO          202    i.UART2_Send        sci.o
    0x0000127c   0x00000058   Code   RO          203    i.UART2_Start       sci.o
    0x000012d4   0x000000e0   Code   RO          205    i.UART_BaudRateCal  sci.o
    0x000013b4   0x0000001a   Code   RO         1226    i.Uart_St_Init      usr_uart.o
    0x000013ce   0x00000002   PAD
    0x000013d0   0x00000024   Code   RO         1227    i.Uart_St_Init_s    usr_uart.o
    0x000013f4   0x0000002c   Code   RO         1169    i.Usr_GPIO_InitSetup  usr_gpio.o
    0x00001420   0x000000ac   Code   RO         1170    i.Usr_GPIO_MainLoop  usr_gpio.o
    0x000014cc   0x000000e4   Code   RO         1228    i.Usr_Uart_Echo     usr_uart.o
    0x000015b0   0x000000e8   Code   RO         1229    i.Usr_Uart_Init     usr_uart.o
    0x00001698   0x0000001c   Code   RO           67    i.__ARM_common_switch8  gpio.o
    0x000016b4   0x0000000c   Code   RO         1337    i.adc_interrupt     isr_bat32a237_1.o
    0x000016c0   0x0000000c   Code   RO         1338    i.cmp0_interrupt    isr_bat32a237_1.o
    0x000016cc   0x0000000c   Code   RO         1339    i.cmp1_interrupt    isr_bat32a237_1.o
    0x000016d8   0x0000000c   Code   RO         1340    i.div_interrupt     isr_bat32a237_1.o
    0x000016e4   0x0000000c   Code   RO         1341    i.flash_interrupt   isr_bat32a237_1.o
    0x000016f0   0x00000002   Code   RO          786    i.iic20_callback_master_error  sci_user.o
    0x000016f2   0x00000002   PAD
    0x000016f4   0x00000014   Code   RO          787    i.iic20_callback_master_receiveend  sci_user.o
    0x00001708   0x00000014   Code   RO          788    i.iic20_callback_master_sendend  sci_user.o
    0x0000171c   0x00000184   Code   RO          789    i.iic20_interrupt   sci_user.o
    0x000018a0   0x00000002   Code   RO          790    i.iic21_callback_master_error  sci_user.o
    0x000018a2   0x00000002   PAD
    0x000018a4   0x00000014   Code   RO          791    i.iic21_callback_master_receiveend  sci_user.o
    0x000018b8   0x00000014   Code   RO          792    i.iic21_callback_master_sendend  sci_user.o
    0x000018cc   0x00000184   Code   RO          793    i.iic21_interrupt   sci_user.o
    0x00001a50   0x0000000c   Code   RO         1348    i.iica0_interrupt   isr_bat32a237_1.o
    0x00001a5c   0x0000000c   Code   RO         1349    i.intp0_interrupt   isr_bat32a237_1.o
    0x00001a68   0x0000000c   Code   RO         1350    i.intp10_interrupt  isr_bat32a237_1.o
    0x00001a74   0x0000000c   Code   RO         1351    i.intp11_interrupt  isr_bat32a237_1.o
    0x00001a80   0x0000000c   Code   RO         1352    i.intp1_interrupt   isr_bat32a237_1.o
    0x00001a8c   0x0000000c   Code   RO         1353    i.intp2_interrupt   isr_bat32a237_1.o
    0x00001a98   0x0000000c   Code   RO         1354    i.intp3_interrupt   isr_bat32a237_1.o
    0x00001aa4   0x0000000c   Code   RO         1355    i.intp4_interrupt   isr_bat32a237_1.o
    0x00001ab0   0x0000000c   Code   RO         1356    i.intp5_interrupt   isr_bat32a237_1.o
    0x00001abc   0x0000000c   Code   RO         1357    i.intp6_interrupt   isr_bat32a237_1.o
    0x00001ac8   0x0000000c   Code   RO         1358    i.intp7_interrupt   isr_bat32a237_1.o
    0x00001ad4   0x0000000c   Code   RO         1359    i.intp8_interrupt   isr_bat32a237_1.o
    0x00001ae0   0x0000000c   Code   RO         1360    i.intp9_interrupt   isr_bat32a237_1.o
    0x00001aec   0x0000000c   Code   RO         1361    i.it_interrupt      isr_bat32a237_1.o
    0x00001af8   0x0000000c   Code   RO         1362    i.key_interrupt     isr_bat32a237_1.o
    0x00001b04   0x0000000c   Code   RO         1363    i.lvi_interrupt     isr_bat32a237_1.o
    0x00001b10   0x00000024   Code   RO         1111    i.main              usr_main.o
    0x00001b34   0x0000000c   Code   RO         1364    i.rtc_interrupt     isr_bat32a237_1.o
    0x00001b40   0x00000002   Code   RO          802    i.spi10_callback_error  sci_user.o
    0x00001b42   0x00000002   PAD
    0x00001b44   0x0000000c   Code   RO          803    i.spi10_callback_receiveend  sci_user.o
    0x00001b50   0x0000000c   Code   RO          804    i.spi10_callback_sendend  sci_user.o
    0x00001b5c   0x00000138   Code   RO          805    i.spi10_interrupt   sci_user.o
    0x00001c94   0x00000002   Code   RO          806    i.spi11_callback_error  sci_user.o
    0x00001c96   0x00000002   PAD
    0x00001c98   0x00000014   Code   RO          807    i.spi11_callback_receiveend  sci_user.o
    0x00001cac   0x00000014   Code   RO          808    i.spi11_callback_sendend  sci_user.o
    0x00001cc0   0x00000138   Code   RO          809    i.spi11_interrupt   sci_user.o
    0x00001df8   0x0000000c   Code   RO         1371    i.sre0_interrupt    isr_bat32a237_1.o
    0x00001e04   0x0000000c   Code   RO         1372    i.sre1_interrupt    isr_bat32a237_1.o
    0x00001e10   0x0000000c   Code   RO         1373    i.sre2_interrupt    isr_bat32a237_1.o
    0x00001e1c   0x0000000c   Code   RO         1374    i.tm01h_interrupt   isr_bat32a237_1.o
    0x00001e28   0x0000000c   Code   RO         1375    i.tm03h_interrupt   isr_bat32a237_1.o
    0x00001e34   0x0000000c   Code   RO         1376    i.tm40_channel0_interrupt  isr_bat32a237_1.o
    0x00001e40   0x0000000c   Code   RO         1377    i.tm40_channel1_interrupt  isr_bat32a237_1.o
    0x00001e4c   0x0000000c   Code   RO         1378    i.tm40_channel2_interrupt  isr_bat32a237_1.o
    0x00001e58   0x0000000c   Code   RO         1379    i.tm40_channel3_interrupt  isr_bat32a237_1.o
    0x00001e64   0x0000000c   Code   RO         1380    i.tma0_interrupt    isr_bat32a237_1.o
    0x00001e70   0x0000000c   Code   RO         1381    i.tmb0_interrupt    isr_bat32a237_1.o
    0x00001e7c   0x0000000c   Code   RO         1382    i.tmc_interrupt     isr_bat32a237_1.o
    0x00001e88   0x0000000c   Code   RO         1383    i.tmm0_interrupt    isr_bat32a237_1.o
    0x00001e94   0x0000000c   Code   RO         1384    i.tmm1_interrupt    isr_bat32a237_1.o
    0x00001ea0   0x00000002   Code   RO          818    i.uart0_callback_error  sci_user.o
    0x00001ea2   0x00000002   Code   RO          820    i.uart0_callback_sendend  sci_user.o
    0x00001ea4   0x0000006c   Code   RO          822    i.uart0_interrupt_receive  sci_user.o
    0x00001f10   0x00000044   Code   RO          823    i.uart0_interrupt_send  sci_user.o
    0x00001f54   0x00000020   Data   RO          206    .constdata          sci.o
    0x00001f74   0x00000020   Data   RO         2085    Region$$Table       anon$$obj.o


    Execution Region RW_IRAM1 (Base: 0x20000000, Size: 0x00000830, Max: 0x00003000, ABSOLUTE, COMPRESSED[0x00000008])

    Base Addr    Size         Type   Attr      Idx    E Section Name        Object

    0x20000000   0x00000114   Data   RW          207    .data               sci.o
    0x20000114   0x0000000c   Data   RW          836    .data               sci_user.o
    0x20000120   0x00000009   Data   RW         1171    .data               usr_gpio.o
    0x20000129   0x00000003   PAD
    0x2000012c   0x00000004   Data   RW         1233    .data               usr_uart.o
    0x20000130   0x00000004   Data   RW         1873    .data               system_bat32a237_1.o
    0x20000134   0x00000195   Zero   RW         1232    .bss                usr_uart.o
    0x200002c9   0x00000003   PAD
    0x200002cc   0x00000060   Zero   RW         1959    .bss                c_p.l(libspace.o)
    0x2000032c   0x00000004   PAD
    0x20000330   0x00000100   Zero   RW         1860    HEAP                startup_bat32a237_1.o
    0x20000430   0x00000400   Zero   RW         1859    STACK               startup_bat32a237_1.o


==============================================================================

Image component sizes


      Code (inc. data)   RO Data    RW Data    ZI Data      Debug   Object Name

       436         14          0          0          0      57660   gpio.o
      1312        300          0          0          0      36102   isr_bat32a237_1.o
      2140        304         32        276          0      54159   sci.o
      1732        212          0         12          0      12175   sci_user.o
       128         28        192          0       1280       2156   startup_bat32a237_1.o
       336        100          4          4          0       2787   system_bat32a237_1.o
       216         16          0          9          0       1354   usr_gpio.o
        48         10          0          0          0        486   usr_interrupt.o
       232         22          0          0          0       9606   usr_main.o
       562         54          0          4        405      26928   usr_uart.o

    ----------------------------------------------------------------------
      7152       1060        260        308       1688     203413   Object Totals
         0          0         32          0          0          0   (incl. Generated)
        10          0          0          3          3          0   (incl. Padding)

    ----------------------------------------------------------------------

      Code (inc. data)   RO Data    RW Data    ZI Data      Debug   Library Member Name

        86          0          0          0          0          0   __dczerorl2.o
         8          0          0          0          0         68   __main.o
         0          0          0          0          0          0   __rtentry.o
        12          0          0          0          0          0   __rtentry2.o
         6          0          0          0          0          0   __rtentry4.o
        60          8          0          0          0          0   __scatter.o
        28          0          0          0          0          0   __scatter_zi.o
       346          0          0          0          0         92   aeabi_sdiv.o
        12          0          0          0          0         64   exit.o
         6          0          0          0          0        136   heapauxi.o
         0          0          0          0          0          0   indicate_semi.o
         2          0          0          0          0          0   libinit.o
         2          0          0          0          0          0   libinit2.o
         2          0          0          0          0          0   libshutdown.o
         2          0          0          0          0          0   libshutdown2.o
         8          4          0          0         96         68   libspace.o
         2          0          0          0          0          0   rtexit.o
        10          0          0          0          0          0   rtexit2.o
        12          4          0          0          0         60   sys_exit.o
        62          0          0          0          0         80   sys_stackheap_outer.o
         2          0          0          0          0         68   use_no_semi.o

    ----------------------------------------------------------------------
       672         16          0          0        100        636   Library Totals
         4          0          0          0          4          0   (incl. Padding)

    ----------------------------------------------------------------------

      Code (inc. data)   RO Data    RW Data    ZI Data      Debug   Library Name

       668         16          0          0         96        636   c_p.l

    ----------------------------------------------------------------------
       672         16          0          0        100        636   Library Totals

    ----------------------------------------------------------------------

==============================================================================


      Code (inc. data)   RO Data    RW Data    ZI Data      Debug   

      7824       1076        260        308       1788     198453   Grand Totals
      7824       1076        260          8       1788     198453   ELF Image Totals (compressed)
      7824       1076        260          8          0          0   ROM Totals

==============================================================================

    Total RO  Size (Code + RO Data)                 8084 (   7.89kB)
    Total RW  Size (RW Data + ZI Data)              2096 (   2.05kB)
    Total ROM Size (Code + RO Data + RW Data)       8092 (   7.90kB)

==============================================================================

