Component: ARM Compiler 5.05 update 2 (build 169) Tool: armlink [4d0f33]

==============================================================================

Section Cross References

    gpio.o(i.PORT_Init) refers to gpio.o(i.__ARM_common_switch8) for __ARM_common_switch8
    sci.o(i.IIC00_MasterReceive) refers to sci.o(i.IIC00_StartCondition) for IIC00_StartCondition
    sci.o(i.IIC00_MasterReceive) refers to sci.o(i.NVIC_ClearPendingIRQ) for NVIC_ClearPendingIRQ
    sci.o(i.IIC00_MasterReceive) refers to sci.o(i.NVIC_SetPriority) for NVIC_SetPriority
    sci.o(i.IIC00_MasterReceive) refers to sci.o(.data) for g_iic00_master_status_flag
    sci.o(i.IIC00_MasterSend) refers to sci.o(i.IIC00_StartCondition) for IIC00_StartCondition
    sci.o(i.IIC00_MasterSend) refers to sci.o(i.NVIC_ClearPendingIRQ) for NVIC_ClearPendingIRQ
    sci.o(i.IIC00_MasterSend) refers to sci.o(i.NVIC_SetPriority) for NVIC_SetPriority
    sci.o(i.IIC00_MasterSend) refers to sci.o(.data) for g_iic00_master_status_flag
    sci.o(i.IIC00_StopCondition) refers to sci.o(.data) for g_iic00_master_status_flag
    sci.o(i.IIC01_MasterReceive) refers to sci.o(i.IIC01_StartCondition) for IIC01_StartCondition
    sci.o(i.IIC01_MasterReceive) refers to sci.o(i.NVIC_ClearPendingIRQ) for NVIC_ClearPendingIRQ
    sci.o(i.IIC01_MasterReceive) refers to sci.o(.data) for g_iic01_master_status_flag
    sci.o(i.IIC01_MasterSend) refers to sci.o(i.IIC01_StartCondition) for IIC01_StartCondition
    sci.o(i.IIC01_MasterSend) refers to sci.o(i.NVIC_ClearPendingIRQ) for NVIC_ClearPendingIRQ
    sci.o(i.IIC01_MasterSend) refers to sci.o(.data) for g_iic01_master_status_flag
    sci.o(i.IIC10_MasterReceive) refers to sci.o(i.IIC10_StartCondition) for IIC10_StartCondition
    sci.o(i.IIC10_MasterReceive) refers to sci.o(i.NVIC_ClearPendingIRQ) for NVIC_ClearPendingIRQ
    sci.o(i.IIC10_MasterReceive) refers to sci.o(i.NVIC_SetPriority) for NVIC_SetPriority
    sci.o(i.IIC10_MasterReceive) refers to sci.o(.data) for g_iic10_master_status_flag
    sci.o(i.IIC10_MasterSend) refers to sci.o(i.IIC10_StartCondition) for IIC10_StartCondition
    sci.o(i.IIC10_MasterSend) refers to sci.o(i.NVIC_ClearPendingIRQ) for NVIC_ClearPendingIRQ
    sci.o(i.IIC10_MasterSend) refers to sci.o(i.NVIC_SetPriority) for NVIC_SetPriority
    sci.o(i.IIC10_MasterSend) refers to sci.o(.data) for g_iic10_master_status_flag
    sci.o(i.IIC10_StopCondition) refers to sci.o(.data) for g_iic10_master_status_flag
    sci.o(i.IIC11_MasterReceive) refers to sci.o(i.IIC11_StartCondition) for IIC11_StartCondition
    sci.o(i.IIC11_MasterReceive) refers to sci.o(i.NVIC_ClearPendingIRQ) for NVIC_ClearPendingIRQ
    sci.o(i.IIC11_MasterReceive) refers to sci.o(.data) for g_iic11_master_status_flag
    sci.o(i.IIC11_MasterSend) refers to sci.o(i.IIC11_StartCondition) for IIC11_StartCondition
    sci.o(i.IIC11_MasterSend) refers to sci.o(i.NVIC_ClearPendingIRQ) for NVIC_ClearPendingIRQ
    sci.o(i.IIC11_MasterSend) refers to sci.o(.data) for g_iic11_master_status_flag
    sci.o(i.IIC20_MasterReceive) refers to sci.o(i.IIC20_StartCondition) for IIC20_StartCondition
    sci.o(i.IIC20_MasterReceive) refers to sci.o(i.NVIC_ClearPendingIRQ) for NVIC_ClearPendingIRQ
    sci.o(i.IIC20_MasterReceive) refers to sci.o(i.NVIC_SetPriority) for NVIC_SetPriority
    sci.o(i.IIC20_MasterReceive) refers to sci.o(.data) for g_iic20_master_status_flag
    sci.o(i.IIC20_MasterSend) refers to sci.o(i.IIC20_StartCondition) for IIC20_StartCondition
    sci.o(i.IIC20_MasterSend) refers to sci.o(i.NVIC_ClearPendingIRQ) for NVIC_ClearPendingIRQ
    sci.o(i.IIC20_MasterSend) refers to sci.o(i.NVIC_SetPriority) for NVIC_SetPriority
    sci.o(i.IIC20_MasterSend) refers to sci.o(.data) for g_iic20_master_status_flag
    sci.o(i.IIC20_StopCondition) refers to sci.o(.data) for g_iic20_master_status_flag
    sci.o(i.IIC21_MasterReceive) refers to sci.o(i.IIC21_StartCondition) for IIC21_StartCondition
    sci.o(i.IIC21_MasterReceive) refers to sci.o(i.NVIC_ClearPendingIRQ) for NVIC_ClearPendingIRQ
    sci.o(i.IIC21_MasterReceive) refers to sci.o(.data) for g_iic21_master_status_flag
    sci.o(i.IIC21_MasterSend) refers to sci.o(i.IIC21_StartCondition) for IIC21_StartCondition
    sci.o(i.IIC21_MasterSend) refers to sci.o(i.NVIC_ClearPendingIRQ) for NVIC_ClearPendingIRQ
    sci.o(i.IIC21_MasterSend) refers to sci.o(.data) for g_iic21_master_status_flag
    sci.o(i.SPI00_MasterReceive) refers to sci.o(i.SPI00_Start) for SPI00_Start
    sci.o(i.SPI00_MasterReceive) refers to sci.o(.data) for dummy_sio00
    sci.o(i.SPI00_MasterSend) refers to sci.o(i.SPI00_Start) for SPI00_Start
    sci.o(i.SPI00_MasterSend) refers to sci.o(.data) for g_spi00_tx_count
    sci.o(i.SPI00_MasterSendReceive) refers to sci.o(i.SPI00_Start) for SPI00_Start
    sci.o(i.SPI00_MasterSendReceive) refers to sci.o(.data) for g_spi00_rx_count
    sci.o(i.SPI00_SlaveReceive) refers to sci.o(i.SPI00_Start) for SPI00_Start
[...]
    Removing gpio.o(.revsh_text), (4 bytes).
    Removing gpio.o(i.GPIO_Get_Value), (6 bytes).
    Removing gpio.o(i.GPIO_Input_Enable), (32 bytes).
    Removing gpio.o(i.GPIO_Nch_OpenDrain), (20 bytes).
    Removing gpio.o(i.GPIO_Output_Enable), (32 bytes).
    Removing gpio.o(i.GPIO_PullUp_Disable), (20 bytes).
    Removing gpio.o(i.GPIO_PullUp_Enable), (20 bytes).
    Removing gpio.o(i.GPIO_Set_Value), (4 bytes).
    Removing gpio.o(i.GPIO_Ttl_Input), (20 bytes).
    Removing sci.o(.rev16_text), (4 bytes).
    Removing sci.o(.revsh_text), (4 bytes).
    Removing sci.o(i.IIC00_Init), (208 bytes).
    Removing sci.o(i.IIC00_MasterReceive), (132 bytes).
    Removing sci.o(i.IIC00_MasterSend), (120 bytes).
    Removing sci.o(i.IIC00_StartCondition), (88 bytes).
    Removing sci.o(i.IIC00_Stop), (36 bytes).
    Removing sci.o(i.IIC00_StopCondition), (108 bytes).
    Removing sci.o(i.IIC01_Init), (172 bytes).
    Removing sci.o(i.IIC01_MasterReceive), (124 bytes).
    Removing sci.o(i.IIC01_MasterSend), (112 bytes).
    Removing sci.o(i.IIC01_StartCondition), (92 bytes).
    Removing sci.o(i.IIC01_Stop), (40 bytes).
    Removing sci.o(i.IIC01_StopCondition), (100 bytes).
    Removing sci.o(i.IIC10_Init), (212 bytes).
    Removing sci.o(i.IIC10_MasterReceive), (132 bytes).
    Removing sci.o(i.IIC10_MasterSend), (120 bytes).
    Removing sci.o(i.IIC10_StartCondition), (92 bytes).
    Removing sci.o(i.IIC10_Stop), (40 bytes).
    Removing sci.o(i.IIC10_StopCondition), (108 bytes).
    Removing sci.o(i.IIC11_Init), (216 bytes).
    Removing sci.o(i.IIC11_MasterReceive), (124 bytes).
    Removing sci.o(i.IIC11_MasterSend), (112 bytes).
    Removing sci.o(i.IIC11_StartCondition), (92 bytes).
    Removing sci.o(i.IIC11_Stop), (40 bytes).
    Removing sci.o(i.IIC11_StopCondition), (100 bytes).
    Removing sci.o(i.IIC20_Init), (208 bytes).
    Removing sci.o(i.IIC20_MasterReceive), (132 bytes).
    Removing sci.o(i.IIC20_MasterSend), (120 bytes).
    Removing sci.o(i.IIC20_StartCondition), (88 bytes).
    Removing sci.o(i.IIC20_Stop), (36 bytes).
    Removing sci.o(i.IIC20_StopCondition), (108 bytes).
    Removing sci.o(i.IIC21_Init), (172 bytes).
    Removing sci.o(i.IIC21_MasterReceive), (124 bytes).
    Removing sci.o(i.IIC21_MasterSend), (112 bytes).
    Removing sci.o(i.IIC21_StartCondition), (92 bytes).
    Removing sci.o(i.IIC21_Stop), (40 bytes).
    Removing sci.o(i.IIC21_StopCondition), (100 bytes).
    Removing sci.o(i.NVIC_SetPriority), (120 bytes).
    Removing sci.o(i.SPI00_MasterInit), (336 bytes).
    Removing sci.o(i.SPI00_MasterReceive), (216 bytes).
    Removing sci.o(i.SPI00_MasterSend), (200 bytes).
    Removing sci.o(i.SPI00_MasterSendReceive), (240 bytes).
    Removing sci.o(i.SPI00_SlaveInit), (244 bytes).
    Removing sci.o(i.SPI00_SlaveReceive), (164 bytes).
    Removing sci.o(i.SPI00_SlaveSend), (196 bytes).
    Removing sci.o(i.SPI00_Start), (80 bytes).
    Removing sci.o(i.SPI00_Stop), (72 bytes).
    Removing sci.o(i.SPI01_MasterInit), (284 bytes).
    Removing sci.o(i.SPI01_MasterReceive), (88 bytes).
    Removing sci.o(i.SPI01_MasterSend), (104 bytes).
    Removing sci.o(i.SPI01_SlaveInit), (168 bytes).
    Removing sci.o(i.SPI01_SlaveReceive), (88 bytes).
    Removing sci.o(i.SPI01_SlaveSend), (104 bytes).
    Removing sci.o(i.SPI01_SlaveSendReceive), (108 bytes).
    Removing sci.o(i.SPI01_Start), (80 bytes).
    Removing sci.o(i.SPI01_Stop), (84 bytes).
    Removing sci.o(i.SPI10_MasterInit), (364 bytes).
    Removing sci.o(i.SPI10_MasterReceive), (228 bytes).
    Removing sci.o(i.SPI10_MasterSend), (196 bytes).
    Removing sci.o(i.SPI10_MasterSendReceive), (248 bytes).
    Removing sci.o(i.SPI10_SlaveInit), (224 bytes).
    Removing sci.o(i.SPI10_SlaveReceive), (164 bytes).
    Removing sci.o(i.SPI10_SlaveSend), (192 bytes).
    Removing sci.o(i.SPI10_Start), (80 bytes).
    Removing sci.o(i.SPI10_Stop), (84 bytes).
    Removing sci.o(i.SPI11_MasterInit), (364 bytes).
    Removing sci.o(i.SPI11_MasterReceive), (236 bytes).
    Removing sci.o(i.SPI11_MasterSend), (200 bytes).
    Removing sci.o(i.SPI11_SlaveInit), (224 bytes).
    Removing sci.o(i.SPI11_SlaveReceive), (168 bytes).
    Removing sci.o(i.SPI11_SlaveSend), (200 bytes).
    Removing sci.o(i.SPI11_SlaveSendReceive), (236 bytes).
    Removing sci.o(i.SPI11_Start), (80 bytes).
    Removing sci.o(i.SPI11_Stop), (84 bytes).
    Removing sci.o(i.SPI20_MasterInit), (336 bytes).
    Removing sci.o(i.SPI20_MasterReceive), (76 bytes).
    Removing sci.o(i.SPI20_MasterSend), (72 bytes).
    Removing sci.o(i.SPI20_SlaveInit), (224 bytes).
    Removing sci.o(i.SPI20_SlaveReceive), (88 bytes).
    Removing sci.o(i.SPI20_SlaveSend), (104 bytes).
    Removing sci.o(i.SPI20_Start), (80 bytes).
    Removing sci.o(i.SPI20_Stop), (72 bytes).
    Removing sci.o(i.SPI21_MasterInit), (268 bytes).
    Removing sci.o(i.SPI21_MasterReceive), (88 bytes).
    Removing sci.o(i.SPI21_MasterSend), (108 bytes).
    Removing sci.o(i.SPI21_MasterSendReceive), (112 bytes).
    Removing sci.o(i.SPI21_SlaveInit), (168 bytes).
    Removing sci.o(i.SPI21_SlaveReceive), (88 bytes).
    Removing sci.o(i.SPI21_SlaveSend), (104 bytes).
    Removing sci.o(i.SPI21_Start), (80 bytes).
    Removing sci.o(i.SPI21_Stop), (76 bytes).
    Removing sci.o(i.UART0_Receive), (28 bytes).
    Removing sci.o(i.UART1_Receive), (44 bytes).
    Removing sci.o(i.UART1_Stop), (60 bytes).
    Removing sci.o(i.UART2_Receive), (44 bytes).
    Removing sci.o(i.UART2_Stop), (68 bytes).
    Removing sci_user.o(.rev16_text), (4 bytes).
    Removing sci_user.o(.revsh_text), (4 bytes).
    Removing sci_user.o(i.iic00_callback_master_error), (2 bytes).
    Removing sci_user.o(i.iic00_callback_master_receiveend), (20 bytes).
    Removing sci_user.o(i.iic00_callback_master_sendend), (20 bytes).
    Removing sci_user.o(i.iic00_interrupt), (388 bytes).
    Removing sci_user.o(i.iic01_callback_master_error), (2 bytes).
    Removing sci_user.o(i.iic01_callback_master_receiveend), (20 bytes).
    Removing sci_user.o(i.iic01_callback_master_sendend), (20 bytes).
    Removing sci_user.o(i.iic01_interrupt), (388 bytes).
    Removing sci_user.o(i.iic20_callback_master_error), (2 bytes).
    Removing sci_user.o(i.iic20_callback_master_receiveend), (20 bytes).
    Removing sci_user.o(i.iic20_callback_master_sendend), (20 bytes).
    Removing sci_user.o(i.iic20_interrupt), (388 bytes).
    Removing sci_user.o(i.iic21_callback_master_error), (2 bytes).
    Removing sci_user.o(i.iic21_callback_master_receiveend), (20 bytes).
    Removing sci_user.o(i.iic21_callback_master_sendend), (20 bytes).
    Removing sci_user.o(i.iic21_interrupt), (388 bytes).
    Removing sci_user.o(i.spi00_callback_error), (2 bytes).
    Removing sci_user.o(i.spi00_callback_receiveend), (12 bytes).
    Removing sci_user.o(i.spi00_callback_sendend), (12 bytes).
    Removing sci_user.o(i.spi00_interrupt), (312 bytes).
    Removing sci_user.o(i.spi01_callback_error), (2 bytes).
    Removing sci_user.o(i.spi01_callback_receiveend), (20 bytes).
    Removing sci_user.o(i.spi01_callback_sendend), (20 bytes).
    Removing sci_user.o(i.spi01_interrupt), (312 bytes).
    Removing sci_user.o(i.spi10_callback_error), (2 bytes).
    Removing sci_user.o(i.spi10_callback_receiveend), (12 bytes).
    Removing sci_user.o(i.spi10_callback_sendend), (12 bytes).
    Removing sci_user.o(i.spi10_interrupt), (312 bytes).
    Removing sci_user.o(i.spi11_callback_error), (2 bytes).
    Removing sci_user.o(i.spi11_callback_receiveend), (20 bytes).
    Removing sci_user.o(i.spi11_callback_sendend), (20 bytes).
    Removing sci_user.o(i.spi11_interrupt), (312 bytes).
    Removing sci_user.o(i.spi20_callback_error), (2 bytes).
    Removing sci_user.o(i.spi20_callback_receiveend), (12 bytes).
    Removing sci_user.o(i.spi20_callback_sendend), (12 bytes).
    Removing sci_user.o(i.spi20_interrupt), (312 bytes).
    Removing sci_user.o(i.spi21_callback_error), (2 bytes).
    Removing sci_user.o(i.spi21_callback_receiveend), (12 bytes).
    Removing sci_user.o(i.spi21_callback_sendend), (12 bytes).
    Removing sci_user.o(i.spi21_interrupt), (312 bytes).
    Removing sci_user.o(i.uart0_callback_receiveend), (2 bytes).
    Removing sci_user.o(i.uart0_callback_softwareoverrun), (2 bytes).
    Removing sci_user.o(i.uart1_callback_receiveend), (2 bytes).
    Removing sci_user.o(i.uart1_callback_softwareoverrun), (2 bytes).
    Removing sci_user.o(i.uart2_callback_receiveend), (2 bytes).
    Removing sci_user.o(i.uart2_callback_softwareoverrun), (2 bytes).
    Removing sci_user.o(.data), (12 bytes).
    Removing usr_main.o(.rev16_text), (4 bytes).
    Removing usr_main.o(.revsh_text), (4 bytes).
    Removing usr_tempcode.o(.data), (20 bytes).
    Removing usr_gpio.o(.rev16_text), (4 bytes).
    Removing usr_gpio.o(.revsh_text), (4 bytes).
    Removing usr_interrupt.o(.rev16_text), (4 bytes).
    Removing usr_interrupt.o(.revsh_text), (4 bytes).
    Removing usr_uart.o(.rev16_text), (4 bytes).
    Removing usr_uart.o(.revsh_text), (4 bytes).
    Removing usr_uart.o(i.Usr_Uart_InitSetup), (112 bytes).
    Removing usr_uart.o(i.Usr_Uart_MainLoop), (68 bytes).
    Removing isr_bat32a237_1.o(.rev16_text), (4 bytes).
    Removing isr_bat32a237_1.o(.revsh_text), (4 bytes).
    Removing isr_bat32a237_1.o(i.iic00_interrupt), (12 bytes).
    Removing isr_bat32a237_1.o(i.iic01_interrupt), (12 bytes).
    Removing isr_bat32a237_1.o(i.iic10_interrupt), (12 bytes).
    Removing isr_bat32a237_1.o(i.iic11_interrupt), (12 bytes).
    Removing isr_bat32a237_1.o(i.iic20_interrupt), (12 bytes).
    Removing isr_bat32a237_1.o(i.iic21_interrupt), (12 bytes).
    Removing isr_bat32a237_1.o(i.spi00_interrupt), (12 bytes).
    Removing isr_bat32a237_1.o(i.spi01_interrupt), (12 bytes).
    Removing isr_bat32a237_1.o(i.spi10_interrupt), (12 bytes).
    Removing isr_bat32a237_1.o(i.spi11_interrupt), (12 bytes).
    Removing isr_bat32a237_1.o(i.spi20_interrupt), (12 bytes).
    Removing isr_bat32a237_1.o(i.spi21_interrupt), (12 bytes).
    Removing isr_bat32a237_1.o(i.uart0_interrupt_receive), (12 bytes).
    Removing isr_bat32a237_1.o(i.uart0_interrupt_send), (12 bytes).
    Removing isr_bat32a237_1.o(i.uart1_interrupt_receive), (12 bytes).
    Removing isr_bat32a237_1.o(i.uart1_interrupt_send), (12 bytes).
    Removing isr_bat32a237_1.o(i.uart2_interrupt_receive), (12 bytes).
    Removing isr_bat32a237_1.o(i.uart2_interrupt_send), (12 bytes).
    Removing system_bat32a237_1.o(.rev16_text), (4 bytes).
    Removing system_bat32a237_1.o(.revsh_text), (4 bytes).
    Removing system_bat32a237_1.o(i.CLK_GetHocoFreq), (64 bytes).

190 unused section(s) (total 17498 bytes) removed from the image.

==============================================================================

Image Symbol Table

    Local Symbols

    Symbol Name                              Value     Ov Type        Size  Object(Section)

    RESET                                    0x00000000   Section      192  startup_bat32a237_1.o(RESET)
    ../clib/angel/boardlib.s                 0x00000000   Number         0  boardinit1.o ABSOLUTE
    ../clib/angel/boardlib.s                 0x00000000   Number         0  boardshut.o ABSOLUTE
    ../clib/angel/boardlib.s                 0x00000000   Number         0  boardinit2.o ABSOLUTE
    ../clib/angel/boardlib.s                 0x00000000   Number         0  boardinit3.o ABSOLUTE
    ../clib/angel/handlers.s                 0x00000000   Number         0  __scatter_zi.o ABSOLUTE
    ../clib/angel/handlers.s                 0x00000000   Number         0  __scatter_copy.o ABSOLUTE
    ../clib/angel/kernel.s                   0x00000000   Number         0  rtexit.o ABSOLUTE
    ../clib/angel/kernel.s                   0x00000000   Number         0  __rtentry.o ABSOLUTE
    ../clib/angel/kernel.s                   0x00000000   Number         0  __rtentry2.o ABSOLUTE
    ../clib/angel/kernel.s                   0x00000000   Number         0  rtexit2.o ABSOLUTE
    ../clib/angel/kernel.s                   0x00000000   Number         0  __rtentry4.o ABSOLUTE
    ../clib/angel/rt.s                       0x00000000   Number         0  aeabi_idiv0_sigfpe.o ABSOLUTE
    ../clib/angel/rt.s                       0x00000000   Number         0  aeabi_idiv0.o ABSOLUTE
    ../clib/angel/rt.s                       0x00000000   Number         0  rt_raise.o ABSOLUTE
    ../clib/angel/rt.s                       0x00000000   Number         0  rt_div0.o ABSOLUTE
    ../clib/angel/scatterp.s                 0x00000000   Number         0  __scatter.o ABSOLUTE
    ../clib/angel/startup.s                  0x00000000   Number         0  __main.o ABSOLUTE
    ../clib/angel/sys.s                      0x00000000   Number         0  use_no_semi.o ABSOLUTE
    ../clib/angel/sys.s                      0x00000000   Number         0  indicate_semi.o ABSOLUTE
    ../clib/angel/sys.s                      0x00000000   Number         0  libspace.o ABSOLUTE
    ../clib/angel/sys.s                      0x00000000   Number         0  tempstk.o ABSOLUTE
    ../clib/angel/sys.s                      0x00000000   Number         0  sys_stackheap_outer.o ABSOLUTE
    ../clib/angel/sysapp.c                   0x00000000   Number         0  sys_wrch.o ABSOLUTE
    ../clib/angel/sysapp.c                   0x00000000   Number         0  sys_exit.o ABSOLUTE
    ../clib/angel/sysapp.c                   0x00000000   Number         0  sys_command.o ABSOLUTE
    ../clib/armsys.c                         0x00000000   Number         0  argv_veneer.o ABSOLUTE
    ../clib/armsys.c                         0x00000000   Number         0  _get_argv_nomalloc.o ABSOLUTE
    ../clib/armsys.c                         0x00000000   Number         0  no_argv.o ABSOLUTE
    ../clib/division.s                       0x00000000   Number         0  aeabi_sdiv.o ABSOLUTE
    ../clib/division.s                       0x00000000   Number         0  aeabi_sdiv_div0.o ABSOLUTE
    ../clib/heapalloc.c                      0x00000000   Number         0  hrguard.o ABSOLUTE
    ../clib/heapaux.c                        0x00000000   Number         0  heapauxi.o ABSOLUTE
    ../clib/libinit.s                        0x00000000   Number         0  libinit2.o ABSOLUTE
    ../clib/libinit.s                        0x00000000   Number         0  libshutdown2.o ABSOLUTE
    ../clib/libinit.s                        0x00000000   Number         0  libshutdown.o ABSOLUTE
    ../clib/libinit.s                        0x00000000   Number         0  libinit.o ABSOLUTE
    ../clib/signal.c                         0x00000000   Number         0  defsig_general.o ABSOLUTE
    ../clib/signal.c                         0x00000000   Number         0  __raise.o ABSOLUTE
    ../clib/signal.c                         0x00000000   Number         0  defsig_rtred_inner.o ABSOLUTE
    ../clib/signal.c                         0x00000000   Number         0  defsig_fpe_inner.o ABSOLUTE
    ../clib/signal.c                         0x00000000   Number         0  defsig_exit.o ABSOLUTE
    ../clib/signal.c                         0x00000000   Number         0  defsig_rtmem_inner.o ABSOLUTE
    ../clib/signal.c                         0x00000000   Number         0  defsig_other.o ABSOLUTE
    ../clib/signal.c                         0x00000000   Number         0  defsig_rtmem_formal.o ABSOLUTE
    ../clib/signal.c                         0x00000000   Number         0  defsig_stak_inner.o ABSOLUTE
    ../clib/signal.c                         0x00000000   Number         0  defsig_abrt_inner.o ABSOLUTE
    ../clib/signal.c                         0x00000000   Number         0  defsig_fpe_formal.o ABSOLUTE
    ../clib/signal.c                         0x00000000   Number         0  defsig_fpe_outer.o ABSOLUTE
    ../clib/signal.c                         0x00000000   Number         0  defsig_rtmem_outer.o ABSOLUTE
    ../clib/signal.c                         0x00000000   Number         0  defsig_pvfn_inner.o ABSOLUTE
    ../clib/signal.c                         0x00000000   Number         0  defsig_cppl_inner.o ABSOLUTE
    ../clib/signal.c                         0x00000000   Number         0  defsig_segv_inner.o ABSOLUTE
    ../clib/signal.s                         0x00000000   Number         0  defsig.o ABSOLUTE
    ../clib/stdlib.c                         0x00000000   Number         0  exit.o ABSOLUTE
    ../fplib/cfplib/fpinit.c                 0x00000000   Number         0  fpinit.o ABSOLUTE
    RTE\Device\BAT32A237KH64FB\isr_BAT32A237.c 0x00000000   Number         0  isr_bat32a237_1.o ABSOLUTE
    RTE\Device\BAT32A237KH64FB\startup_BAT32A237.s 0x00000000   Number         0  startup_bat32a237_1.o ABSOLUTE
    RTE\Device\BAT32A237KH64FB\system_BAT32A237.c 0x00000000   Number         0  system_bat32a237_1.o ABSOLUTE
    RTE\\Device\\BAT32A237KH64FB\\isr_BAT32A237.c 0x00000000   Number         0  isr_bat32a237_1.o ABSOLUTE
    RTE\\Device\\BAT32A237KH64FB\\system_BAT32A237.c 0x00000000   Number         0  system_bat32a237_1.o ABSOLUTE
    SourceCode\CMS_SDK_1D0D5\Driver\src\gpio.c 0x00000000   Number         0  gpio.o ABSOLUTE
    SourceCode\CMS_SDK_1D0D5\Driver\src\sci.c 0x00000000   Number         0  sci.o ABSOLUTE
    SourceCode\CMS_SDK_1D0D5\Driver\src\sci_user.c 0x00000000   Number         0  sci_user.o ABSOLUTE
    SourceCode\UsrCode\Usr_GPIO.c            0x00000000   Number         0  usr_gpio.o ABSOLUTE
    SourceCode\UsrCode\Usr_Interrupt.c       0x00000000   Number         0  usr_interrupt.o ABSOLUTE
    SourceCode\UsrCode\Usr_Main.c            0x00000000   Number         0  usr_main.o ABSOLUTE
    SourceCode\UsrCode\Usr_TempCode.c        0x00000000   Number         0  usr_tempcode.o ABSOLUTE
    SourceCode\UsrCode\Usr_Uart.c            0x00000000   Number         0  usr_uart.o ABSOLUTE
    SourceCode\\CMS_SDK_1D0D5\\Driver\\src\\gpio.c 0x00000000   Number         0  gpio.o ABSOLUTE
    SourceCode\\CMS_SDK_1D0D5\\Driver\\src\\sci.c 0x00000000   Number         0  sci.o ABSOLUTE
    SourceCode\\CMS_SDK_1D0D5\\Driver\\src\\sci_user.c 0x00000000   Number         0  sci_user.o ABSOLUTE
    SourceCode\\UsrCode\\Usr_GPIO.c          0x00000000   Number         0  usr_gpio.o ABSOLUTE
    SourceCode\\UsrCode\\Usr_Interrupt.c     0x00000000   Number         0  usr_interrupt.o ABSOLUTE
    SourceCode\\UsrCode\\Usr_Main.c          0x00000000   Number         0  usr_main.o ABSOLUTE
    SourceCode\\UsrCode\\Usr_Uart.c          0x00000000   Number         0  usr_uart.o ABSOLUTE
    dc.s                                     0x00000000   Number         0  dc.o ABSOLUTE
    .ARM.__AT_0x000000C0                     0x000000c0   Section        4  system_bat32a237_1.o(.ARM.__AT_0x000000C0)
    __tagsym$$used                           0x000000c0   Number         0  system_bat32a237_1.o(.ARM.__AT_0x000000C0)
    !!!main                                  0x000000c4   Section        8  __main.o(!!!main)
    !!!scatter                               0x000000cc   Section       60  __scatter.o(!!!scatter)
    !!handler_copy                           0x00000108   Section       26  __scatter_copy.o(!!handler_copy)
    !!handler_zi                             0x00000124   Section       28  __scatter_zi.o(!!handler_zi)
    .ARM.Collect$$libinit$$00000000          0x00000140   Section        2  libinit.o(.ARM.Collect$$libinit$$00000000)
    .ARM.Collect$$libinit$$00000002          0x00000142   Section        0  libinit2.o(.ARM.Collect$$libinit$$00000002)
    .ARM.Collect$$libinit$$00000004          0x00000142   Section        0  libinit2.o(.ARM.Collect$$libinit$$00000004)
    .ARM.Collect$$libinit$$0000000A          0x00000142   Section        0  libinit2.o(.ARM.Collect$$libinit$$0000000A)
    .ARM.Collect$$libinit$$0000000C          0x00000142   Section        0  libinit2.o(.ARM.Collect$$libinit$$0000000C)
    .ARM.Collect$$libinit$$0000000E          0x00000142   Section        0  libinit2.o(.ARM.Collect$$libinit$$0000000E)
    .ARM.Collect$$libinit$$00000011          0x00000142   Section        0  libinit2.o(.ARM.Collect$$libinit$$00000011)
    .ARM.Collect$$libinit$$00000013          0x00000142   Section        0  libinit2.o(.ARM.Collect$$libinit$$00000013)
    .ARM.Collect$$libinit$$00000015          0x00000142   Section        0  libinit2.o(.ARM.Collect$$libinit$$00000015)
    .ARM.Collect$$libinit$$00000017          0x00000142   Section        0  libinit2.o(.ARM.Collect$$libinit$$00000017)
    .ARM.Collect$$libinit$$00000019          0x00000142   Section        0  libinit2.o(.ARM.Collect$$libinit$$00000019)
    .ARM.Collect$$libinit$$0000001B          0x00000142   Section        0  libinit2.o(.ARM.Collect$$libinit$$0000001B)
    .ARM.Collect$$libinit$$0000001D          0x00000142   Section        0  libinit2.o(.ARM.Collect$$libinit$$0000001D)
    .ARM.Collect$$libinit$$0000001F          0x00000142   Section        0  libinit2.o(.ARM.Collect$$libinit$$0000001F)
    .ARM.Collect$$libinit$$00000021          0x00000142   Section        0  libinit2.o(.ARM.Collect$$libinit$$00000021)
    .ARM.Collect$$libinit$$00000023          0x00000142   Section        0  libinit2.o(.ARM.Collect$$libinit$$00000023)
    .ARM.Collect$$libinit$$00000025          0x00000142   Section        0  libinit2.o(.ARM.Collect$$libinit$$00000025)
    .ARM.Collect$$libinit$$0000002C          0x00000142   Section        0  libinit2.o(.ARM.Collect$$libinit$$0000002C)
    .ARM.Collect$$libinit$$0000002E          0x00000142   Section        0  libinit2.o(.ARM.Collect$$libinit$$0000002E)
    .ARM.Collect$$libinit$$00000030          0x00000142   Section        0  libinit2.o(.ARM.Collect$$libinit$$00000030)
    .ARM.Collect$$libinit$$00000032          0x00000142   Section        0  libinit2.o(.ARM.Collect$$libinit$$00000032)
    .ARM.Collect$$libinit$$00000033          0x00000142   Section        2  libinit2.o(.ARM.Collect$$libinit$$00000033)
    .ARM.Collect$$libshutdown$$00000000      0x00000144   Section        2  libshutdown.o(.ARM.Collect$$libshutdown$$00000000)
    .ARM.Collect$$libshutdown$$00000003      0x00000146   Section        0  libshutdown2.o(.ARM.Collect$$libshutdown$$00000003)
    .ARM.Collect$$libshutdown$$00000006      0x00000146   Section        0  libshutdown2.o(.ARM.Collect$$libshutdown$$00000006)
    .ARM.Collect$$libshutdown$$00000009      0x00000146   Section        0  libshutdown2.o(.ARM.Collect$$libshutdown$$00000009)
    .ARM.Collect$$libshutdown$$0000000B      0x00000146   Section        0  libshutdown2.o(.ARM.Collect$$libshutdown$$0000000B)
    .ARM.Collect$$libshutdown$$0000000E      0x00000146   Section        0  libshutdown2.o(.ARM.Collect$$libshutdown$$0000000E)
    .ARM.Collect$$libshutdown$$0000000F      0x00000146   Section        2  libshutdown2.o(.ARM.Collect$$libshutdown$$0000000F)
    .ARM.Collect$$rtentry$$00000000          0x00000148   Section        0  __rtentry.o(.ARM.Collect$$rtentry$$00000000)
    .ARM.Collect$$rtentry$$00000002          0x00000148   Section        0  __rtentry2.o(.ARM.Collect$$rtentry$$00000002)
    .ARM.Collect$$rtentry$$00000004          0x00000148   Section        6  __rtentry4.o(.ARM.Collect$$rtentry$$00000004)
    .ARM.Collect$$rtentry$$00000009          0x0000014e   Section        0  __rtentry2.o(.ARM.Collect$$rtentry$$00000009)
    .ARM.Collect$$rtentry$$0000000A          0x0000014e   Section        4  __rtentry2.o(.ARM.Collect$$rtentry$$0000000A)
    .ARM.Collect$$rtentry$$0000000C          0x00000152   Section        0  __rtentry2.o(.ARM.Collect$$rtentry$$0000000C)
    .ARM.Collect$$rtentry$$0000000D          0x00000152   Section        8  __rtentry2.o(.ARM.Collect$$rtentry$$0000000D)
    .ARM.Collect$$rtexit$$00000000           0x0000015a   Section        2  rtexit.o(.ARM.Collect$$rtexit$$00000000)
    .ARM.Collect$$rtexit$$00000002           0x0000015c   Section        0  rtexit2.o(.ARM.Collect$$rtexit$$00000002)
    .ARM.Collect$$rtexit$$00000003           0x0000015c   Section        4  rtexit2.o(.ARM.Collect$$rtexit$$00000003)
    .ARM.Collect$$rtexit$$00000004           0x00000160   Section        6  rtexit2.o(.ARM.Collect$$rtexit$$00000004)
    .text                                    0x00000168   Section      128  startup_bat32a237_1.o(.text)
    .text                                    0x000001e8   Section      346  aeabi_sdiv.o(.text)
    .text                                    0x00000342   Section        0  heapauxi.o(.text)
    .text                                    0x00000348   Section       62  sys_stackheap_outer.o(.text)
    .text                                    0x00000386   Section        0  exit.o(.text)
    .text                                    0x00000394   Section        8  libspace.o(.text)
    .text                                    0x0000039c   Section        0  sys_exit.o(.text)
    .text                                    0x000003a8   Section        2  use_no_semi.o(.text)
    .text                                    0x000003aa   Section        0  indicate_semi.o(.text)
    i.CAN0Err_Interrupt                      0x000003ac   Section        0  isr_bat32a237_1.o(i.CAN0Err_Interrupt)
    i.CAN0Rec_Interrupt                      0x000003b8   Section        0  isr_bat32a237_1.o(i.CAN0Rec_Interrupt)
    i.CAN0Trx_Interrupt                      0x000003c4   Section        0  isr_bat32a237_1.o(i.CAN0Trx_Interrupt)
    i.CAN0Wup_Interrupt                      0x000003d0   Section        0  isr_bat32a237_1.o(i.CAN0Wup_Interrupt)
    i.CLK_GetCoreFreq                        0x000003dc   Section        0  system_bat32a237_1.o(i.CLK_GetCoreFreq)
    i.IRQ00_Handler                          0x00000488   Section        0  isr_bat32a237_1.o(i.IRQ00_Handler)
    i.IRQ01_Handler                          0x0000049c   Section        0  isr_bat32a237_1.o(i.IRQ01_Handler)
    i.IRQ02_Handler                          0x000004bc   Section        0  isr_bat32a237_1.o(i.IRQ02_Handler)
    i.IRQ03_Handler                          0x000004dc   Section        0  isr_bat32a237_1.o(i.IRQ03_Handler)
    i.IRQ04_Handler                          0x000004fc   Section        0  isr_bat32a237_1.o(i.IRQ04_Handler)
    i.IRQ05_Handler                          0x0000051c   Section        0  isr_bat32a237_1.o(i.IRQ05_Handler)
    i.IRQ06_Handler                          0x0000053c   Section        0  isr_bat32a237_1.o(i.IRQ06_Handler)
    i.IRQ07_Handler                          0x0000055c   Section        0  isr_bat32a237_1.o(i.IRQ07_Handler)
    i.IRQ08_Handler                          0x00000570   Section        0  isr_bat32a237_1.o(i.IRQ08_Handler)
    i.IRQ09_Handler                          0x00000584   Section        0  isr_bat32a237_1.o(i.IRQ09_Handler)
    i.IRQ10_Handler                          0x000005a8   Section        0  isr_bat32a237_1.o(i.IRQ10_Handler)
    i.IRQ11_Handler                          0x000005bc   Section        0  isr_bat32a237_1.o(i.IRQ11_Handler)
    i.IRQ12_Handler                          0x000005d0   Section        0  isr_bat32a237_1.o(i.IRQ12_Handler)
    i.IRQ13_Handler                          0x000005f4   Section        0  isr_bat32a237_1.o(i.IRQ13_Handler)
    i.IRQ14_Handler                          0x00000608   Section        0  isr_bat32a237_1.o(i.IRQ14_Handler)
    i.IRQ15_Handler                          0x0000061c   Section        0  isr_bat32a237_1.o(i.IRQ15_Handler)
    i.IRQ16_Handler                          0x00000640   Section        0  isr_bat32a237_1.o(i.IRQ16_Handler)
    i.IRQ17_Handler                          0x00000660   Section        0  isr_bat32a237_1.o(i.IRQ17_Handler)
    i.IRQ18_Handler                          0x00000674   Section        0  isr_bat32a237_1.o(i.IRQ18_Handler)
    i.IRQ19_Handler                          0x00000688   Section        0  isr_bat32a237_1.o(i.IRQ19_Handler)
    i.IRQ20_Handler                          0x0000069c   Section        0  isr_bat32a237_1.o(i.IRQ20_Handler)
    i.IRQ21_Handler                          0x000006b0   Section        0  isr_bat32a237_1.o(i.IRQ21_Handler)
    i.IRQ22_Handler                          0x000006c4   Section        0  isr_bat32a237_1.o(i.IRQ22_Handler)
    i.IRQ23_Handler                          0x000006e8   Section        0  isr_bat32a237_1.o(i.IRQ23_Handler)
    i.IRQ24_Handler                          0x0000070c   Section        0  isr_bat32a237_1.o(i.IRQ24_Handler)
    i.IRQ25_Handler                          0x0000072c   Section        0  isr_bat32a237_1.o(i.IRQ25_Handler)
    i.IRQ26_Handler                          0x00000750   Section        0  isr_bat32a237_1.o(i.IRQ26_Handler)
    i.IRQ27_Handler                          0x00000764   Section        0  isr_bat32a237_1.o(i.IRQ27_Handler)
    i.IRQ28_Handler                          0x00000778   Section        0  isr_bat32a237_1.o(i.IRQ28_Handler)
    i.IRQ29_Handler                          0x0000078c   Section        0  isr_bat32a237_1.o(i.IRQ29_Handler)
    i.IRQ30_Handler                          0x000007a0   Section        0  isr_bat32a237_1.o(i.IRQ30_Handler)
    i.IRQ31_Handler                          0x000007b4   Section        0  isr_bat32a237_1.o(i.IRQ31_Handler)
    i.Mcu_Init                               0x000007c8   Section        0  usr_main.o(i.Mcu_Init)
    i.NVIC_ClearPendingIRQ                   0x00000814   Section        0  sci.o(i.NVIC_ClearPendingIRQ)
    NVIC_ClearPendingIRQ                     0x00000815   Thumb Code    14  sci.o(i.NVIC_ClearPendingIRQ)
    i.NVIC_ClearPendingIRQ                   0x00000828   Section        0  usr_uart.o(i.NVIC_ClearPendingIRQ)
    NVIC_ClearPendingIRQ                     0x00000829   Thumb Code    14  usr_uart.o(i.NVIC_ClearPendingIRQ)
    i.NVIC_EnableIRQ                         0x0000083c   Section        0  usr_uart.o(i.NVIC_EnableIRQ)
    NVIC_EnableIRQ                           0x0000083d   Thumb Code    14  usr_uart.o(i.NVIC_EnableIRQ)
    i.NVIC_SetPriority                       0x00000850   Section        0  usr_main.o(i.NVIC_SetPriority)
    NVIC_SetPriority                         0x00000851   Thumb Code   110  usr_main.o(i.NVIC_SetPriority)
    i.PORT_Init                              0x000008c8   Section        0  gpio.o(i.PORT_Init)
    i.SysTick_Handler                        0x00000a60   Section        0  usr_interrupt.o(i.SysTick_Handler)
    i.SystemCoreClockUpdate                  0x00000a90   Section        0  system_bat32a237_1.o(i.SystemCoreClockUpdate)
    i.SystemInit                             0x00000aa0   Section        0  system_bat32a237_1.o(i.SystemInit)
    i.UART0_BaudRate                         0x00000b34   Section        0  sci.o(i.UART0_BaudRate)
    i.UART0_Init                             0x00000b98   Section        0  sci.o(i.UART0_Init)
    i.UART0_Send                             0x00000cbc   Section        0  sci.o(i.UART0_Send)
    i.UART1_BaudRate                         0x00000cd8   Section        0  sci.o(i.UART1_BaudRate)
    i.UART1_Init                             0x00000d28   Section        0  sci.o(i.UART1_Init)
    i.UART1_Send                             0x00000e58   Section        0  sci.o(i.UART1_Send)
    i.UART1_Start                            0x00000e9c   Section        0  sci.o(i.UART1_Start)
    i.UART2_BaudRate                         0x00000eec   Section        0  sci.o(i.UART2_BaudRate)
    i.UART2_Init                             0x00000f3c   Section        0  sci.o(i.UART2_Init)
    i.UART2_Send                             0x00001090   Section        0  sci.o(i.UART2_Send)
    i.UART2_Start                            0x000010d4   Section        0  sci.o(i.UART2_Start)
    i.UART_BaudRateCal                       0x0000112c   Section        0  sci.o(i.UART_BaudRateCal)
    i.Uart_St_Init                           0x0000120c   Section        0  usr_uart.o(i.Uart_St_Init)
    i.Uart_St_Init_s                         0x00001228   Section        0  usr_uart.o(i.Uart_St_Init_s)
    i.Usr_GPIO_InitSetup                     0x0000124c   Section        0  usr_gpio.o(i.Usr_GPIO_InitSetup)
    i.Usr_GPIO_MainLoop                      0x00001278   Section        0  usr_gpio.o(i.Usr_GPIO_MainLoop)
    i.Usr_Uart_Echo                          0x00001324   Section        0  usr_uart.o(i.Usr_Uart_Echo)
    i.Usr_Uart_Init                          0x00001408   Section        0  usr_uart.o(i.Usr_Uart_Init)
    i.__ARM_common_switch8                   0x000014f8   Section        0  gpio.o(i.__ARM_common_switch8)
    i.adc_interrupt                          0x00001514   Section        0  isr_bat32a237_1.o(i.adc_interrupt)
    i.cmp0_interrupt                         0x00001520   Section        0  isr_bat32a237_1.o(i.cmp0_interrupt)
    i.cmp1_interrupt                         0x0000152c   Section        0  isr_bat32a237_1.o(i.cmp1_interrupt)
    i.div_interrupt                          0x00001538   Section        0  isr_bat32a237_1.o(i.div_interrupt)
    i.flash_interrupt                        0x00001544   Section        0  isr_bat32a237_1.o(i.flash_interrupt)
    i.iica0_interrupt                        0x00001550   Section        0  isr_bat32a237_1.o(i.iica0_interrupt)
    i.intp0_interrupt                        0x0000155c   Section        0  isr_bat32a237_1.o(i.intp0_interrupt)
    i.intp10_interrupt                       0x00001568   Section        0  isr_bat32a237_1.o(i.intp10_interrupt)
    i.intp11_interrupt                       0x00001574   Section        0  isr_bat32a237_1.o(i.intp11_interrupt)
    i.intp1_interrupt                        0x00001580   Section        0  isr_bat32a237_1.o(i.intp1_interrupt)
    i.intp2_interrupt                        0x0000158c   Section        0  isr_bat32a237_1.o(i.intp2_interrupt)
    i.intp3_interrupt                        0x00001598   Section        0  isr_bat32a237_1.o(i.intp3_interrupt)
    i.intp4_interrupt                        0x000015a4   Section        0  isr_bat32a237_1.o(i.intp4_interrupt)
    i.intp5_interrupt                        0x000015b0   Section        0  isr_bat32a237_1.o(i.intp5_interrupt)
    i.intp6_interrupt                        0x000015bc   Section        0  isr_bat32a237_1.o(i.intp6_interrupt)
    i.intp7_interrupt                        0x000015c8   Section        0  isr_bat32a237_1.o(i.intp7_interrupt)
    i.intp8_interrupt                        0x000015d4   Section        0  isr_bat32a237_1.o(i.intp8_interrupt)
    i.intp9_interrupt                        0x000015e0   Section        0  isr_bat32a237_1.o(i.intp9_interrupt)
    i.it_interrupt                           0x000015ec   Section        0  isr_bat32a237_1.o(i.it_interrupt)
    i.key_interrupt                          0x000015f8   Section        0  isr_bat32a237_1.o(i.key_interrupt)
    i.lvi_interrupt                          0x00001604   Section        0  isr_bat32a237_1.o(i.lvi_interrupt)
    i.main                                   0x00001610   Section        0  usr_main.o(i.main)
    i.rtc_interrupt                          0x00001654   Section        0  isr_bat32a237_1.o(i.rtc_interrupt)
    i.sre0_interrupt                         0x00001660   Section        0  isr_bat32a237_1.o(i.sre0_interrupt)
    i.sre1_interrupt                         0x0000166c   Section        0  isr_bat32a237_1.o(i.sre1_interrupt)
    i.sre2_interrupt                         0x00001678   Section        0  isr_bat32a237_1.o(i.sre2_interrupt)
    i.tm01h_interrupt                        0x00001684   Section        0  isr_bat32a237_1.o(i.tm01h_interrupt)
    i.tm03h_interrupt                        0x00001690   Section        0  isr_bat32a237_1.o(i.tm03h_interrupt)
    i.tm40_channel0_interrupt                0x0000169c   Section        0  isr_bat32a237_1.o(i.tm40_channel0_interrupt)
    i.tm40_channel1_interrupt                0x000016a8   Section        0  isr_bat32a237_1.o(i.tm40_channel1_interrupt)
    i.tm40_channel2_interrupt                0x000016b4   Section        0  isr_bat32a237_1.o(i.tm40_channel2_interrupt)
    i.tm40_channel3_interrupt                0x000016c0   Section        0  isr_bat32a237_1.o(i.tm40_channel3_interrupt)
    i.tma0_interrupt                         0x000016cc   Section        0  isr_bat32a237_1.o(i.tma0_interrupt)
    i.tmb0_interrupt                         0x000016d8   Section        0  isr_bat32a237_1.o(i.tmb0_interrupt)
    i.tmc_interrupt                          0x000016e4   Section        0  isr_bat32a237_1.o(i.tmc_interrupt)
    i.tmm0_interrupt                         0x000016f0   Section        0  isr_bat32a237_1.o(i.tmm0_interrupt)
    i.tmm1_interrupt                         0x000016fc   Section        0  isr_bat32a237_1.o(i.tmm1_interrupt)
    i.uart0_callback_error                   0x00001708   Section        0  sci_user.o(i.uart0_callback_error)
    uart0_callback_error                     0x00001709   Thumb Code     2  sci_user.o(i.uart0_callback_error)
    i.uart0_callback_sendend                 0x0000170a   Section        0  sci_user.o(i.uart0_callback_sendend)
    uart0_callback_sendend                   0x0000170b   Thumb Code     2  sci_user.o(i.uart0_callback_sendend)
    i.uart0_interrupt_receive                0x0000170c   Section        0  sci_user.o(i.uart0_interrupt_receive)
    i.uart0_interrupt_send                   0x00001778   Section        0  sci_user.o(i.uart0_interrupt_send)
    i.uart1_callback_error                   0x000017bc   Section        0  sci_user.o(i.uart1_callback_error)
    uart1_callback_error                     0x000017bd   Thumb Code     2  sci_user.o(i.uart1_callback_error)
    i.uart1_callback_sendend                 0x000017be   Section        0  sci_user.o(i.uart1_callback_sendend)
    uart1_callback_sendend                   0x000017bf   Thumb Code     2  sci_user.o(i.uart1_callback_sendend)
    i.uart1_interrupt_receive                0x000017c0   Section        0  sci_user.o(i.uart1_interrupt_receive)
    i.uart1_interrupt_send                   0x0000182c   Section        0  sci_user.o(i.uart1_interrupt_send)
    i.uart2_callback_error                   0x00001870   Section        0  sci_user.o(i.uart2_callback_error)
    uart2_callback_error                     0x00001871   Thumb Code     2  sci_user.o(i.uart2_callback_error)
    i.uart2_callback_sendend                 0x00001872   Section        0  sci_user.o(i.uart2_callback_sendend)
    uart2_callback_sendend                   0x00001873   Thumb Code     2  sci_user.o(i.uart2_callback_sendend)
    i.uart2_interrupt_receive                0x00001874   Section        0  sci_user.o(i.uart2_interrupt_receive)
    i.uart2_interrupt_send                   0x000018e0   Section        0  sci_user.o(i.uart2_interrupt_send)
    .constdata                               0x00001924   Section       32  sci.o(.constdata)
    .data                                    0x20000000   Section      276  sci.o(.data)
    dummy_sio00                              0x20000108   Data           1  sci.o(.data)
    dummy_sio00                              0x20000109   Data           1  sci.o(.data)
    dummy_sio01                              0x2000010a   Data           1  sci.o(.data)
    dummy_sio01                              0x2000010b   Data           1  sci.o(.data)
    dummy_sio10                              0x2000010c   Data           1  sci.o(.data)
    dummy_sio10                              0x2000010d   Data           1  sci.o(.data)
    dummy_sio11                              0x2000010e   Data           1  sci.o(.data)
    dummy_sio11                              0x2000010f   Data           1  sci.o(.data)
    dummy_sio20                              0x20000110   Data           1  sci.o(.data)
    dummy_sio20                              0x20000111   Data           1  sci.o(.data)
    dummy_sio21                              0x20000112   Data           1  sci.o(.data)
    dummy_sio21                              0x20000113   Data           1  sci.o(.data)
    .data                                    0x20000114   Section        9  usr_gpio.o(.data)
    tmp1                                     0x2000011c   Data           1  usr_gpio.o(.data)
    .data                                    0x20000120   Section        4  usr_uart.o(.data)
    .data                                    0x20000124   Section        4  system_bat32a237_1.o(.data)
    .bss                                     0x20000128   Section      405  usr_uart.o(.bss)
    .bss                                     0x200002c0   Section       96  libspace.o(.bss)
    HEAP                                     0x20000320   Section      256  startup_bat32a237_1.o(HEAP)
    Heap_Mem                                 0x20000320   Data         256  startup_bat32a237_1.o(HEAP)
    STACK                                    0x20000420   Section     1024  startup_bat32a237_1.o(STACK)
    Stack_Mem                                0x20000420   Data        1024  startup_bat32a237_1.o(STACK)
    __initial_sp                             0x20000820   Data           0  startup_bat32a237_1.o(STACK)

    Global Symbols

    Symbol Name                              Value     Ov Type        Size  Object(Section)

    BuildAttributes$$THM_ISAv3M$S$PE$A:L22$X:L11$S22$IEEE1$IW$USESV6$~STKCKD$USESV7$~SHL$OSPACE$ROPI$EBA8$UX$STANDARDLIB$REQ8$PRES8$EABIv2 0x00000000   Number         0  anon$$obj.o ABSOLUTE
    __ARM_use_no_argv                        0x00000000   Number         0  usr_main.o ABSOLUTE
    __Vectors                                0x00000000   Data           4  startup_bat32a237_1.o(RESET)
    __ARM_exceptions_init                     - Undefined Weak Reference
    __alloca_initialize                       - Undefined Weak Reference
    __arm_preinit_                            - Undefined Weak Reference
    __cpp_initialize__aeabi_                  - Undefined Weak Reference
    __cxa_finalize                            - Undefined Weak Reference
    __rt_locale                               - Undefined Weak Reference
    __sigvec_lookup                           - Undefined Weak Reference
    _atexit_init                              - Undefined Weak Reference
    _call_atexit_fns                          - Undefined Weak Reference
    _clock_init                               - Undefined Weak Reference
    _fp_trap_init                             - Undefined Weak Reference
    _fp_trap_shutdown                         - Undefined Weak Reference
    _get_lc_collate                           - Undefined Weak Reference
    _get_lc_ctype                             - Undefined Weak Reference
    _get_lc_monetary                          - Undefined Weak Reference
    _get_lc_numeric                           - Undefined Weak Reference
    _get_lc_time                              - Undefined Weak Reference
    _getenv_init                              - Undefined Weak Reference
    _handle_redirection                       - Undefined Weak Reference
    _init_alloc                               - Undefined Weak Reference
    _init_user_alloc                          - Undefined Weak Reference
    _initio                                   - Undefined Weak Reference
    _rand_init                                - Undefined Weak Reference
    _signal_finish                            - Undefined Weak Reference
    _signal_init                              - Undefined Weak Reference
    _terminate_alloc                          - Undefined Weak Reference
    _terminate_user_alloc                     - Undefined Weak Reference
    _terminateio                              - Undefined Weak Reference
    __Vectors_End                            0x000000c0   Data           0  startup_bat32a237_1.o(RESET)
    __Vectors_Size                           0x000000c0   Number         0  startup_bat32a237_1.o ABSOLUTE
    user_opt_data                            0x000000c0   Data           4  system_bat32a237_1.o(.ARM.__AT_0x000000C0)
    __main                                   0x000000c5   Thumb Code     8  __main.o(!!!main)
    __scatterload                            0x000000cd   Thumb Code     0  __scatter.o(!!!scatter)
    __scatterload_rt2                        0x000000cd   Thumb Code    52  __scatter.o(!!!scatter)
    __scatterload_rt2_thumb_only             0x000000cd   Thumb Code     0  __scatter.o(!!!scatter)
    __scatterload_null                       0x000000dd   Thumb Code     0  __scatter.o(!!!scatter)
    __scatterload_copy                       0x00000109   Thumb Code    26  __scatter_copy.o(!!handler_copy)
    __scatterload_zeroinit                   0x00000125   Thumb Code    28  __scatter_zi.o(!!handler_zi)
    __rt_lib_init                            0x00000141   Thumb Code     0  libinit.o(.ARM.Collect$$libinit$$00000000)
    __rt_lib_init_alloca_1                   0x00000143   Thumb Code     0  libinit2.o(.ARM.Collect$$libinit$$0000002E)
    __rt_lib_init_argv_1                     0x00000143   Thumb Code     0  libinit2.o(.ARM.Collect$$libinit$$0000002C)
    __rt_lib_init_atexit_1                   0x00000143   Thumb Code     0  libinit2.o(.ARM.Collect$$libinit$$0000001B)
    __rt_lib_init_clock_1                    0x00000143   Thumb Code     0  libinit2.o(.ARM.Collect$$libinit$$00000021)
    __rt_lib_init_cpp_1                      0x00000143   Thumb Code     0  libinit2.o(.ARM.Collect$$libinit$$00000032)
    __rt_lib_init_exceptions_1               0x00000143   Thumb Code     0  libinit2.o(.ARM.Collect$$libinit$$00000030)
    __rt_lib_init_fp_1                       0x00000143   Thumb Code     0  libinit2.o(.ARM.Collect$$libinit$$00000002)
    __rt_lib_init_fp_trap_1                  0x00000143   Thumb Code     0  libinit2.o(.ARM.Collect$$libinit$$0000001F)
    __rt_lib_init_getenv_1                   0x00000143   Thumb Code     0  libinit2.o(.ARM.Collect$$libinit$$00000023)
    __rt_lib_init_heap_1                     0x00000143   Thumb Code     0  libinit2.o(.ARM.Collect$$libinit$$0000000A)
    __rt_lib_init_lc_collate_1               0x00000143   Thumb Code     0  libinit2.o(.ARM.Collect$$libinit$$00000011)
    __rt_lib_init_lc_ctype_1                 0x00000143   Thumb Code     0  libinit2.o(.ARM.Collect$$libinit$$00000013)
    __rt_lib_init_lc_monetary_1              0x00000143   Thumb Code     0  libinit2.o(.ARM.Collect$$libinit$$00000015)
    __rt_lib_init_lc_numeric_1               0x00000143   Thumb Code     0  libinit2.o(.ARM.Collect$$libinit$$00000017)
    __rt_lib_init_lc_time_1                  0x00000143   Thumb Code     0  libinit2.o(.ARM.Collect$$libinit$$00000019)
    __rt_lib_init_preinit_1                  0x00000143   Thumb Code     0  libinit2.o(.ARM.Collect$$libinit$$00000004)
    __rt_lib_init_rand_1                     0x00000143   Thumb Code     0  libinit2.o(.ARM.Collect$$libinit$$0000000E)
    __rt_lib_init_return                     0x00000143   Thumb Code     0  libinit2.o(.ARM.Collect$$libinit$$00000033)
    __rt_lib_init_signal_1                   0x00000143   Thumb Code     0  libinit2.o(.ARM.Collect$$libinit$$0000001D)
    __rt_lib_init_stdio_1                    0x00000143   Thumb Code     0  libinit2.o(.ARM.Collect$$libinit$$00000025)
    __rt_lib_init_user_alloc_1               0x00000143   Thumb Code     0  libinit2.o(.ARM.Collect$$libinit$$0000000C)
    __rt_lib_shutdown                        0x00000145   Thumb Code     0  libshutdown.o(.ARM.Collect$$libshutdown$$00000000)
    __rt_lib_shutdown_fp_trap_1              0x00000147   Thumb Code     0  libshutdown2.o(.ARM.Collect$$libshutdown$$00000006)
    __rt_lib_shutdown_heap_1                 0x00000147   Thumb Code     0  libshutdown2.o(.ARM.Collect$$libshutdown$$0000000E)
    __rt_lib_shutdown_return                 0x00000147   Thumb Code     0  libshutdown2.o(.ARM.Collect$$libshutdown$$0000000F)
    __rt_lib_shutdown_signal_1               0x00000147   Thumb Code     0  libshutdown2.o(.ARM.Collect$$libshutdown$$00000009)
    __rt_lib_shutdown_stdio_1                0x00000147   Thumb Code     0  libshutdown2.o(.ARM.Collect$$libshutdown$$00000003)
    __rt_lib_shutdown_user_alloc_1           0x00000147   Thumb Code     0  libshutdown2.o(.ARM.Collect$$libshutdown$$0000000B)
    __rt_entry                               0x00000149   Thumb Code     0  __rtentry.o(.ARM.Collect$$rtentry$$00000000)
    __rt_entry_presh_1                       0x00000149   Thumb Code     0  __rtentry2.o(.ARM.Collect$$rtentry$$00000002)
    __rt_entry_sh                            0x00000149   Thumb Code     0  __rtentry4.o(.ARM.Collect$$rtentry$$00000004)
    __rt_entry_li                            0x0000014f   Thumb Code     0  __rtentry2.o(.ARM.Collect$$rtentry$$0000000A)
    __rt_entry_postsh_1                      0x0000014f   Thumb Code     0  __rtentry2.o(.ARM.Collect$$rtentry$$00000009)
    __rt_entry_main                          0x00000153   Thumb Code     0  __rtentry2.o(.ARM.Collect$$rtentry$$0000000D)
    __rt_entry_postli_1                      0x00000153   Thumb Code     0  __rtentry2.o(.ARM.Collect$$rtentry$$0000000C)
    __rt_exit                                0x0000015b   Thumb Code     0  rtexit.o(.ARM.Collect$$rtexit$$00000000)
    __rt_exit_ls                             0x0000015d   Thumb Code     0  rtexit2.o(.ARM.Collect$$rtexit$$00000003)
    __rt_exit_prels_1                        0x0000015d   Thumb Code     0  rtexit2.o(.ARM.Collect$$rtexit$$00000002)
    __rt_exit_exit                           0x00000161   Thumb Code     0  rtexit2.o(.ARM.Collect$$rtexit$$00000004)
    Reset_Handler                            0x00000169   Thumb Code     8  startup_bat32a237_1.o(.text)
    NMI_Handler                              0x00000171   Thumb Code     2  startup_bat32a237_1.o(.text)
    HardFault_Handler                        0x00000173   Thumb Code     2  startup_bat32a237_1.o(.text)
    MemManage_Handler                        0x00000175   Thumb Code     2  startup_bat32a237_1.o(.text)
    BusFault_Handler                         0x00000177   Thumb Code     2  startup_bat32a237_1.o(.text)
    UsageFault_Handler                       0x00000179   Thumb Code     2  startup_bat32a237_1.o(.text)
    SVC_Handler                              0x0000017b   Thumb Code     2  startup_bat32a237_1.o(.text)
    DebugMon_Handler                         0x0000017d   Thumb Code     2  startup_bat32a237_1.o(.text)
    PendSV_Handler                           0x0000017f   Thumb Code     2  startup_bat32a237_1.o(.text)
    __user_initial_stackheap                 0x000001c5   Thumb Code    10  startup_bat32a237_1.o(.text)
    __aeabi_uidiv                            0x000001e9   Thumb Code     0  aeabi_sdiv.o(.text)
    __aeabi_uidivmod                         0x000001e9   Thumb Code    20  aeabi_sdiv.o(.text)
    __aeabi_idiv                             0x000001fd   Thumb Code     0  aeabi_sdiv.o(.text)
    __aeabi_idivmod                          0x000001fd   Thumb Code   326  aeabi_sdiv.o(.text)
    __use_two_region_memory                  0x00000343   Thumb Code     2  heapauxi.o(.text)
    __rt_heap_escrow$2region                 0x00000345   Thumb Code     2  heapauxi.o(.text)
    __rt_heap_expand$2region                 0x00000347   Thumb Code     2  heapauxi.o(.text)
    __user_setup_stackheap                   0x00000349   Thumb Code    62  sys_stackheap_outer.o(.text)
    exit                                     0x00000387   Thumb Code    12  exit.o(.text)
    __user_libspace                          0x00000395   Thumb Code     8  libspace.o(.text)
    __user_perproc_libspace                  0x00000395   Thumb Code     0  libspace.o(.text)
    __user_perthread_libspace                0x00000395   Thumb Code     0  libspace.o(.text)
    _sys_exit                                0x0000039d   Thumb Code     8  sys_exit.o(.text)
    __I$use$semihosting                      0x000003a9   Thumb Code     0  use_no_semi.o(.text)
    __use_no_semihosting_swi                 0x000003a9   Thumb Code     2  use_no_semi.o(.text)
    __semihosting_library_function           0x000003ab   Thumb Code     0  indicate_semi.o(.text)
    CAN0Err_Interrupt                        0x000003ad   Thumb Code     8  isr_bat32a237_1.o(i.CAN0Err_Interrupt)
    CAN0Rec_Interrupt                        0x000003b9   Thumb Code     8  isr_bat32a237_1.o(i.CAN0Rec_Interrupt)
    CAN0Trx_Interrupt                        0x000003c5   Thumb Code     8  isr_bat32a237_1.o(i.CAN0Trx_Interrupt)
    CAN0Wup_Interrupt                        0x000003d1   Thumb Code     8  isr_bat32a237_1.o(i.CAN0Wup_Interrupt)
    CLK_GetCoreFreq                          0x000003dd   Thumb Code   122  system_bat32a237_1.o(i.CLK_GetCoreFreq)
    IRQ00_Handler                            0x00000489   Thumb Code    16  isr_bat32a237_1.o(i.IRQ00_Handler)
    IRQ01_Handler                            0x0000049d   Thumb Code    28  isr_bat32a237_1.o(i.IRQ01_Handler)
    IRQ02_Handler                            0x000004bd   Thumb Code    28  isr_bat32a237_1.o(i.IRQ02_Handler)
    IRQ03_Handler                            0x000004dd   Thumb Code    28  isr_bat32a237_1.o(i.IRQ03_Handler)
    IRQ04_Handler                            0x000004fd   Thumb Code    28  isr_bat32a237_1.o(i.IRQ04_Handler)
    IRQ05_Handler                            0x0000051d   Thumb Code    28  isr_bat32a237_1.o(i.IRQ05_Handler)
    IRQ06_Handler                            0x0000053d   Thumb Code    28  isr_bat32a237_1.o(i.IRQ06_Handler)
    IRQ07_Handler                            0x0000055d   Thumb Code    16  isr_bat32a237_1.o(i.IRQ07_Handler)
    IRQ08_Handler                            0x00000571   Thumb Code    16  isr_bat32a237_1.o(i.IRQ08_Handler)
    IRQ09_Handler                            0x00000585   Thumb Code    30  isr_bat32a237_1.o(i.IRQ09_Handler)
    IRQ10_Handler                            0x000005a9   Thumb Code    16  isr_bat32a237_1.o(i.IRQ10_Handler)
    IRQ11_Handler                            0x000005bd   Thumb Code    16  isr_bat32a237_1.o(i.IRQ11_Handler)
    IRQ12_Handler                            0x000005d1   Thumb Code    30  isr_bat32a237_1.o(i.IRQ12_Handler)
    IRQ13_Handler                            0x000005f5   Thumb Code    16  isr_bat32a237_1.o(i.IRQ13_Handler)
    IRQ14_Handler                            0x00000609   Thumb Code    16  isr_bat32a237_1.o(i.IRQ14_Handler)
    IRQ15_Handler                            0x0000061d   Thumb Code    30  isr_bat32a237_1.o(i.IRQ15_Handler)
    IRQ16_Handler                            0x00000641   Thumb Code    28  isr_bat32a237_1.o(i.IRQ16_Handler)
    IRQ17_Handler                            0x00000661   Thumb Code    16  isr_bat32a237_1.o(i.IRQ17_Handler)
    IRQ18_Handler                            0x00000675   Thumb Code    16  isr_bat32a237_1.o(i.IRQ18_Handler)
    IRQ19_Handler                            0x00000689   Thumb Code    16  isr_bat32a237_1.o(i.IRQ19_Handler)
    IRQ20_Handler                            0x0000069d   Thumb Code    16  isr_bat32a237_1.o(i.IRQ20_Handler)
    IRQ21_Handler                            0x000006b1   Thumb Code    16  isr_bat32a237_1.o(i.IRQ21_Handler)
    IRQ22_Handler                            0x000006c5   Thumb Code    30  isr_bat32a237_1.o(i.IRQ22_Handler)
    IRQ23_Handler                            0x000006e9   Thumb Code    30  isr_bat32a237_1.o(i.IRQ23_Handler)
    IRQ24_Handler                            0x0000070d   Thumb Code    28  isr_bat32a237_1.o(i.IRQ24_Handler)
    IRQ25_Handler                            0x0000072d   Thumb Code    30  isr_bat32a237_1.o(i.IRQ25_Handler)
    IRQ26_Handler                            0x00000751   Thumb Code    16  isr_bat32a237_1.o(i.IRQ26_Handler)
    IRQ27_Handler                            0x00000765   Thumb Code    16  isr_bat32a237_1.o(i.IRQ27_Handler)
    IRQ28_Handler                            0x00000779   Thumb Code    16  isr_bat32a237_1.o(i.IRQ28_Handler)
    IRQ29_Handler                            0x0000078d   Thumb Code    16  isr_bat32a237_1.o(i.IRQ29_Handler)
    IRQ30_Handler                            0x000007a1   Thumb Code    16  isr_bat32a237_1.o(i.IRQ30_Handler)
    IRQ31_Handler                            0x000007b5   Thumb Code    16  isr_bat32a237_1.o(i.IRQ31_Handler)
    Mcu_Init                                 0x000007c9   Thumb Code    64  usr_main.o(i.Mcu_Init)
    PORT_Init                                0x000008c9   Thumb Code   402  gpio.o(i.PORT_Init)
    SysTick_Handler                          0x00000a61   Thumb Code    38  usr_interrupt.o(i.SysTick_Handler)
    SystemCoreClockUpdate                    0x00000a91   Thumb Code    12  system_bat32a237_1.o(i.SystemCoreClockUpdate)
    SystemInit                               0x00000aa1   Thumb Code   114  system_bat32a237_1.o(i.SystemInit)
    UART0_BaudRate                           0x00000b35   Thumb Code    90  sci.o(i.UART0_BaudRate)
    UART0_Init                               0x00000b99   Thumb Code   252  sci.o(i.UART0_Init)
    UART0_Send                               0x00000cbd   Thumb Code    20  sci.o(i.UART0_Send)
    UART1_BaudRate                           0x00000cd9   Thumb Code    72  sci.o(i.UART1_BaudRate)
    UART1_Init                               0x00000d29   Thumb Code   258  sci.o(i.UART1_Init)
    UART1_Send                               0x00000e59   Thumb Code    54  sci.o(i.UART1_Send)
    UART1_Start                              0x00000e9d   Thumb Code    68  sci.o(i.UART1_Start)
    UART2_BaudRate                           0x00000eed   Thumb Code    72  sci.o(i.UART2_BaudRate)
    UART2_Init                               0x00000f3d   Thumb Code   290  sci.o(i.UART2_Init)
    UART2_Send                               0x00001091   Thumb Code    54  sci.o(i.UART2_Send)
    UART2_Start                              0x000010d5   Thumb Code    76  sci.o(i.UART2_Start)
    UART_BaudRateCal                         0x0000112d   Thumb Code   218  sci.o(i.UART_BaudRateCal)
    Uart_St_Init                             0x0000120d   Thumb Code    26  usr_uart.o(i.Uart_St_Init)
    Uart_St_Init_s                           0x00001229   Thumb Code    22  usr_uart.o(i.Uart_St_Init_s)
    Usr_GPIO_InitSetup                       0x0000124d   Thumb Code    40  usr_gpio.o(i.Usr_GPIO_InitSetup)
    Usr_GPIO_MainLoop                        0x00001279   Thumb Code   160  usr_gpio.o(i.Usr_GPIO_MainLoop)
    Usr_Uart_Echo                            0x00001325   Thumb Code   214  usr_uart.o(i.Usr_Uart_Echo)
    Usr_Uart_Init                            0x00001409   Thumb Code   226  usr_uart.o(i.Usr_Uart_Init)
    __ARM_common_switch8                     0x000014f9   Thumb Code    28  gpio.o(i.__ARM_common_switch8)
    adc_interrupt                            0x00001515   Thumb Code     8  isr_bat32a237_1.o(i.adc_interrupt)
    cmp0_interrupt                           0x00001521   Thumb Code     8  isr_bat32a237_1.o(i.cmp0_interrupt)
    cmp1_interrupt                           0x0000152d   Thumb Code     8  isr_bat32a237_1.o(i.cmp1_interrupt)
    div_interrupt                            0x00001539   Thumb Code     8  isr_bat32a237_1.o(i.div_interrupt)
    flash_interrupt                          0x00001545   Thumb Code     8  isr_bat32a237_1.o(i.flash_interrupt)
    iica0_interrupt                          0x00001551   Thumb Code     8  isr_bat32a237_1.o(i.iica0_interrupt)
    intp0_interrupt                          0x0000155d   Thumb Code     8  isr_bat32a237_1.o(i.intp0_interrupt)
    intp10_interrupt                         0x00001569   Thumb Code     8  isr_bat32a237_1.o(i.intp10_interrupt)
    intp11_interrupt                         0x00001575   Thumb Code     8  isr_bat32a237_1.o(i.intp11_interrupt)
    intp1_interrupt                          0x00001581   Thumb Code     8  isr_bat32a237_1.o(i.intp1_interrupt)
    intp2_interrupt                          0x0000158d   Thumb Code     8  isr_bat32a237_1.o(i.intp2_interrupt)
    intp3_interrupt                          0x00001599   Thumb Code     8  isr_bat32a237_1.o(i.intp3_interrupt)
    intp4_interrupt                          0x000015a5   Thumb Code     8  isr_bat32a237_1.o(i.intp4_interrupt)
    intp5_interrupt                          0x000015b1   Thumb Code     8  isr_bat32a237_1.o(i.intp5_interrupt)
    intp6_interrupt                          0x000015bd   Thumb Code     8  isr_bat32a237_1.o(i.intp6_interrupt)
    intp7_interrupt                          0x000015c9   Thumb Code     8  isr_bat32a237_1.o(i.intp7_interrupt)
    intp8_interrupt                          0x000015d5   Thumb Code     8  isr_bat32a237_1.o(i.intp8_interrupt)
    intp9_interrupt                          0x000015e1   Thumb Code     8  isr_bat32a237_1.o(i.intp9_interrupt)
    it_interrupt                             0x000015ed   Thumb Code     8  isr_bat32a237_1.o(i.it_interrupt)
    key_interrupt                            0x000015f9   Thumb Code     8  isr_bat32a237_1.o(i.key_interrupt)
    lvi_interrupt                            0x00001605   Thumb Code     8  isr_bat32a237_1.o(i.lvi_interrupt)
    main                                     0x00001611   Thumb Code    68  usr_main.o(i.main)
    rtc_interrupt                            0x00001655   Thumb Code     8  isr_bat32a237_1.o(i.rtc_interrupt)
    sre0_interrupt                           0x00001661   Thumb Code     8  isr_bat32a237_1.o(i.sre0_interrupt)
    sre1_interrupt                           0x0000166d   Thumb Code     8  isr_bat32a237_1.o(i.sre1_interrupt)
    sre2_interrupt                           0x00001679   Thumb Code     8  isr_bat32a237_1.o(i.sre2_interrupt)
    tm01h_interrupt                          0x00001685   Thumb Code     8  isr_bat32a237_1.o(i.tm01h_interrupt)
    tm03h_interrupt                          0x00001691   Thumb Code     8  isr_bat32a237_1.o(i.tm03h_interrupt)
    tm40_channel0_interrupt                  0x0000169d   Thumb Code     8  isr_bat32a237_1.o(i.tm40_channel0_interrupt)
    tm40_channel1_interrupt                  0x000016a9   Thumb Code     8  isr_bat32a237_1.o(i.tm40_channel1_interrupt)
    tm40_channel2_interrupt                  0x000016b5   Thumb Code     8  isr_bat32a237_1.o(i.tm40_channel2_interrupt)
    tm40_channel3_interrupt                  0x000016c1   Thumb Code     8  isr_bat32a237_1.o(i.tm40_channel3_interrupt)
    tma0_interrupt                           0x000016cd   Thumb Code     8  isr_bat32a237_1.o(i.tma0_interrupt)
    tmb0_interrupt                           0x000016d9   Thumb Code     8  isr_bat32a237_1.o(i.tmb0_interrupt)
    tmc_interrupt                            0x000016e5   Thumb Code     8  isr_bat32a237_1.o(i.tmc_interrupt)
    tmm0_interrupt                           0x000016f1   Thumb Code     8  isr_bat32a237_1.o(i.tmm0_interrupt)
    tmm1_interrupt                           0x000016fd   Thumb Code     8  isr_bat32a237_1.o(i.tmm1_interrupt)
    uart0_interrupt_receive                  0x0000170d   Thumb Code    92  sci_user.o(i.uart0_interrupt_receive)
    uart0_interrupt_send                     0x00001779   Thumb Code    56  sci_user.o(i.uart0_interrupt_send)
    uart1_interrupt_receive                  0x000017c1   Thumb Code    92  sci_user.o(i.uart1_interrupt_receive)
    uart1_interrupt_send                     0x0000182d   Thumb Code    56  sci_user.o(i.uart1_interrupt_send)
    uart2_interrupt_receive                  0x00001875   Thumb Code    92  sci_user.o(i.uart2_interrupt_receive)
    uart2_interrupt_send                     0x000018e1   Thumb Code    56  sci_user.o(i.uart2_interrupt_send)
    sps_tbl                                  0x00001924   Data          32  sci.o(.constdata)
    Region$$Table$$Base                      0x00001944   Number         0  anon$$obj.o(Region$$Table)
    Region$$Table$$Limit                     0x00001964   Number         0  anon$$obj.o(Region$$Table)
    gp_uart0_tx_address                      0x20000000   Data           4  sci.o(.data)
    g_uart0_tx_count                         0x20000004   Data           2  sci.o(.data)
    gp_uart0_rx_address                      0x20000008   Data           4  sci.o(.data)
    g_uart0_rx_count                         0x2000000c   Data           2  sci.o(.data)
    g_uart0_rx_length                        0x2000000e   Data           2  sci.o(.data)
    gp_spi00_rx_address                      0x20000010   Data           4  sci.o(.data)
    g_spi00_rx_length                        0x20000014   Data           2  sci.o(.data)
    g_spi00_rx_count                         0x20000016   Data           2  sci.o(.data)
    gp_spi00_tx_address                      0x20000018   Data           4  sci.o(.data)
    g_spi00_tx_length                        0x2000001c   Data           2  sci.o(.data)
    g_spi00_tx_count                         0x2000001e   Data           2  sci.o(.data)
    gp_spi01_rx_address                      0x20000020   Data           4  sci.o(.data)
    g_spi01_rx_length                        0x20000024   Data           2  sci.o(.data)
    g_spi01_rx_count                         0x20000026   Data           2  sci.o(.data)
    gp_spi01_tx_address                      0x20000028   Data           4  sci.o(.data)
    g_spi01_tx_length                        0x2000002c   Data           2  sci.o(.data)
    g_spi01_tx_count                         0x2000002e   Data           2  sci.o(.data)
    g_iic00_master_status_flag               0x20000030   Data           1  sci.o(.data)
    gp_iic00_tx_address                      0x20000034   Data           4  sci.o(.data)
    g_iic00_tx_count                         0x20000038   Data           2  sci.o(.data)
    gp_iic00_rx_address                      0x2000003c   Data           4  sci.o(.data)
    g_iic00_rx_count                         0x20000040   Data           2  sci.o(.data)
    g_iic00_rx_length                        0x20000042   Data           2  sci.o(.data)
    g_iic01_master_status_flag               0x20000044   Data           1  sci.o(.data)
    gp_iic01_tx_address                      0x20000048   Data           4  sci.o(.data)
    g_iic01_tx_count                         0x2000004c   Data           2  sci.o(.data)
    gp_iic01_rx_address                      0x20000050   Data           4  sci.o(.data)
    g_iic01_rx_count                         0x20000054   Data           2  sci.o(.data)
    g_iic01_rx_length                        0x20000056   Data           2  sci.o(.data)
    gp_uart1_tx_address                      0x20000058   Data           4  sci.o(.data)
    g_uart1_tx_count                         0x2000005c   Data           2  sci.o(.data)
    gp_uart1_rx_address                      0x20000060   Data           4  sci.o(.data)
    g_uart1_rx_count                         0x20000064   Data           2  sci.o(.data)
    g_uart1_rx_length                        0x20000066   Data           2  sci.o(.data)
    gp_spi10_rx_address                      0x20000068   Data           4  sci.o(.data)
    g_spi10_rx_length                        0x2000006c   Data           2  sci.o(.data)
    g_spi10_rx_count                         0x2000006e   Data           2  sci.o(.data)
    gp_spi10_tx_address                      0x20000070   Data           4  sci.o(.data)
    g_spi10_tx_length                        0x20000074   Data           2  sci.o(.data)
    g_spi10_tx_count                         0x20000076   Data           2  sci.o(.data)
    gp_spi11_rx_address                      0x20000078   Data           4  sci.o(.data)
    g_spi11_rx_length                        0x2000007c   Data           2  sci.o(.data)
    g_spi11_rx_count                         0x2000007e   Data           2  sci.o(.data)
    gp_spi11_tx_address                      0x20000080   Data           4  sci.o(.data)
    g_spi11_tx_length                        0x20000084   Data           2  sci.o(.data)
    g_spi11_tx_count                         0x20000086   Data           2  sci.o(.data)
    g_iic10_master_status_flag               0x20000088   Data           1  sci.o(.data)
    gp_iic10_tx_address                      0x2000008c   Data           4  sci.o(.data)
    g_iic10_tx_count                         0x20000090   Data           2  sci.o(.data)
    gp_iic10_rx_address                      0x20000094   Data           4  sci.o(.data)
    g_iic10_rx_count                         0x20000098   Data           2  sci.o(.data)
    g_iic10_rx_length                        0x2000009a   Data           2  sci.o(.data)
    g_iic11_master_status_flag               0x2000009c   Data           1  sci.o(.data)
    gp_iic11_tx_address                      0x200000a0   Data           4  sci.o(.data)
    g_iic11_tx_count                         0x200000a4   Data           2  sci.o(.data)
    gp_iic11_rx_address                      0x200000a8   Data           4  sci.o(.data)
    g_iic11_rx_count                         0x200000ac   Data           2  sci.o(.data)
    g_iic11_rx_length                        0x200000ae   Data           2  sci.o(.data)
    gp_uart2_tx_address                      0x200000b0   Data           4  sci.o(.data)
    g_uart2_tx_count                         0x200000b4   Data           2  sci.o(.data)
    gp_uart2_rx_address                      0x200000b8   Data           4  sci.o(.data)
    g_uart2_rx_count                         0x200000bc   Data           2  sci.o(.data)
    g_uart2_rx_length                        0x200000be   Data           2  sci.o(.data)
    gp_spi20_rx_address                      0x200000c0   Data           4  sci.o(.data)
    g_spi20_rx_length                        0x200000c4   Data           2  sci.o(.data)
    g_spi20_rx_count                         0x200000c6   Data           2  sci.o(.data)
    gp_spi20_tx_address                      0x200000c8   Data           4  sci.o(.data)
    g_spi20_tx_length                        0x200000cc   Data           2  sci.o(.data)
    g_spi20_tx_count                         0x200000ce   Data           2  sci.o(.data)
    gp_spi21_rx_address                      0x200000d0   Data           4  sci.o(.data)
    g_spi21_rx_length                        0x200000d4   Data           2  sci.o(.data)
    g_spi21_rx_count                         0x200000d6   Data           2  sci.o(.data)
    gp_spi21_tx_address                      0x200000d8   Data           4  sci.o(.data)
    g_spi21_tx_length                        0x200000dc   Data           2  sci.o(.data)
    g_spi21_tx_count                         0x200000de   Data           2  sci.o(.data)
    g_iic20_master_status_flag               0x200000e0   Data           1  sci.o(.data)
    gp_iic20_tx_address                      0x200000e4   Data           4  sci.o(.data)
    g_iic20_tx_count                         0x200000e8   Data           2  sci.o(.data)
    gp_iic20_rx_address                      0x200000ec   Data           4  sci.o(.data)
    g_iic20_rx_count                         0x200000f0   Data           2  sci.o(.data)
    g_iic20_rx_length                        0x200000f2   Data           2  sci.o(.data)
    g_iic21_master_status_flag               0x200000f4   Data           1  sci.o(.data)
    gp_iic21_tx_address                      0x200000f8   Data           4  sci.o(.data)
    g_iic21_tx_count                         0x200000fc   Data           2  sci.o(.data)
    gp_iic21_rx_address                      0x20000100   Data           4  sci.o(.data)
    g_iic21_rx_count                         0x20000104   Data           2  sci.o(.data)
    g_iic21_rx_length                        0x20000106   Data           2  sci.o(.data)
    Usr_GPIO_Timestamp                       0x20000114   Data           4  usr_gpio.o(.data)
    GPIO_Input_Temp                          0x20000118   Data           4  usr_gpio.o(.data)
    Usr_Uart_Timestamp                       0x20000120   Data           4  usr_uart.o(.data)
    SystemCoreClock                          0x20000124   Data           4  system_bat32a237_1.o(.data)
    Uart0_St                                 0x20000128   Data         135  usr_uart.o(.bss)
    Uart1_St                                 0x200001af   Data         135  usr_uart.o(.bss)
    Uart2_St                                 0x20000236   Data         135  usr_uart.o(.bss)
    __libspace_start                         0x200002c0   Data          96  libspace.o(.bss)
    __temporary_stack_top$libspace           0x20000320   Data           0  libspace.o(.bss)



==============================================================================

Memory Map of the image

  Image Entry point : 0x000000c5

  Load Region LR_IROM1 (Base: 0x00000000, Size: 0x00001a8c, Max: 0x00020000, ABSOLUTE)

    Execution Region ER_IROM1 (Base: 0x00000000, Size: 0x00001964, Max: 0x00020000, ABSOLUTE)

    Base Addr    Size         Type   Attr      Idx    E Section Name        Object

    0x00000000   0x000000c0   Data   RO         1861    RESET               startup_bat32a237_1.o
    0x000000c0   0x00000004   Data   RO         1872    .ARM.__AT_0x000000C0  system_bat32a237_1.o
    0x000000c4   0x00000008   Code   RO         1919  * !!!main             c_p.l(__main.o)
    0x000000cc   0x0000003c   Code   RO         2087    !!!scatter          c_p.l(__scatter.o)
    0x00000108   0x0000001a   Code   RO         2089    !!handler_copy      c_p.l(__scatter_copy.o)
    0x00000122   0x00000002   PAD
    0x00000124   0x0000001c   Code   RO         2091    !!handler_zi        c_p.l(__scatter_zi.o)
    0x00000140   0x00000002   Code   RO         1957    .ARM.Collect$$libinit$$00000000  c_p.l(libinit.o)
    0x00000142   0x00000000   Code   RO         1971    .ARM.Collect$$libinit$$00000002  c_p.l(libinit2.o)
    0x00000142   0x00000000   Code   RO         1973    .ARM.Collect$$libinit$$00000004  c_p.l(libinit2.o)
    0x00000142   0x00000000   Code   RO         1976    .ARM.Collect$$libinit$$0000000A  c_p.l(libinit2.o)
    0x00000142   0x00000000   Code   RO         1978    .ARM.Collect$$libinit$$0000000C  c_p.l(libinit2.o)
    0x00000142   0x00000000   Code   RO         1980    .ARM.Collect$$libinit$$0000000E  c_p.l(libinit2.o)
    0x00000142   0x00000000   Code   RO         1983    .ARM.Collect$$libinit$$00000011  c_p.l(libinit2.o)
    0x00000142   0x00000000   Code   RO         1985    .ARM.Collect$$libinit$$00000013  c_p.l(libinit2.o)
    0x00000142   0x00000000   Code   RO         1987    .ARM.Collect$$libinit$$00000015  c_p.l(libinit2.o)
    0x00000142   0x00000000   Code   RO         1989    .ARM.Collect$$libinit$$00000017  c_p.l(libinit2.o)
    0x00000142   0x00000000   Code   RO         1991    .ARM.Collect$$libinit$$00000019  c_p.l(libinit2.o)
    0x00000142   0x00000000   Code   RO         1993    .ARM.Collect$$libinit$$0000001B  c_p.l(libinit2.o)
    0x00000142   0x00000000   Code   RO         1995    .ARM.Collect$$libinit$$0000001D  c_p.l(libinit2.o)
    0x00000142   0x00000000   Code   RO         1997    .ARM.Collect$$libinit$$0000001F  c_p.l(libinit2.o)
    0x00000142   0x00000000   Code   RO         1999    .ARM.Collect$$libinit$$00000021  c_p.l(libinit2.o)
    0x00000142   0x00000000   Code   RO         2001    .ARM.Collect$$libinit$$00000023  c_p.l(libinit2.o)
    0x00000142   0x00000000   Code   RO         2003    .ARM.Collect$$libinit$$00000025  c_p.l(libinit2.o)
    0x00000142   0x00000000   Code   RO         2007    .ARM.Collect$$libinit$$0000002C  c_p.l(libinit2.o)
    0x00000142   0x00000000   Code   RO         2009    .ARM.Collect$$libinit$$0000002E  c_p.l(libinit2.o)
    0x00000142   0x00000000   Code   RO         2011    .ARM.Collect$$libinit$$00000030  c_p.l(libinit2.o)
    0x00000142   0x00000000   Code   RO         2013    .ARM.Collect$$libinit$$00000032  c_p.l(libinit2.o)
    0x00000142   0x00000002   Code   RO         2014    .ARM.Collect$$libinit$$00000033  c_p.l(libinit2.o)
    0x00000144   0x00000002   Code   RO         2045    .ARM.Collect$$libshutdown$$00000000  c_p.l(libshutdown.o)
    0x00000146   0x00000000   Code   RO         2072    .ARM.Collect$$libshutdown$$00000003  c_p.l(libshutdown2.o)
    0x00000146   0x00000000   Code   RO         2075    .ARM.Collect$$libshutdown$$00000006  c_p.l(libshutdown2.o)
    0x00000146   0x00000000   Code   RO         2078    .ARM.Collect$$libshutdown$$00000009  c_p.l(libshutdown2.o)
    0x00000146   0x00000000   Code   RO         2080    .ARM.Collect$$libshutdown$$0000000B  c_p.l(libshutdown2.o)
    0x00000146   0x00000000   Code   RO         2083    .ARM.Collect$$libshutdown$$0000000E  c_p.l(libshutdown2.o)
    0x00000146   0x00000002   Code   RO         2084    .ARM.Collect$$libshutdown$$0000000F  c_p.l(libshutdown2.o)
    0x00000148   0x00000000   Code   RO         1921    .ARM.Collect$$rtentry$$00000000  c_p.l(__rtentry.o)
    0x00000148   0x00000000   Code   RO         1927    .ARM.Collect$$rtentry$$00000002  c_p.l(__rtentry2.o)
    0x00000148   0x00000006   Code   RO         1939    .ARM.Collect$$rtentry$$00000004  c_p.l(__rtentry4.o)
    0x0000014e   0x00000000   Code   RO         1929    .ARM.Collect$$rtentry$$00000009  c_p.l(__rtentry2.o)
    0x0000014e   0x00000004   Code   RO         1930    .ARM.Collect$$rtentry$$0000000A  c_p.l(__rtentry2.o)
    0x00000152   0x00000000   Code   RO         1932    .ARM.Collect$$rtentry$$0000000C  c_p.l(__rtentry2.o)
    0x00000152   0x00000008   Code   RO         1933    .ARM.Collect$$rtentry$$0000000D  c_p.l(__rtentry2.o)
    0x0000015a   0x00000002   Code   RO         1962    .ARM.Collect$$rtexit$$00000000  c_p.l(rtexit.o)
    0x0000015c   0x00000000   Code   RO         2018    .ARM.Collect$$rtexit$$00000002  c_p.l(rtexit2.o)
    0x0000015c   0x00000004   Code   RO         2019    .ARM.Collect$$rtexit$$00000003  c_p.l(rtexit2.o)
    0x00000160   0x00000006   Code   RO         2020    .ARM.Collect$$rtexit$$00000004  c_p.l(rtexit2.o)
    0x00000166   0x00000002   PAD
    0x00000168   0x00000080   Code   RO         1862    .text               startup_bat32a237_1.o
    0x000001e8   0x0000015a   Code   RO         1913    .text               c_p.l(aeabi_sdiv.o)
    0x00000342   0x00000006   Code   RO         1917    .text               c_p.l(heapauxi.o)
    0x00000348   0x0000003e   Code   RO         1943    .text               c_p.l(sys_stackheap_outer.o)
    0x00000386   0x0000000c   Code   RO         1946    .text               c_p.l(exit.o)
    0x00000392   0x00000002   PAD
    0x00000394   0x00000008   Code   RO         1958    .text               c_p.l(libspace.o)
    0x0000039c   0x0000000c   Code   RO         2015    .text               c_p.l(sys_exit.o)
    0x000003a8   0x00000002   Code   RO         2034    .text               c_p.l(use_no_semi.o)
    0x000003aa   0x00000000   Code   RO         2036    .text               c_p.l(indicate_semi.o)
    0x000003aa   0x00000002   PAD
    0x000003ac   0x0000000c   Code   RO         1301    i.CAN0Err_Interrupt  isr_bat32a237_1.o
    0x000003b8   0x0000000c   Code   RO         1302    i.CAN0Rec_Interrupt  isr_bat32a237_1.o
    0x000003c4   0x0000000c   Code   RO         1303    i.CAN0Trx_Interrupt  isr_bat32a237_1.o
    0x000003d0   0x0000000c   Code   RO         1304    i.CAN0Wup_Interrupt  isr_bat32a237_1.o
    0x000003dc   0x000000ac   Code   RO         1868    i.CLK_GetCoreFreq   system_bat32a237_1.o
    0x00000488   0x00000014   Code   RO         1305    i.IRQ00_Handler     isr_bat32a237_1.o
    0x0000049c   0x00000020   Code   RO         1306    i.IRQ01_Handler     isr_bat32a237_1.o
    0x000004bc   0x00000020   Code   RO         1307    i.IRQ02_Handler     isr_bat32a237_1.o
    0x000004dc   0x00000020   Code   RO         1308    i.IRQ03_Handler     isr_bat32a237_1.o
    0x000004fc   0x00000020   Code   RO         1309    i.IRQ04_Handler     isr_bat32a237_1.o
    0x0000051c   0x00000020   Code   RO         1310    i.IRQ05_Handler     isr_bat32a237_1.o
    0x0000053c   0x00000020   Code   RO         1311    i.IRQ06_Handler     isr_bat32a237_1.o
    0x0000055c   0x00000014   Code   RO         1312    i.IRQ07_Handler     isr_bat32a237_1.o
    0x00000570   0x00000014   Code   RO         1313    i.IRQ08_Handler     isr_bat32a237_1.o
    0x00000584   0x00000024   Code   RO         1314    i.IRQ09_Handler     isr_bat32a237_1.o
    0x000005a8   0x00000014   Code   RO         1315    i.IRQ10_Handler     isr_bat32a237_1.o
    0x000005bc   0x00000014   Code   RO         1316    i.IRQ11_Handler     isr_bat32a237_1.o
    0x000005d0   0x00000024   Code   RO         1317    i.IRQ12_Handler     isr_bat32a237_1.o
    0x000005f4   0x00000014   Code   RO         1318    i.IRQ13_Handler     isr_bat32a237_1.o
    0x00000608   0x00000014   Code   RO         1319    i.IRQ14_Handler     isr_bat32a237_1.o
    0x0000061c   0x00000024   Code   RO         1320    i.IRQ15_Handler     isr_bat32a237_1.o
    0x00000640   0x00000020   Code   RO         1321    i.IRQ16_Handler     isr_bat32a237_1.o
    0x00000660   0x00000014   Code   RO         1322    i.IRQ17_Handler     isr_bat32a237_1.o
    0x00000674   0x00000014   Code   RO         1323    i.IRQ18_Handler     isr_bat32a237_1.o
    0x00000688   0x00000014   Code   RO         1324    i.IRQ19_Handler     isr_bat32a237_1.o
    0x0000069c   0x00000014   Code   RO         1325    i.IRQ20_Handler     isr_bat32a237_1.o
    0x000006b0   0x00000014   Code   RO         1326    i.IRQ21_Handler     isr_bat32a237_1.o
    0x000006c4   0x00000024   Code   RO         1327    i.IRQ22_Handler     isr_bat32a237_1.o
    0x000006e8   0x00000024   Code   RO         1328    i.IRQ23_Handler     isr_bat32a237_1.o
    0x0000070c   0x00000020   Code   RO         1329    i.IRQ24_Handler     isr_bat32a237_1.o
    0x0000072c   0x00000024   Code   RO         1330    i.IRQ25_Handler     isr_bat32a237_1.o
    0x00000750   0x00000014   Code   RO         1331    i.IRQ26_Handler     isr_bat32a237_1.o
    0x00000764   0x00000014   Code   RO         1332    i.IRQ27_Handler     isr_bat32a237_1.o
    0x00000778   0x00000014   Code   RO         1333    i.IRQ28_Handler     isr_bat32a237_1.o
    0x0000078c   0x00000014   Code   RO         1334    i.IRQ29_Handler     isr_bat32a237_1.o
    0x000007a0   0x00000014   Code   RO         1335    i.IRQ30_Handler     isr_bat32a237_1.o
    0x000007b4   0x00000014   Code   RO         1336    i.IRQ31_Handler     isr_bat32a237_1.o
    0x000007c8   0x0000004c   Code   RO         1109    i.Mcu_Init          usr_main.o
    0x00000814   0x00000014   Code   RO          134    i.NVIC_ClearPendingIRQ  sci.o
    0x00000828   0x00000014   Code   RO         1224    i.NVIC_ClearPendingIRQ  usr_uart.o
    0x0000083c   0x00000014   Code   RO         1225    i.NVIC_EnableIRQ    usr_uart.o
    0x00000850   0x00000078   Code   RO         1110    i.NVIC_SetPriority  usr_main.o
    0x000008c8   0x00000198   Code   RO           11    i.PORT_Init         gpio.o
    0x00000a60   0x00000030   Code   RO         1201    i.SysTick_Handler   usr_interrupt.o
    0x00000a90   0x00000010   Code   RO         1870    i.SystemCoreClockUpdate  system_bat32a237_1.o
    0x00000aa0   0x00000094   Code   RO         1871    i.SystemInit        system_bat32a237_1.o
    0x00000b34   0x00000064   Code   RO          189    i.UART0_BaudRate    sci.o
    0x00000b98   0x00000124   Code   RO          190    i.UART0_Init        sci.o
    0x00000cbc   0x0000001c   Code   RO          192    i.UART0_Send        sci.o
    0x00000cd8   0x00000050   Code   RO          193    i.UART1_BaudRate    sci.o
    0x00000d28   0x00000130   Code   RO          194    i.UART1_Init        sci.o
    0x00000e58   0x00000044   Code   RO          196    i.UART1_Send        sci.o
    0x00000e9c   0x00000050   Code   RO          197    i.UART1_Start       sci.o
    0x00000eec   0x00000050   Code   RO          199    i.UART2_BaudRate    sci.o
    0x00000f3c   0x00000154   Code   RO          200    i.UART2_Init        sci.o
    0x00001090   0x00000044   Code   RO          202    i.UART2_Send        sci.o
    0x000010d4   0x00000058   Code   RO          203    i.UART2_Start       sci.o
    0x0000112c   0x000000e0   Code   RO          205    i.UART_BaudRateCal  sci.o
    0x0000120c   0x0000001a   Code   RO         1226    i.Uart_St_Init      usr_uart.o
    0x00001226   0x00000002   PAD
    0x00001228   0x00000024   Code   RO         1227    i.Uart_St_Init_s    usr_uart.o
    0x0000124c   0x0000002c   Code   RO         1169    i.Usr_GPIO_InitSetup  usr_gpio.o
    0x00001278   0x000000ac   Code   RO         1170    i.Usr_GPIO_MainLoop  usr_gpio.o
    0x00001324   0x000000e4   Code   RO         1228    i.Usr_Uart_Echo     usr_uart.o
    0x00001408   0x000000f0   Code   RO         1229    i.Usr_Uart_Init     usr_uart.o
    0x000014f8   0x0000001c   Code   RO           67    i.__ARM_common_switch8  gpio.o
    0x00001514   0x0000000c   Code   RO         1337    i.adc_interrupt     isr_bat32a237_1.o
    0x00001520   0x0000000c   Code   RO         1338    i.cmp0_interrupt    isr_bat32a237_1.o
    0x0000152c   0x0000000c   Code   RO         1339    i.cmp1_interrupt    isr_bat32a237_1.o
    0x00001538   0x0000000c   Code   RO         1340    i.div_interrupt     isr_bat32a237_1.o
    0x00001544   0x0000000c   Code   RO         1341    i.flash_interrupt   isr_bat32a237_1.o
    0x00001550   0x0000000c   Code   RO         1348    i.iica0_interrupt   isr_bat32a237_1.o
    0x0000155c   0x0000000c   Code   RO         1349    i.intp0_interrupt   isr_bat32a237_1.o
    0x00001568   0x0000000c   Code   RO         1350    i.intp10_interrupt  isr_bat32a237_1.o
    0x00001574   0x0000000c   Code   RO         1351    i.intp11_interrupt  isr_bat32a237_1.o
    0x00001580   0x0000000c   Code   RO         1352    i.intp1_interrupt   isr_bat32a237_1.o
    0x0000158c   0x0000000c   Code   RO         1353    i.intp2_interrupt   isr_bat32a237_1.o
    0x00001598   0x0000000c   Code   RO         1354    i.intp3_interrupt   isr_bat32a237_1.o
    0x000015a4   0x0000000c   Code   RO         1355    i.intp4_interrupt   isr_bat32a237_1.o
    0x000015b0   0x0000000c   Code   RO         1356    i.intp5_interrupt   isr_bat32a237_1.o
    0x000015bc   0x0000000c   Code   RO         1357    i.intp6_interrupt   isr_bat32a237_1.o
    0x000015c8   0x0000000c   Code   RO         1358    i.intp7_interrupt   isr_bat32a237_1.o
    0x000015d4   0x0000000c   Code   RO         1359    i.intp8_interrupt   isr_bat32a237_1.o
    0x000015e0   0x0000000c   Code   RO         1360    i.intp9_interrupt   isr_bat32a237_1.o
    0x000015ec   0x0000000c   Code   RO         1361    i.it_interrupt      isr_bat32a237_1.o
    0x000015f8   0x0000000c   Code   RO         1362    i.key_interrupt     isr_bat32a237_1.o
    0x00001604   0x0000000c   Code   RO         1363    i.lvi_interrupt     isr_bat32a237_1.o
    0x00001610   0x00000044   Code   RO         1111    i.main              usr_main.o
    0x00001654   0x0000000c   Code   RO         1364    i.rtc_interrupt     isr_bat32a237_1.o
    0x00001660   0x0000000c   Code   RO         1371    i.sre0_interrupt    isr_bat32a237_1.o
    0x0000166c   0x0000000c   Code   RO         1372    i.sre1_interrupt    isr_bat32a237_1.o
    0x00001678   0x0000000c   Code   RO         1373    i.sre2_interrupt    isr_bat32a237_1.o
    0x00001684   0x0000000c   Code   RO         1374    i.tm01h_interrupt   isr_bat32a237_1.o
    0x00001690   0x0000000c   Code   RO         1375    i.tm03h_interrupt   isr_bat32a237_1.o
    0x0000169c   0x0000000c   Code   RO         1376    i.tm40_channel0_interrupt  isr_bat32a237_1.o
    0x000016a8   0x0000000c   Code   RO         1377    i.tm40_channel1_interrupt  isr_bat32a237_1.o
    0x000016b4   0x0000000c   Code   RO         1378    i.tm40_channel2_interrupt  isr_bat32a237_1.o
    0x000016c0   0x0000000c   Code   RO         1379    i.tm40_channel3_interrupt  isr_bat32a237_1.o
    0x000016cc   0x0000000c   Code   RO         1380    i.tma0_interrupt    isr_bat32a237_1.o
    0x000016d8   0x0000000c   Code   RO         1381    i.tmb0_interrupt    isr_bat32a237_1.o
    0x000016e4   0x0000000c   Code   RO         1382    i.tmc_interrupt     isr_bat32a237_1.o
    0x000016f0   0x0000000c   Code   RO         1383    i.tmm0_interrupt    isr_bat32a237_1.o
    0x000016fc   0x0000000c   Code   RO         1384    i.tmm1_interrupt    isr_bat32a237_1.o
    0x00001708   0x00000002   Code   RO          818    i.uart0_callback_error  sci_user.o
    0x0000170a   0x00000002   Code   RO          820    i.uart0_callback_sendend  sci_user.o
    0x0000170c   0x0000006c   Code   RO          822    i.uart0_interrupt_receive  sci_user.o
    0x00001778   0x00000044   Code   RO          823    i.uart0_interrupt_send  sci_user.o
    0x000017bc   0x00000002   Code   RO          824    i.uart1_callback_error  sci_user.o
    0x000017be   0x00000002   Code   RO          826    i.uart1_callback_sendend  sci_user.o
    0x000017c0   0x0000006c   Code   RO          828    i.uart1_interrupt_receive  sci_user.o
    0x0000182c   0x00000044   Code   RO          829    i.uart1_interrupt_send  sci_user.o
    0x00001870   0x00000002   Code   RO          830    i.uart2_callback_error  sci_user.o
    0x00001872   0x00000002   Code   RO          832    i.uart2_callback_sendend  sci_user.o
    0x00001874   0x0000006c   Code   RO          834    i.uart2_interrupt_receive  sci_user.o
    0x000018e0   0x00000044   Code   RO          835    i.uart2_interrupt_send  sci_user.o
    0x00001924   0x00000020   Data   RO          206    .constdata          sci.o
    0x00001944   0x00000020   Data   RO         2085    Region$$Table       anon$$obj.o


    Execution Region RW_IRAM1 (Base: 0x20000000, Size: 0x00000820, Max: 0x00003000, ABSOLUTE)

    Base Addr    Size         Type   Attr      Idx    E Section Name        Object

    0x20000000   0x00000114   Data   RW          207    .data               sci.o
    0x20000114   0x00000009   Data   RW         1171    .data               usr_gpio.o
    0x2000011d   0x00000003   PAD
    0x20000120   0x00000004   Data   RW         1233    .data               usr_uart.o
    0x20000124   0x00000004   Data   RW         1873    .data               system_bat32a237_1.o
    0x20000128   0x00000195   Zero   RW         1232    .bss                usr_uart.o
    0x200002bd   0x00000003   PAD
    0x200002c0   0x00000060   Zero   RW         1959    .bss                c_p.l(libspace.o)
    0x20000320   0x00000100   Zero   RW         1860    HEAP                startup_bat32a237_1.o
    0x20000420   0x00000400   Zero   RW         1859    STACK               startup_bat32a237_1.o


==============================================================================

Image component sizes


      Code (inc. data)   RO Data    RW Data    ZI Data      Debug   Object Name

       436         14          0          0          0      57660   gpio.o
      1312        300          0          0          0      36094   isr_bat32a237_1.o
      1772        234         32        276          0      51516   sci.o
       540         84          0          0          0       6895   sci_user.o
       128         28        192          0       1280       2156   startup_bat32a237_1.o
       336        100          4          4          0       2787   system_bat32a237_1.o
       216         16          0          9          0       1354   usr_gpio.o
        48         10          0          0          0        486   usr_interrupt.o
       264         22          0          0          0       9622   usr_main.o
       570         54          0          4        405      26936   usr_uart.o

    ----------------------------------------------------------------------
      5624        862        260        296       1688     195506   Object Totals
         0          0         32          0          0          0   (incl. Generated)
         2          0          0          3          3          0   (incl. Padding)

    ----------------------------------------------------------------------

      Code (inc. data)   RO Data    RW Data    ZI Data      Debug   Library Member Name

         8          0          0          0          0         68   __main.o
         0          0          0          0          0          0   __rtentry.o
        12          0          0          0          0          0   __rtentry2.o
         6          0          0          0          0          0   __rtentry4.o
        60          8          0          0          0          0   __scatter.o
        26          0          0          0          0          0   __scatter_copy.o
        28          0          0          0          0          0   __scatter_zi.o
       346          0          0          0          0         92   aeabi_sdiv.o
        12          0          0          0          0         64   exit.o
         6          0          0          0          0        136   heapauxi.o
         0          0          0          0          0          0   indicate_semi.o
         2          0          0          0          0          0   libinit.o
         2          0          0          0          0          0   libinit2.o
         2          0          0          0          0          0   libshutdown.o
         2          0          0          0          0          0   libshutdown2.o
         8          4          0          0         96         68   libspace.o
         2          0          0          0          0          0   rtexit.o
        10          0          0          0          0          0   rtexit2.o
        12          4          0          0          0         60   sys_exit.o
        62          0          0          0          0         80   sys_stackheap_outer.o
         2          0          0          0          0         68   use_no_semi.o

    ----------------------------------------------------------------------
       616         16          0          0         96        636   Library Totals
         8          0          0          0          0          0   (incl. Padding)

    ----------------------------------------------------------------------

      Code (inc. data)   RO Data    RW Data    ZI Data      Debug   Library Name

       608         16          0          0         96        636   c_p.l

    ----------------------------------------------------------------------
       616         16          0          0         96        636   Library Totals

    ----------------------------------------------------------------------

==============================================================================


      Code (inc. data)   RO Data    RW Data    ZI Data      Debug   

      6240        878        260        296       1784     191070   Grand Totals
      6240        878        260        296       1784     191070   ELF Image Totals
      6240        878        260        296          0          0   ROM Totals

==============================================================================

    Total RO  Size (Code + RO Data)                 6500 (   6.35kB)
    Total RW  Size (RW Data + ZI Data)              2080 (   2.03kB)
    Total ROM Size (Code + RO Data + RW Data)       6796 (   6.64kB)

==============================================================================

