Component: ARM Compiler 5.05 update 2 (build 169) Tool: armlink [4d0f33]

==============================================================================

Section Cross References

    main.o(.emb_text) refers to main.o(i.hard_fault_handler_c) for hard_fault_handler_c
    main.o(i.SysTick_Handler) refers to main.o(.data) for g_ticks
    main.o(i.hard_fault_handler_c) refers to _printf_percent.o(.ARM.Collect$$_printf_percent$$00000000) for _printf_percent
    main.o(i.hard_fault_handler_c) refers to _printf_x.o(.ARM.Collect$$_printf_percent$$0000000C) for _printf_x
    main.o(i.hard_fault_handler_c) refers to _printf_hex_int.o(.text) for _printf_longlong_hex
    main.o(i.hard_fault_handler_c) refers to noretval__2printf.o(.text) for __2printf
    main.o(i.main) refers to system_bat32a237.o(i.SystemCoreClockUpdate) for SystemCoreClockUpdate
    main.o(i.main) refers to sci.o(i.UART0_Init) for UART0_Init
    main.o(i.main) refers to noretval__2printf.o(.text) for __2printf
    main.o(i.main) refers to sci.o(i.IIC20_Init) for IIC20_Init
    main.o(i.main) refers to sci.o(i.IIC20_MasterSend) for IIC20_MasterSend
    main.o(i.main) refers to sci.o(i.IIC20_MasterReceive) for IIC20_MasterReceive
    main.o(i.main) refers to getc.o(.text) for getc
    main.o(i.main) refers to sci.o(i.IIC21_Init) for IIC21_Init
    main.o(i.main) refers to sci.o(i.IIC21_MasterSend) for IIC21_MasterSend
    main.o(i.main) refers to sci.o(i.IIC21_MasterReceive) for IIC21_MasterReceive
    main.o(i.main) refers to system_bat32a237.o(.data) for SystemCoreClock
    main.o(i.main) refers to main.o(.data) for tx_buf
    main.o(i.main) refers to sci_user.o(.data) for g_iic20_tx_end
    main.o(i.main) refers to retarget.o(.data) for __stdin
    sci.o(i.IIC00_MasterReceive) refers to sci.o(i.IIC00_StartCondition) for IIC00_StartCondition
    sci.o(i.IIC00_MasterReceive) refers to sci.o(i.__NVIC_ClearPendingIRQ) for __NVIC_ClearPendingIRQ
    sci.o(i.IIC00_MasterReceive) refers to sci.o(i.__NVIC_SetPriority) for __NVIC_SetPriority
    sci.o(i.IIC00_MasterReceive) refers to sci.o(.data) for g_iic00_master_status_flag
    sci.o(i.IIC00_MasterSend) refers to sci.o(i.IIC00_StartCondition) for IIC00_StartCondition
    sci.o(i.IIC00_MasterSend) refers to sci.o(i.__NVIC_ClearPendingIRQ) for __NVIC_ClearPendingIRQ
    sci.o(i.IIC00_MasterSend) refers to sci.o(i.__NVIC_SetPriority) for __NVIC_SetPriority
    sci.o(i.IIC00_MasterSend) refers to sci.o(.data) for g_iic00_master_status_flag
    sci.o(i.IIC00_StopCondition) refers to sci.o(.data) for g_iic00_master_status_flag
    sci.o(i.IIC01_MasterReceive) refers to sci.o(i.IIC01_StartCondition) for IIC01_StartCondition
    sci.o(i.IIC01_MasterReceive) refers to sci.o(i.__NVIC_ClearPendingIRQ) for __NVIC_ClearPendingIRQ
    sci.o(i.IIC01_MasterReceive) refers to sci.o(.data) for g_iic01_master_status_flag
    sci.o(i.IIC01_MasterSend) refers to sci.o(i.IIC01_StartCondition) for IIC01_StartCondition
    sci.o(i.IIC01_MasterSend) refers to sci.o(i.__NVIC_ClearPendingIRQ) for __NVIC_ClearPendingIRQ
    sci.o(i.IIC01_MasterSend) refers to sci.o(.data) for g_iic01_master_status_flag
    sci.o(i.IIC10_MasterReceive) refers to sci.o(i.IIC10_StartCondition) for IIC10_StartCondition
    sci.o(i.IIC10_MasterReceive) refers to sci.o(i.__NVIC_ClearPendingIRQ) for __NVIC_ClearPendingIRQ
    sci.o(i.IIC10_MasterReceive) refers to sci.o(i.__NVIC_SetPriority) for __NVIC_SetPriority
    sci.o(i.IIC10_MasterReceive) refers to sci.o(.data) for g_iic10_master_status_flag
    sci.o(i.IIC10_MasterSend) refers to sci.o(i.IIC10_StartCondition) for IIC10_StartCondition
    sci.o(i.IIC10_MasterSend) refers to sci.o(i.__NVIC_ClearPendingIRQ) for __NVIC_ClearPendingIRQ
    sci.o(i.IIC10_MasterSend) refers to sci.o(i.__NVIC_SetPriority) for __NVIC_SetPriority
    sci.o(i.IIC10_MasterSend) refers to sci.o(.data) for g_iic10_master_status_flag
    sci.o(i.IIC10_StopCondition) refers to sci.o(.data) for g_iic10_master_status_flag
    sci.o(i.IIC11_MasterReceive) refers to sci.o(i.IIC11_StartCondition) for IIC11_StartCondition
    sci.o(i.IIC11_MasterReceive) refers to sci.o(i.__NVIC_ClearPendingIRQ) for __NVIC_ClearPendingIRQ
    sci.o(i.IIC11_MasterReceive) refers to sci.o(.data) for g_iic11_master_status_flag
    sci.o(i.IIC11_MasterSend) refers to sci.o(i.IIC11_StartCondition) for IIC11_StartCondition
    sci.o(i.IIC11_MasterSend) refers to sci.o(i.__NVIC_ClearPendingIRQ) for __NVIC_ClearPendingIRQ
    sci.o(i.IIC11_MasterSend) refers to sci.o(.data) for g_iic11_master_status_flag
    sci.o(i.IIC20_MasterReceive) refers to sci.o(i.IIC20_StartCondition) for IIC20_StartCondition
    sci.o(i.IIC20_MasterReceive) refers to sci.o(i.__NVIC_ClearPendingIRQ) for __NVIC_ClearPendingIRQ
    sci.o(i.IIC20_MasterReceive) refers to sci.o(i.__NVIC_SetPriority) for __NVIC_SetPriority
    sci.o(i.IIC20_MasterReceive) refers to sci.o(.data) for g_iic20_master_status_flag
[...]
    Removing system_bat32a237.o(i.CLK_GetHocoFreq), (64 bytes).

157 unused section(s) (total 15524 bytes) removed from the image.

==============================================================================

Image Symbol Table

    Local Symbols

    Symbol Name                              Value     Ov Type        Size  Object(Section)

    RESET                                    0x00000000   Section      192  startup_bat32a237.o(RESET)
    ../clib/../cmprslib/zerorunl2.c          0x00000000   Number         0  __dczerorl2.o ABSOLUTE
    ../clib/angel/boardlib.s                 0x00000000   Number         0  boardinit1.o ABSOLUTE
    ../clib/angel/boardlib.s                 0x00000000   Number         0  boardshut.o ABSOLUTE
    ../clib/angel/boardlib.s                 0x00000000   Number         0  boardinit3.o ABSOLUTE
    ../clib/angel/boardlib.s                 0x00000000   Number         0  boardinit2.o ABSOLUTE
    ../clib/angel/handlers.s                 0x00000000   Number         0  __scatter_zi.o ABSOLUTE
    ../clib/angel/kernel.s                   0x00000000   Number         0  __rtentry2.o ABSOLUTE
    ../clib/angel/kernel.s                   0x00000000   Number         0  rtexit2.o ABSOLUTE
    ../clib/angel/kernel.s                   0x00000000   Number         0  rtexit.o ABSOLUTE
    ../clib/angel/kernel.s                   0x00000000   Number         0  __rtentry4.o ABSOLUTE
    ../clib/angel/kernel.s                   0x00000000   Number         0  __rtentry.o ABSOLUTE
    ../clib/angel/rt.s                       0x00000000   Number         0  aeabi_idiv0_sigfpe.o ABSOLUTE
    ../clib/angel/rt.s                       0x00000000   Number         0  rt_div0.o ABSOLUTE
    ../clib/angel/rt.s                       0x00000000   Number         0  rt_raise.o ABSOLUTE
    ../clib/angel/rt.s                       0x00000000   Number         0  aeabi_idiv0.o ABSOLUTE
    ../clib/angel/scatterp.s                 0x00000000   Number         0  __scatter.o ABSOLUTE
    ../clib/angel/startup.s                  0x00000000   Number         0  __main.o ABSOLUTE
    ../clib/angel/sys.s                      0x00000000   Number         0  sys_stackheap_outer.o ABSOLUTE
    ../clib/angel/sys.s                      0x00000000   Number         0  tempstk.o ABSOLUTE
    ../clib/angel/sys.s                      0x00000000   Number         0  libspace.o ABSOLUTE
    ../clib/angel/sys.s                      0x00000000   Number         0  indicate_semi.o ABSOLUTE
    ../clib/angel/sys.s                      0x00000000   Number         0  use_no_semi.o ABSOLUTE
    ../clib/angel/sysapp.c                   0x00000000   Number         0  sys_command.o ABSOLUTE
    ../clib/armsys.c                         0x00000000   Number         0  no_argv.o ABSOLUTE
    ../clib/armsys.c                         0x00000000   Number         0  _get_argv_nomalloc.o ABSOLUTE
    ../clib/armsys.c                         0x00000000   Number         0  argv_veneer.o ABSOLUTE
    ../clib/division.s                       0x00000000   Number         0  aeabi_sdiv.o ABSOLUTE
    ../clib/division.s                       0x00000000   Number         0  aeabi_sdiv_div0.o ABSOLUTE
    ../clib/heapalloc.c                      0x00000000   Number         0  hrguard.o ABSOLUTE
    ../clib/heapaux.c                        0x00000000   Number         0  heapauxi.o ABSOLUTE
    ../clib/libinit.s                        0x00000000   Number         0  libinit2.o ABSOLUTE
    ../clib/libinit.s                        0x00000000   Number         0  libshutdown.o ABSOLUTE
    ../clib/libinit.s                        0x00000000   Number         0  libinit.o ABSOLUTE
    ../clib/libinit.s                        0x00000000   Number         0  libshutdown2.o ABSOLUTE
    ../clib/misc.s                           0x00000000   Number         0  printf_stubs.o ABSOLUTE
    ../clib/printf.c                         0x00000000   Number         0  __printf_flags.o ABSOLUTE
    ../clib/printf.c                         0x00000000   Number         0  __printf_ss.o ABSOLUTE
    ../clib/printf.c                         0x00000000   Number         0  __printf_flags_ss.o ABSOLUTE
    ../clib/printf.c                         0x00000000   Number         0  __printf_flags_wp.o ABSOLUTE
    ../clib/printf.c                         0x00000000   Number         0  __printf_ss_wp.o ABSOLUTE
    ../clib/printf.c                         0x00000000   Number         0  __printf_flags_ss_wp.o ABSOLUTE
    ../clib/printf.c                         0x00000000   Number         0  __printf_wp.o ABSOLUTE
    ../clib/printf.c                         0x00000000   Number         0  __2printf.o ABSOLUTE
    ../clib/printf.c                         0x00000000   Number         0  _printf_char_common.o ABSOLUTE
    ../clib/printf.c                         0x00000000   Number         0  __printf_nopercent.o ABSOLUTE
    ../clib/printf.c                         0x00000000   Number         0  noretval__2printf.o ABSOLUTE
    ../clib/printf.c                         0x00000000   Number         0  __printf.o ABSOLUTE
    ../clib/printf.c                         0x00000000   Number         0  _printf_char_file.o ABSOLUTE
    ../clib/printf.c                         0x00000000   Number         0  _printf_intcommon.o ABSOLUTE
    ../clib/printf.c                         0x00000000   Number         0  _printf_hex_ll.o ABSOLUTE
    ../clib/printf.c                         0x00000000   Number         0  _printf_hex_int.o ABSOLUTE
    ../clib/printf.c                         0x00000000   Number         0  _printf_hex_int_ll.o ABSOLUTE
    ../clib/printf.c                         0x00000000   Number         0  _printf_hex_ptr.o ABSOLUTE
    ../clib/printf.c                         0x00000000   Number         0  _printf_hex_int_ptr.o ABSOLUTE
    ../clib/printf.c                         0x00000000   Number         0  _printf_hex_ll_ptr.o ABSOLUTE
    ../clib/printf.c                         0x00000000   Number         0  _printf_hex_int_ll_ptr.o ABSOLUTE
    ../clib/printf_percent.s                 0x00000000   Number         0  _printf_percent.o ABSOLUTE
    ../clib/printf_percent.s                 0x00000000   Number         0  _printf_percent_end.o ABSOLUTE
    ../clib/printf_percent.s                 0x00000000   Number         0  _printf_x.o ABSOLUTE
    ../clib/signal.c                         0x00000000   Number         0  defsig_rtmem_outer.o ABSOLUTE
    ../clib/signal.c                         0x00000000   Number         0  defsig_rtmem_inner.o ABSOLUTE
    ../clib/signal.c                         0x00000000   Number         0  defsig_segv_inner.o ABSOLUTE
    ../clib/signal.c                         0x00000000   Number         0  defsig_rtred_inner.o ABSOLUTE
    ../clib/signal.c                         0x00000000   Number         0  defsig_abrt_inner.o ABSOLUTE
    ../clib/signal.c                         0x00000000   Number         0  defsig_other.o ABSOLUTE
    ../clib/signal.c                         0x00000000   Number         0  defsig_exit.o ABSOLUTE
    ../clib/signal.c                         0x00000000   Number         0  defsig_fpe_inner.o ABSOLUTE
    ../clib/signal.c                         0x00000000   Number         0  defsig_cppl_inner.o ABSOLUTE
    ../clib/signal.c                         0x00000000   Number         0  defsig_fpe_formal.o ABSOLUTE
    ../clib/signal.c                         0x00000000   Number         0  defsig_fpe_outer.o ABSOLUTE
    ../clib/signal.c                         0x00000000   Number         0  defsig_pvfn_inner.o ABSOLUTE
    ../clib/signal.c                         0x00000000   Number         0  defsig_stak_inner.o ABSOLUTE
    ../clib/signal.c                         0x00000000   Number         0  defsig_general.o ABSOLUTE
    ../clib/signal.c                         0x00000000   Number         0  defsig_rtmem_formal.o ABSOLUTE
    ../clib/signal.c                         0x00000000   Number         0  __raise.o ABSOLUTE
    ../clib/signal.s                         0x00000000   Number         0  defsig.o ABSOLUTE
    ../clib/stdio.c                          0x00000000   Number         0  getc.o ABSOLUTE
    ../clib/stdlib.c                         0x00000000   Number         0  exit.o ABSOLUTE
    ../fplib/cfplib/fpinit.c                 0x00000000   Number         0  fpinit.o ABSOLUTE
    ..\..\..\Driver\src\retarget.c           0x00000000   Number         0  retarget.o ABSOLUTE
    ..\..\..\Driver\src\sci.c                0x00000000   Number         0  sci.o ABSOLUTE
    ..\..\..\Driver\src\sci_user.c           0x00000000   Number         0  sci_user.o ABSOLUTE
    ..\\..\\..\\Driver\\src\\retarget.c      0x00000000   Number         0  retarget.o ABSOLUTE
    ..\\..\\..\\Driver\\src\\sci.c           0x00000000   Number         0  sci.o ABSOLUTE
    ..\\..\\..\\Driver\\src\\sci_user.c      0x00000000   Number         0  sci_user.o ABSOLUTE
    ..\\main.c                               0x00000000   Number         0  main.o ABSOLUTE
    ..\main.c                                0x00000000   Number         0  main.o ABSOLUTE
    RTE\Device\BAT32A237KH40NB\isr_BAT32A237.c 0x00000000   Number         0  isr_bat32a237.o ABSOLUTE
    RTE\Device\BAT32A237KH40NB\startup_BAT32A237.s 0x00000000   Number         0  startup_bat32a237.o ABSOLUTE
    RTE\Device\BAT32A237KH40NB\system_BAT32A237.c 0x00000000   Number         0  system_bat32a237.o ABSOLUTE
    RTE\\Device\\BAT32A237KH40NB\\isr_BAT32A237.c 0x00000000   Number         0  isr_bat32a237.o ABSOLUTE
    RTE\\Device\\BAT32A237KH40NB\\system_BAT32A237.c 0x00000000   Number         0  system_bat32a237.o ABSOLUTE
    dc.s                                     0x00000000   Number         0  dc.o ABSOLUTE
    .ARM.__AT_0x000000C0                     0x000000c0   Section        4  system_bat32a237.o(.ARM.__AT_0x000000C0)
    __tagsym$$used                           0x000000c0   Number         0  system_bat32a237.o(.ARM.__AT_0x000000C0)
    !!!main                                  0x000000c4   Section        8  __main.o(!!!main)
    !!!scatter                               0x000000cc   Section       60  __scatter.o(!!!scatter)
    !!handler_zi                             0x00000108   Section       28  __scatter_zi.o(!!handler_zi)
    .ARM.Collect$$_printf_percent$$00000000  0x00000124   Section        2  _printf_percent.o(.ARM.Collect$$_printf_percent$$00000000)
    .ARM.Collect$$_printf_percent$$0000000C  0x00000126   Section       10  _printf_x.o(.ARM.Collect$$_printf_percent$$0000000C)
    .ARM.Collect$$_printf_percent$$00000017  0x00000130   Section        4  _printf_percent_end.o(.ARM.Collect$$_printf_percent$$00000017)
    .ARM.Collect$$libinit$$00000000          0x00000134   Section        2  libinit.o(.ARM.Collect$$libinit$$00000000)
    .ARM.Collect$$libinit$$00000002          0x00000136   Section        0  libinit2.o(.ARM.Collect$$libinit$$00000002)
    .ARM.Collect$$libinit$$00000004          0x00000136   Section        0  libinit2.o(.ARM.Collect$$libinit$$00000004)
    .ARM.Collect$$libinit$$0000000A          0x00000136   Section        0  libinit2.o(.ARM.Collect$$libinit$$0000000A)
    .ARM.Collect$$libinit$$0000000C          0x00000136   Section        0  libinit2.o(.ARM.Collect$$libinit$$0000000C)
    .ARM.Collect$$libinit$$0000000E          0x00000136   Section        0  libinit2.o(.ARM.Collect$$libinit$$0000000E)
    .ARM.Collect$$libinit$$00000011          0x00000136   Section        0  libinit2.o(.ARM.Collect$$libinit$$00000011)
    .ARM.Collect$$libinit$$00000013          0x00000136   Section        0  libinit2.o(.ARM.Collect$$libinit$$00000013)
    .ARM.Collect$$libinit$$00000015          0x00000136   Section        0  libinit2.o(.ARM.Collect$$libinit$$00000015)
    .ARM.Collect$$libinit$$00000017          0x00000136   Section        0  libinit2.o(.ARM.Collect$$libinit$$00000017)
    .ARM.Collect$$libinit$$00000019          0x00000136   Section        0  libinit2.o(.ARM.Collect$$libinit$$00000019)
    .ARM.Collect$$libinit$$0000001B          0x00000136   Section        0  libinit2.o(.ARM.Collect$$libinit$$0000001B)
    .ARM.Collect$$libinit$$0000001D          0x00000136   Section        0  libinit2.o(.ARM.Collect$$libinit$$0000001D)
    .ARM.Collect$$libinit$$0000001F          0x00000136   Section        0  libinit2.o(.ARM.Collect$$libinit$$0000001F)
    .ARM.Collect$$libinit$$00000021          0x00000136   Section        0  libinit2.o(.ARM.Collect$$libinit$$00000021)
    .ARM.Collect$$libinit$$00000023          0x00000136   Section        0  libinit2.o(.ARM.Collect$$libinit$$00000023)
    .ARM.Collect$$libinit$$00000025          0x00000136   Section        0  libinit2.o(.ARM.Collect$$libinit$$00000025)
    .ARM.Collect$$libinit$$0000002C          0x00000136   Section        0  libinit2.o(.ARM.Collect$$libinit$$0000002C)
    .ARM.Collect$$libinit$$0000002E          0x00000136   Section        0  libinit2.o(.ARM.Collect$$libinit$$0000002E)
    .ARM.Collect$$libinit$$00000030          0x00000136   Section        0  libinit2.o(.ARM.Collect$$libinit$$00000030)
    .ARM.Collect$$libinit$$00000032          0x00000136   Section        0  libinit2.o(.ARM.Collect$$libinit$$00000032)
    .ARM.Collect$$libinit$$00000033          0x00000136   Section        2  libinit2.o(.ARM.Collect$$libinit$$00000033)
    .ARM.Collect$$libshutdown$$00000000      0x00000138   Section        2  libshutdown.o(.ARM.Collect$$libshutdown$$00000000)
    .ARM.Collect$$libshutdown$$00000003      0x0000013a   Section        0  libshutdown2.o(.ARM.Collect$$libshutdown$$00000003)
    .ARM.Collect$$libshutdown$$00000006      0x0000013a   Section        0  libshutdown2.o(.ARM.Collect$$libshutdown$$00000006)
    .ARM.Collect$$libshutdown$$00000009      0x0000013a   Section        0  libshutdown2.o(.ARM.Collect$$libshutdown$$00000009)
    .ARM.Collect$$libshutdown$$0000000B      0x0000013a   Section        0  libshutdown2.o(.ARM.Collect$$libshutdown$$0000000B)
    .ARM.Collect$$libshutdown$$0000000E      0x0000013a   Section        0  libshutdown2.o(.ARM.Collect$$libshutdown$$0000000E)
    .ARM.Collect$$libshutdown$$0000000F      0x0000013a   Section        2  libshutdown2.o(.ARM.Collect$$libshutdown$$0000000F)
    .ARM.Collect$$rtentry$$00000000          0x0000013c   Section        0  __rtentry.o(.ARM.Collect$$rtentry$$00000000)
    .ARM.Collect$$rtentry$$00000002          0x0000013c   Section        0  __rtentry2.o(.ARM.Collect$$rtentry$$00000002)
    .ARM.Collect$$rtentry$$00000004          0x0000013c   Section        6  __rtentry4.o(.ARM.Collect$$rtentry$$00000004)
    .ARM.Collect$$rtentry$$00000009          0x00000142   Section        0  __rtentry2.o(.ARM.Collect$$rtentry$$00000009)
    .ARM.Collect$$rtentry$$0000000A          0x00000142   Section        4  __rtentry2.o(.ARM.Collect$$rtentry$$0000000A)
    .ARM.Collect$$rtentry$$0000000C          0x00000146   Section        0  __rtentry2.o(.ARM.Collect$$rtentry$$0000000C)
    .ARM.Collect$$rtentry$$0000000D          0x00000146   Section        8  __rtentry2.o(.ARM.Collect$$rtentry$$0000000D)
    .ARM.Collect$$rtexit$$00000000           0x0000014e   Section        2  rtexit.o(.ARM.Collect$$rtexit$$00000000)
    .ARM.Collect$$rtexit$$00000002           0x00000150   Section        0  rtexit2.o(.ARM.Collect$$rtexit$$00000002)
    .ARM.Collect$$rtexit$$00000003           0x00000150   Section        4  rtexit2.o(.ARM.Collect$$rtexit$$00000003)
    .ARM.Collect$$rtexit$$00000004           0x00000154   Section        6  rtexit2.o(.ARM.Collect$$rtexit$$00000004)
    .emb_text                                0x0000015c   Section       28  main.o(.emb_text)
    .text                                    0x00000178   Section      128  startup_bat32a237.o(.text)
    .text                                    0x000001f8   Section        0  noretval__2printf.o(.text)
    .text                                    0x00000214   Section        0  _printf_hex_int.o(.text)
    .text                                    0x0000026c   Section        0  __printf_wp.o(.text)
    .text                                    0x0000037a   Section        0  getc.o(.text)
    .text                                    0x00000382   Section      346  aeabi_sdiv.o(.text)
    .text                                    0x000004dc   Section        0  heapauxi.o(.text)
    .text                                    0x000004e2   Section        0  _printf_intcommon.o(.text)
    .text                                    0x00000594   Section        0  _printf_char_file.o(.text)
    .text                                    0x000005bc   Section        0  _printf_char_common.o(.text)
    _printf_input_char                       0x000005bd   Thumb Code    10  _printf_char_common.o(.text)
    .text                                    0x000005ec   Section       62  sys_stackheap_outer.o(.text)
    .text                                    0x0000062a   Section        0  exit.o(.text)
    .text                                    0x00000638   Section        8  libspace.o(.text)
    .text                                    0x00000640   Section        0  __dczerorl2.o(.text)
    i.CAN0Err_Interrupt                      0x00000698   Section        0  isr_bat32a237.o(i.CAN0Err_Interrupt)
    i.CAN0Rec_Interrupt                      0x000006a4   Section        0  isr_bat32a237.o(i.CAN0Rec_Interrupt)
    i.CAN0Trx_Interrupt                      0x000006b0   Section        0  isr_bat32a237.o(i.CAN0Trx_Interrupt)
    i.CAN0Wup_Interrupt                      0x000006bc   Section        0  isr_bat32a237.o(i.CAN0Wup_Interrupt)
    i.CLK_GetCoreFreq                        0x000006c8   Section        0  system_bat32a237.o(i.CLK_GetCoreFreq)
    i.IIC20_Init                             0x00000774   Section        0  sci.o(i.IIC20_Init)
    i.IIC20_MasterReceive                    0x00000844   Section        0  sci.o(i.IIC20_MasterReceive)
    i.IIC20_MasterSend                       0x000008c8   Section        0  sci.o(i.IIC20_MasterSend)
    i.IIC20_StartCondition                   0x00000940   Section        0  sci.o(i.IIC20_StartCondition)
    i.IIC20_Stop                             0x00000998   Section        0  sci.o(i.IIC20_Stop)
    i.IIC20_StopCondition                    0x000009bc   Section        0  sci.o(i.IIC20_StopCondition)
    i.IIC21_Init                             0x00000a28   Section        0  sci.o(i.IIC21_Init)
    i.IIC21_MasterReceive                    0x00000ad4   Section        0  sci.o(i.IIC21_MasterReceive)
    i.IIC21_MasterSend                       0x00000b50   Section        0  sci.o(i.IIC21_MasterSend)
    i.IIC21_StartCondition                   0x00000bc0   Section        0  sci.o(i.IIC21_StartCondition)
    i.IIC21_Stop                             0x00000c1c   Section        0  sci.o(i.IIC21_Stop)
    i.IIC21_StopCondition                    0x00000c44   Section        0  sci.o(i.IIC21_StopCondition)
    i.IRQ00_Handler                          0x00000ca8   Section        0  isr_bat32a237.o(i.IRQ00_Handler)
    i.IRQ01_Handler                          0x00000cbc   Section        0  isr_bat32a237.o(i.IRQ01_Handler)
    i.IRQ02_Handler                          0x00000cdc   Section        0  isr_bat32a237.o(i.IRQ02_Handler)
    i.IRQ03_Handler                          0x00000cfc   Section        0  isr_bat32a237.o(i.IRQ03_Handler)
    i.IRQ04_Handler                          0x00000d1c   Section        0  isr_bat32a237.o(i.IRQ04_Handler)
    i.IRQ05_Handler                          0x00000d3c   Section        0  isr_bat32a237.o(i.IRQ05_Handler)
    i.IRQ06_Handler                          0x00000d5c   Section        0  isr_bat32a237.o(i.IRQ06_Handler)
    i.IRQ07_Handler                          0x00000d7c   Section        0  isr_bat32a237.o(i.IRQ07_Handler)
    i.IRQ08_Handler                          0x00000d90   Section        0  isr_bat32a237.o(i.IRQ08_Handler)
    i.IRQ09_Handler                          0x00000da4   Section        0  isr_bat32a237.o(i.IRQ09_Handler)
    i.IRQ10_Handler                          0x00000dc8   Section        0  isr_bat32a237.o(i.IRQ10_Handler)
    i.IRQ11_Handler                          0x00000ddc   Section        0  isr_bat32a237.o(i.IRQ11_Handler)
    i.IRQ12_Handler                          0x00000df0   Section        0  isr_bat32a237.o(i.IRQ12_Handler)
    i.IRQ13_Handler                          0x00000e14   Section        0  isr_bat32a237.o(i.IRQ13_Handler)
    i.IRQ14_Handler                          0x00000e28   Section        0  isr_bat32a237.o(i.IRQ14_Handler)
    i.IRQ15_Handler                          0x00000e3c   Section        0  isr_bat32a237.o(i.IRQ15_Handler)
    i.IRQ16_Handler                          0x00000e60   Section        0  isr_bat32a237.o(i.IRQ16_Handler)
    i.IRQ17_Handler                          0x00000e80   Section        0  isr_bat32a237.o(i.IRQ17_Handler)
    i.IRQ18_Handler                          0x00000e94   Section        0  isr_bat32a237.o(i.IRQ18_Handler)
    i.IRQ19_Handler                          0x00000ea8   Section        0  isr_bat32a237.o(i.IRQ19_Handler)
    i.IRQ20_Handler                          0x00000ebc   Section        0  isr_bat32a237.o(i.IRQ20_Handler)
    i.IRQ21_Handler                          0x00000ed0   Section        0  isr_bat32a237.o(i.IRQ21_Handler)
    i.IRQ22_Handler                          0x00000ee4   Section        0  isr_bat32a237.o(i.IRQ22_Handler)
    i.IRQ23_Handler                          0x00000f08   Section        0  isr_bat32a237.o(i.IRQ23_Handler)
    i.IRQ24_Handler                          0x00000f2c   Section        0  isr_bat32a237.o(i.IRQ24_Handler)
    i.IRQ25_Handler                          0x00000f4c   Section        0  isr_bat32a237.o(i.IRQ25_Handler)
    i.IRQ26_Handler                          0x00000f70   Section        0  isr_bat32a237.o(i.IRQ26_Handler)
    i.IRQ27_Handler                          0x00000f84   Section        0  isr_bat32a237.o(i.IRQ27_Handler)
    i.IRQ28_Handler                          0x00000f98   Section        0  isr_bat32a237.o(i.IRQ28_Handler)
    i.IRQ29_Handler                          0x00000fac   Section        0  isr_bat32a237.o(i.IRQ29_Handler)
    i.IRQ30_Handler                          0x00000fc0   Section        0  isr_bat32a237.o(i.IRQ30_Handler)
    i.IRQ31_Handler                          0x00000fd4   Section        0  isr_bat32a237.o(i.IRQ31_Handler)
    i.SPI11_Stop                             0x00000fe8   Section        0  sci.o(i.SPI11_Stop)
    i.SysTick_Handler                        0x0000103c   Section        0  main.o(i.SysTick_Handler)
    i.SystemCoreClockUpdate                  0x0000104c   Section        0  system_bat32a237.o(i.SystemCoreClockUpdate)
    i.SystemInit                             0x0000105c   Section        0  system_bat32a237.o(i.SystemInit)
    i.UART0_BaudRate                         0x000010f0   Section        0  sci.o(i.UART0_BaudRate)
    i.UART0_Init                             0x00001154   Section        0  sci.o(i.UART0_Init)
    i.UART0_Receive                          0x00001278   Section        0  sci.o(i.UART0_Receive)
    i.UART0_Send                             0x00001294   Section        0  sci.o(i.UART0_Send)
    i.UART_BaudRateCal                       0x000012b0   Section        0  sci.o(i.UART_BaudRateCal)
    i.__ARM_common_switch8                   0x00001390   Section        0  system_bat32a237.o(i.__ARM_common_switch8)
    i.__NVIC_ClearPendingIRQ                 0x000013ac   Section        0  sci.o(i.__NVIC_ClearPendingIRQ)
    __NVIC_ClearPendingIRQ                   0x000013ad   Thumb Code    18  sci.o(i.__NVIC_ClearPendingIRQ)
    i.__NVIC_SetPriority                     0x000013c4   Section        0  sci.o(i.__NVIC_SetPriority)
    __NVIC_SetPriority                       0x000013c5   Thumb Code   110  sci.o(i.__NVIC_SetPriority)
    i._is_digit                              0x0000143c   Section        0  __printf_wp.o(i._is_digit)
    i._sys_exit                              0x0000144c   Section        0  retarget.o(i._sys_exit)
    i.adc_interrupt                          0x0000146c   Section        0  isr_bat32a237.o(i.adc_interrupt)
    i.cmp0_interrupt                         0x00001478   Section        0  isr_bat32a237.o(i.cmp0_interrupt)
    i.cmp1_interrupt                         0x00001484   Section        0  isr_bat32a237.o(i.cmp1_interrupt)
    i.div_interrupt                          0x00001490   Section        0  isr_bat32a237.o(i.div_interrupt)
    i.ferror                                 0x0000149c   Section        0  retarget.o(i.ferror)
    i.fgetc                                  0x000014a4   Section        0  retarget.o(i.fgetc)
    i.flash_interrupt                        0x000014c8   Section        0  isr_bat32a237.o(i.flash_interrupt)
    i.fputc                                  0x000014d4   Section        0  retarget.o(i.fputc)
    i.hard_fault_handler_c                   0x000014f0   Section        0  main.o(i.hard_fault_handler_c)
    __tagsym$$used                           0x000014f1   Number         0  main.o(i.hard_fault_handler_c)
    i.iic20_callback_master_error            0x00001608   Section        0  sci_user.o(i.iic20_callback_master_error)
    iic20_callback_master_error              0x00001609   Thumb Code     2  sci_user.o(i.iic20_callback_master_error)
    i.iic20_callback_master_receiveend       0x0000160c   Section        0  sci_user.o(i.iic20_callback_master_receiveend)
    iic20_callback_master_receiveend         0x0000160d   Thumb Code    14  sci_user.o(i.iic20_callback_master_receiveend)
    i.iic20_callback_master_sendend          0x00001620   Section        0  sci_user.o(i.iic20_callback_master_sendend)
    iic20_callback_master_sendend            0x00001621   Thumb Code    14  sci_user.o(i.iic20_callback_master_sendend)
    i.iic20_interrupt                        0x00001634   Section        0  sci_user.o(i.iic20_interrupt)
    i.iic21_callback_master_error            0x000017b8   Section        0  sci_user.o(i.iic21_callback_master_error)
    iic21_callback_master_error              0x000017b9   Thumb Code     2  sci_user.o(i.iic21_callback_master_error)
    i.iic21_callback_master_receiveend       0x000017bc   Section        0  sci_user.o(i.iic21_callback_master_receiveend)
    iic21_callback_master_receiveend         0x000017bd   Thumb Code    14  sci_user.o(i.iic21_callback_master_receiveend)
    i.iic21_callback_master_sendend          0x000017d0   Section        0  sci_user.o(i.iic21_callback_master_sendend)
    iic21_callback_master_sendend            0x000017d1   Thumb Code    14  sci_user.o(i.iic21_callback_master_sendend)
    i.iic21_interrupt                        0x000017e4   Section        0  sci_user.o(i.iic21_interrupt)
    i.iica0_interrupt                        0x00001968   Section        0  isr_bat32a237.o(i.iica0_interrupt)
    i.intp0_interrupt                        0x00001974   Section        0  isr_bat32a237.o(i.intp0_interrupt)
    i.intp10_interrupt                       0x00001980   Section        0  isr_bat32a237.o(i.intp10_interrupt)
    i.intp11_interrupt                       0x0000198c   Section        0  isr_bat32a237.o(i.intp11_interrupt)
    i.intp1_interrupt                        0x00001998   Section        0  isr_bat32a237.o(i.intp1_interrupt)
    i.intp2_interrupt                        0x000019a4   Section        0  isr_bat32a237.o(i.intp2_interrupt)
    i.intp3_interrupt                        0x000019b0   Section        0  isr_bat32a237.o(i.intp3_interrupt)
    i.intp4_interrupt                        0x000019bc   Section        0  isr_bat32a237.o(i.intp4_interrupt)
    i.intp5_interrupt                        0x000019c8   Section        0  isr_bat32a237.o(i.intp5_interrupt)
    i.intp6_interrupt                        0x000019d4   Section        0  isr_bat32a237.o(i.intp6_interrupt)
    i.intp7_interrupt                        0x000019e0   Section        0  isr_bat32a237.o(i.intp7_interrupt)
    i.intp8_interrupt                        0x000019ec   Section        0  isr_bat32a237.o(i.intp8_interrupt)
    i.intp9_interrupt                        0x000019f8   Section        0  isr_bat32a237.o(i.intp9_interrupt)
    i.it_interrupt                           0x00001a04   Section        0  isr_bat32a237.o(i.it_interrupt)
    i.key_interrupt                          0x00001a10   Section        0  isr_bat32a237.o(i.key_interrupt)
    i.lvi_interrupt                          0x00001a1c   Section        0  isr_bat32a237.o(i.lvi_interrupt)
    i.main                                   0x00001a28   Section        0  main.o(i.main)
    i.rtc_interrupt                          0x00001d34   Section        0  isr_bat32a237.o(i.rtc_interrupt)
    i.spi10_callback_error                   0x00001d40   Section        0  sci_user.o(i.spi10_callback_error)
    spi10_callback_error                     0x00001d41   Thumb Code     2  sci_user.o(i.spi10_callback_error)
    i.spi10_callback_receiveend              0x00001d44   Section        0  sci_user.o(i.spi10_callback_receiveend)
    spi10_callback_receiveend                0x00001d45   Thumb Code     8  sci_user.o(i.spi10_callback_receiveend)
    i.spi10_callback_sendend                 0x00001d50   Section        0  sci_user.o(i.spi10_callback_sendend)
    spi10_callback_sendend                   0x00001d51   Thumb Code     8  sci_user.o(i.spi10_callback_sendend)
    i.spi10_interrupt                        0x00001d5c   Section        0  sci_user.o(i.spi10_interrupt)
    i.spi11_callback_error                   0x00001e94   Section        0  sci_user.o(i.spi11_callback_error)
    spi11_callback_error                     0x00001e95   Thumb Code     2  sci_user.o(i.spi11_callback_error)
    i.spi11_callback_receiveend              0x00001e98   Section        0  sci_user.o(i.spi11_callback_receiveend)
    spi11_callback_receiveend                0x00001e99   Thumb Code    14  sci_user.o(i.spi11_callback_receiveend)
    i.spi11_callback_sendend                 0x00001eac   Section        0  sci_user.o(i.spi11_callback_sendend)
    spi11_callback_sendend                   0x00001ead   Thumb Code    14  sci_user.o(i.spi11_callback_sendend)
    i.spi11_interrupt                        0x00001ec0   Section        0  sci_user.o(i.spi11_interrupt)
    i.sre0_interrupt                         0x00001ff8   Section        0  isr_bat32a237.o(i.sre0_interrupt)
    i.sre1_interrupt                         0x00002004   Section        0  isr_bat32a237.o(i.sre1_interrupt)
    i.sre2_interrupt                         0x00002010   Section        0  isr_bat32a237.o(i.sre2_interrupt)
    i.tm01h_interrupt                        0x0000201c   Section        0  isr_bat32a237.o(i.tm01h_interrupt)
    i.tm03h_interrupt                        0x00002028   Section        0  isr_bat32a237.o(i.tm03h_interrupt)
    i.tm40_channel0_interrupt                0x00002034   Section        0  isr_bat32a237.o(i.tm40_channel0_interrupt)
    i.tm40_channel1_interrupt                0x00002040   Section        0  isr_bat32a237.o(i.tm40_channel1_interrupt)
    i.tm40_channel2_interrupt                0x0000204c   Section        0  isr_bat32a237.o(i.tm40_channel2_interrupt)
    i.tm40_channel3_interrupt                0x00002058   Section        0  isr_bat32a237.o(i.tm40_channel3_interrupt)
    i.tma0_interrupt                         0x00002064   Section        0  isr_bat32a237.o(i.tma0_interrupt)
    i.tmb0_interrupt                         0x00002070   Section        0  isr_bat32a237.o(i.tmb0_interrupt)
    i.tmc_interrupt                          0x0000207c   Section        0  isr_bat32a237.o(i.tmc_interrupt)
    i.tmm0_interrupt                         0x00002088   Section        0  isr_bat32a237.o(i.tmm0_interrupt)
    i.tmm1_interrupt                         0x00002094   Section        0  isr_bat32a237.o(i.tmm1_interrupt)
    i.uart0_callback_error                   0x000020a0   Section        0  sci_user.o(i.uart0_callback_error)
    uart0_callback_error                     0x000020a1   Thumb Code     2  sci_user.o(i.uart0_callback_error)
    i.uart0_callback_receiveend              0x000020a2   Section        0  sci_user.o(i.uart0_callback_receiveend)
    uart0_callback_receiveend                0x000020a3   Thumb Code     2  sci_user.o(i.uart0_callback_receiveend)
    i.uart0_callback_sendend                 0x000020a4   Section        0  sci_user.o(i.uart0_callback_sendend)
    uart0_callback_sendend                   0x000020a5   Thumb Code     2  sci_user.o(i.uart0_callback_sendend)
    i.uart0_callback_softwareoverrun         0x000020a6   Section        0  sci_user.o(i.uart0_callback_softwareoverrun)
    uart0_callback_softwareoverrun           0x000020a7   Thumb Code     2  sci_user.o(i.uart0_callback_softwareoverrun)
    i.uart0_interrupt_receive                0x000020a8   Section        0  sci_user.o(i.uart0_interrupt_receive)
    i.uart0_interrupt_send                   0x00002134   Section        0  sci_user.o(i.uart0_interrupt_send)
    .constdata                               0x0000217c   Section       32  sci.o(.constdata)
    .constdata                               0x0000219c   Section       40  _printf_hex_int.o(.constdata)
    uc_hextab                                0x0000219c   Data          20  _printf_hex_int.o(.constdata)
    lc_hextab                                0x000021b0   Data          20  _printf_hex_int.o(.constdata)
    .data                                    0x20000000   Section       14  main.o(.data)
    .data                                    0x20000010   Section      276  sci.o(.data)
    dummy_sio00                              0x20000118   Data           1  sci.o(.data)
    dummy_sio00                              0x20000119   Data           1  sci.o(.data)
    dummy_sio01                              0x2000011a   Data           1  sci.o(.data)
    dummy_sio01                              0x2000011b   Data           1  sci.o(.data)
    dummy_sio10                              0x2000011c   Data           1  sci.o(.data)
    dummy_sio10                              0x2000011d   Data           1  sci.o(.data)
    dummy_sio11                              0x2000011e   Data           1  sci.o(.data)
    dummy_sio11                              0x2000011f   Data           1  sci.o(.data)
    dummy_sio20                              0x20000120   Data           1  sci.o(.data)
    dummy_sio20                              0x20000121   Data           1  sci.o(.data)
    dummy_sio21                              0x20000122   Data           1  sci.o(.data)
    dummy_sio21                              0x20000123   Data           1  sci.o(.data)
    .data                                    0x20000124   Section       12  sci_user.o(.data)
    .data                                    0x20000130   Section        8  retarget.o(.data)
    .data                                    0x20000138   Section        4  system_bat32a237.o(.data)
    .bss                                     0x2000013c   Section       96  libspace.o(.bss)
    HEAP                                     0x200001a0   Section      256  startup_bat32a237.o(HEAP)
    Heap_Mem                                 0x200001a0   Data         256  startup_bat32a237.o(HEAP)
    STACK                                    0x200002a0   Section     1024  startup_bat32a237.o(STACK)
    Stack_Mem                                0x200002a0   Data        1024  startup_bat32a237.o(STACK)
    __initial_sp                             0x200006a0   Data           0  startup_bat32a237.o(STACK)

    Global Symbols

    Symbol Name                              Value     Ov Type        Size  Object(Section)

    BuildAttributes$$THM_ISAv3M$S$PE$A:L22$X:L11$S22$IEEE1$IW$USESV6$~STKCKD$USESV7$~SHL$OSPACE$ROPI$EBA8$UX$STANDARDLIB$REQ8$PRES8$EABIv2 0x00000000   Number         0  anon$$obj.o ABSOLUTE
    __ARM_use_no_argv                        0x00000000   Number         0  main.o ABSOLUTE
    __Vectors                                0x00000000   Data           4  startup_bat32a237.o(RESET)
    _printf_flags                            0x00000000   Number         0  printf_stubs.o ABSOLUTE
    _printf_return_value                     0x00000000   Number         0  printf_stubs.o ABSOLUTE
    _printf_sizespec                         0x00000000   Number         0  printf_stubs.o ABSOLUTE
    _printf_widthprec                        0x00000000   Number         0  printf_stubs.o ABSOLUTE
    __ARM_exceptions_init                     - Undefined Weak Reference
    __alloca_initialize                       - Undefined Weak Reference
    __arm_preinit_                            - Undefined Weak Reference
    __cpp_initialize__aeabi_                  - Undefined Weak Reference
    __cxa_finalize                            - Undefined Weak Reference
    __rt_locale                               - Undefined Weak Reference
    __sigvec_lookup                           - Undefined Weak Reference
    _atexit_init                              - Undefined Weak Reference
    _call_atexit_fns                          - Undefined Weak Reference
    _clock_init                               - Undefined Weak Reference
    _fp_trap_init                             - Undefined Weak Reference
    _fp_trap_shutdown                         - Undefined Weak Reference
    _get_lc_collate                           - Undefined Weak Reference
    _get_lc_ctype                             - Undefined Weak Reference
    _get_lc_monetary                          - Undefined Weak Reference
    _get_lc_numeric                           - Undefined Weak Reference
    _get_lc_time                              - Undefined Weak Reference
    _getenv_init                              - Undefined Weak Reference
    _handle_redirection                       - Undefined Weak Reference
    _init_alloc                               - Undefined Weak Reference
    _init_user_alloc                          - Undefined Weak Reference
    _initio                                   - Undefined Weak Reference
    _printf_post_padding                      - Undefined Weak Reference
    _printf_pre_padding                       - Undefined Weak Reference
    _printf_truncate_unsigned                 - Undefined Weak Reference
    _rand_init                                - Undefined Weak Reference
    _signal_finish                            - Undefined Weak Reference
    _signal_init                              - Undefined Weak Reference
    _terminate_alloc                          - Undefined Weak Reference
    _terminate_user_alloc                     - Undefined Weak Reference
    _terminateio                              - Undefined Weak Reference
    __Vectors_End                            0x000000c0   Data           0  startup_bat32a237.o(RESET)
    __Vectors_Size                           0x000000c0   Number         0  startup_bat32a237.o ABSOLUTE
    user_opt_data                            0x000000c0   Data           4  system_bat32a237.o(.ARM.__AT_0x000000C0)
    __main                                   0x000000c5   Thumb Code     8  __main.o(!!!main)
    __scatterload                            0x000000cd   Thumb Code     0  __scatter.o(!!!scatter)
    __scatterload_rt2                        0x000000cd   Thumb Code    52  __scatter.o(!!!scatter)
    __scatterload_rt2_thumb_only             0x000000cd   Thumb Code     0  __scatter.o(!!!scatter)
    __scatterload_null                       0x000000dd   Thumb Code     0  __scatter.o(!!!scatter)
    __scatterload_zeroinit                   0x00000109   Thumb Code    28  __scatter_zi.o(!!handler_zi)
    _printf_percent                          0x00000125   Thumb Code     0  _printf_percent.o(.ARM.Collect$$_printf_percent$$00000000)
    _printf_x                                0x00000127   Thumb Code     0  _printf_x.o(.ARM.Collect$$_printf_percent$$0000000C)
    _printf_percent_end                      0x00000131   Thumb Code     0  _printf_percent_end.o(.ARM.Collect$$_printf_percent$$00000017)
    __rt_lib_init                            0x00000135   Thumb Code     0  libinit.o(.ARM.Collect$$libinit$$00000000)
    __rt_lib_init_alloca_1                   0x00000137   Thumb Code     0  libinit2.o(.ARM.Collect$$libinit$$0000002E)
    __rt_lib_init_argv_1                     0x00000137   Thumb Code     0  libinit2.o(.ARM.Collect$$libinit$$0000002C)
    __rt_lib_init_atexit_1                   0x00000137   Thumb Code     0  libinit2.o(.ARM.Collect$$libinit$$0000001B)
    __rt_lib_init_clock_1                    0x00000137   Thumb Code     0  libinit2.o(.ARM.Collect$$libinit$$00000021)
    __rt_lib_init_cpp_1                      0x00000137   Thumb Code     0  libinit2.o(.ARM.Collect$$libinit$$00000032)
    __rt_lib_init_exceptions_1               0x00000137   Thumb Code     0  libinit2.o(.ARM.Collect$$libinit$$00000030)
    __rt_lib_init_fp_1                       0x00000137   Thumb Code     0  libinit2.o(.ARM.Collect$$libinit$$00000002)
    __rt_lib_init_fp_trap_1                  0x00000137   Thumb Code     0  libinit2.o(.ARM.Collect$$libinit$$0000001F)
    __rt_lib_init_getenv_1                   0x00000137   Thumb Code     0  libinit2.o(.ARM.Collect$$libinit$$00000023)
    __rt_lib_init_heap_1                     0x00000137   Thumb Code     0  libinit2.o(.ARM.Collect$$libinit$$0000000A)
    __rt_lib_init_lc_collate_1               0x00000137   Thumb Code     0  libinit2.o(.ARM.Collect$$libinit$$00000011)
    __rt_lib_init_lc_ctype_1                 0x00000137   Thumb Code     0  libinit2.o(.ARM.Collect$$libinit$$00000013)
    __rt_lib_init_lc_monetary_1              0x00000137   Thumb Code     0  libinit2.o(.ARM.Collect$$libinit$$00000015)
    __rt_lib_init_lc_numeric_1               0x00000137   Thumb Code     0  libinit2.o(.ARM.Collect$$libinit$$00000017)
    __rt_lib_init_lc_time_1                  0x00000137   Thumb Code     0  libinit2.o(.ARM.Collect$$libinit$$00000019)
    __rt_lib_init_preinit_1                  0x00000137   Thumb Code     0  libinit2.o(.ARM.Collect$$libinit$$00000004)
    __rt_lib_init_rand_1                     0x00000137   Thumb Code     0  libinit2.o(.ARM.Collect$$libinit$$0000000E)
    __rt_lib_init_return                     0x00000137   Thumb Code     0  libinit2.o(.ARM.Collect$$libinit$$00000033)
    __rt_lib_init_signal_1                   0x00000137   Thumb Code     0  libinit2.o(.ARM.Collect$$libinit$$0000001D)
    __rt_lib_init_stdio_1                    0x00000137   Thumb Code     0  libinit2.o(.ARM.Collect$$libinit$$00000025)
    __rt_lib_init_user_alloc_1               0x00000137   Thumb Code     0  libinit2.o(.ARM.Collect$$libinit$$0000000C)
    __rt_lib_shutdown                        0x00000139   Thumb Code     0  libshutdown.o(.ARM.Collect$$libshutdown$$00000000)
    __rt_lib_shutdown_fp_trap_1              0x0000013b   Thumb Code     0  libshutdown2.o(.ARM.Collect$$libshutdown$$00000006)
    __rt_lib_shutdown_heap_1                 0x0000013b   Thumb Code     0  libshutdown2.o(.ARM.Collect$$libshutdown$$0000000E)
    __rt_lib_shutdown_return                 0x0000013b   Thumb Code     0  libshutdown2.o(.ARM.Collect$$libshutdown$$0000000F)
    __rt_lib_shutdown_signal_1               0x0000013b   Thumb Code     0  libshutdown2.o(.ARM.Collect$$libshutdown$$00000009)
    __rt_lib_shutdown_stdio_1                0x0000013b   Thumb Code     0  libshutdown2.o(.ARM.Collect$$libshutdown$$00000003)
    __rt_lib_shutdown_user_alloc_1           0x0000013b   Thumb Code     0  libshutdown2.o(.ARM.Collect$$libshutdown$$0000000B)
    __rt_entry                               0x0000013d   Thumb Code     0  __rtentry.o(.ARM.Collect$$rtentry$$00000000)
    __rt_entry_presh_1                       0x0000013d   Thumb Code     0  __rtentry2.o(.ARM.Collect$$rtentry$$00000002)
    __rt_entry_sh                            0x0000013d   Thumb Code     0  __rtentry4.o(.ARM.Collect$$rtentry$$00000004)
    __rt_entry_li                            0x00000143   Thumb Code     0  __rtentry2.o(.ARM.Collect$$rtentry$$0000000A)
    __rt_entry_postsh_1                      0x00000143   Thumb Code     0  __rtentry2.o(.ARM.Collect$$rtentry$$00000009)
    __rt_entry_main                          0x00000147   Thumb Code     0  __rtentry2.o(.ARM.Collect$$rtentry$$0000000D)
    __rt_entry_postli_1                      0x00000147   Thumb Code     0  __rtentry2.o(.ARM.Collect$$rtentry$$0000000C)
    __rt_exit                                0x0000014f   Thumb Code     0  rtexit.o(.ARM.Collect$$rtexit$$00000000)
    __rt_exit_ls                             0x00000151   Thumb Code     0  rtexit2.o(.ARM.Collect$$rtexit$$00000003)
    __rt_exit_prels_1                        0x00000151   Thumb Code     0  rtexit2.o(.ARM.Collect$$rtexit$$00000002)
    __rt_exit_exit                           0x00000155   Thumb Code     0  rtexit2.o(.ARM.Collect$$rtexit$$00000004)
    HardFault_Handler                        0x0000015d   Thumb Code    24  main.o(.emb_text)
    Reset_Handler                            0x00000179   Thumb Code     8  startup_bat32a237.o(.text)
    NMI_Handler                              0x00000181   Thumb Code     2  startup_bat32a237.o(.text)
    MemManage_Handler                        0x00000185   Thumb Code     2  startup_bat32a237.o(.text)
    BusFault_Handler                         0x00000187   Thumb Code     2  startup_bat32a237.o(.text)
    UsageFault_Handler                       0x00000189   Thumb Code     2  startup_bat32a237.o(.text)
    SVC_Handler                              0x0000018b   Thumb Code     2  startup_bat32a237.o(.text)
    DebugMon_Handler                         0x0000018d   Thumb Code     2  startup_bat32a237.o(.text)
    PendSV_Handler                           0x0000018f   Thumb Code     2  startup_bat32a237.o(.text)
    __user_initial_stackheap                 0x000001d5   Thumb Code    10  startup_bat32a237.o(.text)
    __2printf                                0x000001f9   Thumb Code    22  noretval__2printf.o(.text)
    _printf_int_hex                          0x00000215   Thumb Code    84  _printf_hex_int.o(.text)
    _printf_longlong_hex                     0x00000215   Thumb Code     0  _printf_hex_int.o(.text)
    __printf                                 0x0000026d   Thumb Code   270  __printf_wp.o(.text)
    getc                                     0x0000037b   Thumb Code     8  getc.o(.text)
    __aeabi_uidiv                            0x00000383   Thumb Code     0  aeabi_sdiv.o(.text)
    __aeabi_uidivmod                         0x00000383   Thumb Code    20  aeabi_sdiv.o(.text)
    __aeabi_idiv                             0x00000397   Thumb Code     0  aeabi_sdiv.o(.text)
    __aeabi_idivmod                          0x00000397   Thumb Code   326  aeabi_sdiv.o(.text)
    __use_two_region_memory                  0x000004dd   Thumb Code     2  heapauxi.o(.text)
    __rt_heap_escrow$2region                 0x000004df   Thumb Code     2  heapauxi.o(.text)
    __rt_heap_expand$2region                 0x000004e1   Thumb Code     2  heapauxi.o(.text)
    _printf_int_common                       0x000004e3   Thumb Code   176  _printf_intcommon.o(.text)
    _printf_char_file                        0x00000595   Thumb Code    34  _printf_char_file.o(.text)
    _printf_char_common                      0x000005c7   Thumb Code    32  _printf_char_common.o(.text)
    __user_setup_stackheap                   0x000005ed   Thumb Code    62  sys_stackheap_outer.o(.text)
    exit                                     0x0000062b   Thumb Code    12  exit.o(.text)
    __user_libspace                          0x00000639   Thumb Code     8  libspace.o(.text)
    __user_perproc_libspace                  0x00000639   Thumb Code     0  libspace.o(.text)
    __user_perthread_libspace                0x00000639   Thumb Code     0  libspace.o(.text)
    __decompress                             0x00000641   Thumb Code     0  __dczerorl2.o(.text)
    __decompress1                            0x00000641   Thumb Code    86  __dczerorl2.o(.text)
    CAN0Err_Interrupt                        0x00000699   Thumb Code     8  isr_bat32a237.o(i.CAN0Err_Interrupt)
    CAN0Rec_Interrupt                        0x000006a5   Thumb Code     8  isr_bat32a237.o(i.CAN0Rec_Interrupt)
    CAN0Trx_Interrupt                        0x000006b1   Thumb Code     8  isr_bat32a237.o(i.CAN0Trx_Interrupt)
    CAN0Wup_Interrupt                        0x000006bd   Thumb Code     8  isr_bat32a237.o(i.CAN0Wup_Interrupt)
    CLK_GetCoreFreq                          0x000006c9   Thumb Code   122  system_bat32a237.o(i.CLK_GetCoreFreq)
    IIC20_Init                               0x00000775   Thumb Code   182  sci.o(i.IIC20_Init)
    IIC20_MasterReceive                      0x00000845   Thumb Code    98  sci.o(i.IIC20_MasterReceive)
    IIC20_MasterSend                         0x000008c9   Thumb Code    92  sci.o(i.IIC20_MasterSend)
    IIC20_StartCondition                     0x00000941   Thumb Code    80  sci.o(i.IIC20_StartCondition)
    IIC20_Stop                               0x00000999   Thumb Code    24  sci.o(i.IIC20_Stop)
    IIC20_StopCondition                      0x000009bd   Thumb Code    96  sci.o(i.IIC20_StopCondition)
    IIC21_Init                               0x00000a29   Thumb Code   144  sci.o(i.IIC21_Init)
    IIC21_MasterReceive                      0x00000ad5   Thumb Code    90  sci.o(i.IIC21_MasterReceive)
    IIC21_MasterSend                         0x00000b51   Thumb Code    84  sci.o(i.IIC21_MasterSend)
    IIC21_StartCondition                     0x00000bc1   Thumb Code    78  sci.o(i.IIC21_StartCondition)
    IIC21_Stop                               0x00000c1d   Thumb Code    26  sci.o(i.IIC21_Stop)
    IIC21_StopCondition                      0x00000c45   Thumb Code    90  sci.o(i.IIC21_StopCondition)
    IRQ00_Handler                            0x00000ca9   Thumb Code    16  isr_bat32a237.o(i.IRQ00_Handler)
    IRQ01_Handler                            0x00000cbd   Thumb Code    28  isr_bat32a237.o(i.IRQ01_Handler)
    IRQ02_Handler                            0x00000cdd   Thumb Code    28  isr_bat32a237.o(i.IRQ02_Handler)
    IRQ03_Handler                            0x00000cfd   Thumb Code    28  isr_bat32a237.o(i.IRQ03_Handler)
    IRQ04_Handler                            0x00000d1d   Thumb Code    28  isr_bat32a237.o(i.IRQ04_Handler)
    IRQ05_Handler                            0x00000d3d   Thumb Code    28  isr_bat32a237.o(i.IRQ05_Handler)
    IRQ06_Handler                            0x00000d5d   Thumb Code    28  isr_bat32a237.o(i.IRQ06_Handler)
    IRQ07_Handler                            0x00000d7d   Thumb Code    16  isr_bat32a237.o(i.IRQ07_Handler)
    IRQ08_Handler                            0x00000d91   Thumb Code    16  isr_bat32a237.o(i.IRQ08_Handler)
    IRQ09_Handler                            0x00000da5   Thumb Code    30  isr_bat32a237.o(i.IRQ09_Handler)
    IRQ10_Handler                            0x00000dc9   Thumb Code    16  isr_bat32a237.o(i.IRQ10_Handler)
    IRQ11_Handler                            0x00000ddd   Thumb Code    16  isr_bat32a237.o(i.IRQ11_Handler)
    IRQ12_Handler                            0x00000df1   Thumb Code    30  isr_bat32a237.o(i.IRQ12_Handler)
    IRQ13_Handler                            0x00000e15   Thumb Code    16  isr_bat32a237.o(i.IRQ13_Handler)
    IRQ14_Handler                            0x00000e29   Thumb Code    16  isr_bat32a237.o(i.IRQ14_Handler)
    IRQ15_Handler                            0x00000e3d   Thumb Code    30  isr_bat32a237.o(i.IRQ15_Handler)
    IRQ16_Handler                            0x00000e61   Thumb Code    28  isr_bat32a237.o(i.IRQ16_Handler)
    IRQ17_Handler                            0x00000e81   Thumb Code    16  isr_bat32a237.o(i.IRQ17_Handler)
    IRQ18_Handler                            0x00000e95   Thumb Code    16  isr_bat32a237.o(i.IRQ18_Handler)
    IRQ19_Handler                            0x00000ea9   Thumb Code    16  isr_bat32a237.o(i.IRQ19_Handler)
    IRQ20_Handler                            0x00000ebd   Thumb Code    16  isr_bat32a237.o(i.IRQ20_Handler)
    IRQ21_Handler                            0x00000ed1   Thumb Code    16  isr_bat32a237.o(i.IRQ21_Handler)
    IRQ22_Handler                            0x00000ee5   Thumb Code    30  isr_bat32a237.o(i.IRQ22_Handler)
    IRQ23_Handler                            0x00000f09   Thumb Code    30  isr_bat32a237.o(i.IRQ23_Handler)
    IRQ24_Handler                            0x00000f2d   Thumb Code    28  isr_bat32a237.o(i.IRQ24_Handler)
    IRQ25_Handler                            0x00000f4d   Thumb Code    30  isr_bat32a237.o(i.IRQ25_Handler)
    IRQ26_Handler                            0x00000f71   Thumb Code    16  isr_bat32a237.o(i.IRQ26_Handler)
    IRQ27_Handler                            0x00000f85   Thumb Code    16  isr_bat32a237.o(i.IRQ27_Handler)
    IRQ28_Handler                            0x00000f99   Thumb Code    16  isr_bat32a237.o(i.IRQ28_Handler)
    IRQ29_Handler                            0x00000fad   Thumb Code    16  isr_bat32a237.o(i.IRQ29_Handler)
    IRQ30_Handler                            0x00000fc1   Thumb Code    16  isr_bat32a237.o(i.IRQ30_Handler)
    IRQ31_Handler                            0x00000fd5   Thumb Code    16  isr_bat32a237.o(i.IRQ31_Handler)
    SPI11_Stop                               0x00000fe9   Thumb Code    62  sci.o(i.SPI11_Stop)
    SysTick_Handler                          0x0000103d   Thumb Code    12  main.o(i.SysTick_Handler)
    SystemCoreClockUpdate                    0x0000104d   Thumb Code    12  system_bat32a237.o(i.SystemCoreClockUpdate)
    SystemInit                               0x0000105d   Thumb Code   114  system_bat32a237.o(i.SystemInit)
    UART0_BaudRate                           0x000010f1   Thumb Code    90  sci.o(i.UART0_BaudRate)
    UART0_Init                               0x00001155   Thumb Code   252  sci.o(i.UART0_Init)
    UART0_Receive                            0x00001279   Thumb Code    20  sci.o(i.UART0_Receive)
    UART0_Send                               0x00001295   Thumb Code    20  sci.o(i.UART0_Send)
    UART_BaudRateCal                         0x000012b1   Thumb Code   218  sci.o(i.UART_BaudRateCal)
    __ARM_common_switch8                     0x00001391   Thumb Code    28  system_bat32a237.o(i.__ARM_common_switch8)
    _is_digit                                0x0000143d   Thumb Code    14  __printf_wp.o(i._is_digit)
    _sys_exit                                0x0000144d   Thumb Code    22  retarget.o(i._sys_exit)
    adc_interrupt                            0x0000146d   Thumb Code     8  isr_bat32a237.o(i.adc_interrupt)
    cmp0_interrupt                           0x00001479   Thumb Code     8  isr_bat32a237.o(i.cmp0_interrupt)
    cmp1_interrupt                           0x00001485   Thumb Code     8  isr_bat32a237.o(i.cmp1_interrupt)
    div_interrupt                            0x00001491   Thumb Code     8  isr_bat32a237.o(i.div_interrupt)
    ferror                                   0x0000149d   Thumb Code     8  retarget.o(i.ferror)
    fgetc                                    0x000014a5   Thumb Code    36  retarget.o(i.fgetc)
    flash_interrupt                          0x000014c9   Thumb Code     8  isr_bat32a237.o(i.flash_interrupt)
    fputc                                    0x000014d5   Thumb Code    26  retarget.o(i.fputc)
    hard_fault_handler_c                     0x000014f1   Thumb Code   116  main.o(i.hard_fault_handler_c)
    iic20_interrupt                          0x00001635   Thumb Code   348  sci_user.o(i.iic20_interrupt)
    iic21_interrupt                          0x000017e5   Thumb Code   348  sci_user.o(i.iic21_interrupt)
    iica0_interrupt                          0x00001969   Thumb Code     8  isr_bat32a237.o(i.iica0_interrupt)
    intp0_interrupt                          0x00001975   Thumb Code     8  isr_bat32a237.o(i.intp0_interrupt)
    intp10_interrupt                         0x00001981   Thumb Code     8  isr_bat32a237.o(i.intp10_interrupt)
    intp11_interrupt                         0x0000198d   Thumb Code     8  isr_bat32a237.o(i.intp11_interrupt)
    intp1_interrupt                          0x00001999   Thumb Code     8  isr_bat32a237.o(i.intp1_interrupt)
    intp2_interrupt                          0x000019a5   Thumb Code     8  isr_bat32a237.o(i.intp2_interrupt)
    intp3_interrupt                          0x000019b1   Thumb Code     8  isr_bat32a237.o(i.intp3_interrupt)
    intp4_interrupt                          0x000019bd   Thumb Code     8  isr_bat32a237.o(i.intp4_interrupt)
    intp5_interrupt                          0x000019c9   Thumb Code     8  isr_bat32a237.o(i.intp5_interrupt)
    intp6_interrupt                          0x000019d5   Thumb Code     8  isr_bat32a237.o(i.intp6_interrupt)
    intp7_interrupt                          0x000019e1   Thumb Code     8  isr_bat32a237.o(i.intp7_interrupt)
    intp8_interrupt                          0x000019ed   Thumb Code     8  isr_bat32a237.o(i.intp8_interrupt)
    intp9_interrupt                          0x000019f9   Thumb Code     8  isr_bat32a237.o(i.intp9_interrupt)
    it_interrupt                             0x00001a05   Thumb Code     8  isr_bat32a237.o(i.it_interrupt)
    key_interrupt                            0x00001a11   Thumb Code     8  isr_bat32a237.o(i.key_interrupt)
    lvi_interrupt                            0x00001a1d   Thumb Code     8  isr_bat32a237.o(i.lvi_interrupt)
    main                                     0x00001a29   Thumb Code   330  main.o(i.main)
    rtc_interrupt                            0x00001d35   Thumb Code     8  isr_bat32a237.o(i.rtc_interrupt)
    spi10_interrupt                          0x00001d5d   Thumb Code   282  sci_user.o(i.spi10_interrupt)
    spi11_interrupt                          0x00001ec1   Thumb Code   282  sci_user.o(i.spi11_interrupt)
    sre0_interrupt                           0x00001ff9   Thumb Code     8  isr_bat32a237.o(i.sre0_interrupt)
    sre1_interrupt                           0x00002005   Thumb Code     8  isr_bat32a237.o(i.sre1_interrupt)
    sre2_interrupt                           0x00002011   Thumb Code     8  isr_bat32a237.o(i.sre2_interrupt)
    tm01h_interrupt                          0x0000201d   Thumb Code     8  isr_bat32a237.o(i.tm01h_interrupt)
    tm03h_interrupt                          0x00002029   Thumb Code     8  isr_bat32a237.o(i.tm03h_interrupt)
    tm40_channel0_interrupt                  0x00002035   Thumb Code     8  isr_bat32a237.o(i.tm40_channel0_interrupt)
    tm40_channel1_interrupt                  0x00002041   Thumb Code     8  isr_bat32a237.o(i.tm40_channel1_interrupt)
    tm40_channel2_interrupt                  0x0000204d   Thumb Code     8  isr_bat32a237.o(i.tm40_channel2_interrupt)
    tm40_channel3_interrupt                  0x00002059   Thumb Code     8  isr_bat32a237.o(i.tm40_channel3_interrupt)
    tma0_interrupt                           0x00002065   Thumb Code     8  isr_bat32a237.o(i.tma0_interrupt)
    tmb0_interrupt                           0x00002071   Thumb Code     8  isr_bat32a237.o(i.tmb0_interrupt)
    tmc_interrupt                            0x0000207d   Thumb Code     8  isr_bat32a237.o(i.tmc_interrupt)
    tmm0_interrupt                           0x00002089   Thumb Code     8  isr_bat32a237.o(i.tmm0_interrupt)
    tmm1_interrupt                           0x00002095   Thumb Code     8  isr_bat32a237.o(i.tmm1_interrupt)
    uart0_interrupt_receive                  0x000020a9   Thumb Code   116  sci_user.o(i.uart0_interrupt_receive)
    uart0_interrupt_send                     0x00002135   Thumb Code    54  sci_user.o(i.uart0_interrupt_send)
    sps_tbl                                  0x0000217c   Data          32  sci.o(.constdata)
    Region$$Table$$Base                      0x000021c4   Number         0  anon$$obj.o(Region$$Table)
    Region$$Table$$Limit                     0x000021e4   Number         0  anon$$obj.o(Region$$Table)
    g_ticks                                  0x20000000   Data           4  main.o(.data)
    width                                    0x20000004   Data           4  main.o(.data)
    tx_buf                                   0x20000008   Data           3  main.o(.data)
    rx_buf                                   0x2000000b   Data           3  main.o(.data)
    gp_uart0_tx_address                      0x20000010   Data           4  sci.o(.data)
    g_uart0_tx_count                         0x20000014   Data           2  sci.o(.data)
    gp_uart0_rx_address                      0x20000018   Data           4  sci.o(.data)
    g_uart0_rx_count                         0x2000001c   Data           2  sci.o(.data)
    g_uart0_rx_length                        0x2000001e   Data           2  sci.o(.data)
    gp_spi00_rx_address                      0x20000020   Data           4  sci.o(.data)
    g_spi00_rx_length                        0x20000024   Data           2  sci.o(.data)
    g_spi00_rx_count                         0x20000026   Data           2  sci.o(.data)
    gp_spi00_tx_address                      0x20000028   Data           4  sci.o(.data)
    g_spi00_tx_length                        0x2000002c   Data           2  sci.o(.data)
    g_spi00_tx_count                         0x2000002e   Data           2  sci.o(.data)
    gp_spi01_rx_address                      0x20000030   Data           4  sci.o(.data)
    g_spi01_rx_length                        0x20000034   Data           2  sci.o(.data)
    g_spi01_rx_count                         0x20000036   Data           2  sci.o(.data)
    gp_spi01_tx_address                      0x20000038   Data           4  sci.o(.data)
    g_spi01_tx_length                        0x2000003c   Data           2  sci.o(.data)
    g_spi01_tx_count                         0x2000003e   Data           2  sci.o(.data)
    g_iic00_master_status_flag               0x20000040   Data           1  sci.o(.data)
    gp_iic00_tx_address                      0x20000044   Data           4  sci.o(.data)
    g_iic00_tx_count                         0x20000048   Data           2  sci.o(.data)
    gp_iic00_rx_address                      0x2000004c   Data           4  sci.o(.data)
    g_iic00_rx_count                         0x20000050   Data           2  sci.o(.data)
    g_iic00_rx_length                        0x20000052   Data           2  sci.o(.data)
    g_iic01_master_status_flag               0x20000054   Data           1  sci.o(.data)
    gp_iic01_tx_address                      0x20000058   Data           4  sci.o(.data)
    g_iic01_tx_count                         0x2000005c   Data           2  sci.o(.data)
    gp_iic01_rx_address                      0x20000060   Data           4  sci.o(.data)
    g_iic01_rx_count                         0x20000064   Data           2  sci.o(.data)
    g_iic01_rx_length                        0x20000066   Data           2  sci.o(.data)
    gp_uart1_tx_address                      0x20000068   Data           4  sci.o(.data)
    g_uart1_tx_count                         0x2000006c   Data           2  sci.o(.data)
    gp_uart1_rx_address                      0x20000070   Data           4  sci.o(.data)
    g_uart1_rx_count                         0x20000074   Data           2  sci.o(.data)
    g_uart1_rx_length                        0x20000076   Data           2  sci.o(.data)
    gp_spi10_rx_address                      0x20000078   Data           4  sci.o(.data)
    g_spi10_rx_length                        0x2000007c   Data           2  sci.o(.data)
    g_spi10_rx_count                         0x2000007e   Data           2  sci.o(.data)
    gp_spi10_tx_address                      0x20000080   Data           4  sci.o(.data)
    g_spi10_tx_length                        0x20000084   Data           2  sci.o(.data)
    g_spi10_tx_count                         0x20000086   Data           2  sci.o(.data)
    gp_spi11_rx_address                      0x20000088   Data           4  sci.o(.data)
    g_spi11_rx_length                        0x2000008c   Data           2  sci.o(.data)
    g_spi11_rx_count                         0x2000008e   Data           2  sci.o(.data)
    gp_spi11_tx_address                      0x20000090   Data           4  sci.o(.data)
    g_spi11_tx_length                        0x20000094   Data           2  sci.o(.data)
    g_spi11_tx_count                         0x20000096   Data           2  sci.o(.data)
    g_iic10_master_status_flag               0x20000098   Data           1  sci.o(.data)
    gp_iic10_tx_address                      0x2000009c   Data           4  sci.o(.data)
    g_iic10_tx_count                         0x200000a0   Data           2  sci.o(.data)
    gp_iic10_rx_address                      0x200000a4   Data           4  sci.o(.data)
    g_iic10_rx_count                         0x200000a8   Data           2  sci.o(.data)
    g_iic10_rx_length                        0x200000aa   Data           2  sci.o(.data)
    g_iic11_master_status_flag               0x200000ac   Data           1  sci.o(.data)
    gp_iic11_tx_address                      0x200000b0   Data           4  sci.o(.data)
    g_iic11_tx_count                         0x200000b4   Data           2  sci.o(.data)
    gp_iic11_rx_address                      0x200000b8   Data           4  sci.o(.data)
    g_iic11_rx_count                         0x200000bc   Data           2  sci.o(.data)
    g_iic11_rx_length                        0x200000be   Data           2  sci.o(.data)
    gp_uart2_tx_address                      0x200000c0   Data           4  sci.o(.data)
    g_uart2_tx_count                         0x200000c4   Data           2  sci.o(.data)
    gp_uart2_rx_address                      0x200000c8   Data           4  sci.o(.data)
    g_uart2_rx_count                         0x200000cc   Data           2  sci.o(.data)
    g_uart2_rx_length                        0x200000ce   Data           2  sci.o(.data)
    gp_spi20_rx_address                      0x200000d0   Data           4  sci.o(.data)
    g_spi20_rx_length                        0x200000d4   Data           2  sci.o(.data)
    g_spi20_rx_count                         0x200000d6   Data           2  sci.o(.data)
    gp_spi20_tx_address                      0x200000d8   Data           4  sci.o(.data)
    g_spi20_tx_length                        0x200000dc   Data           2  sci.o(.data)
    g_spi20_tx_count                         0x200000de   Data           2  sci.o(.data)
    gp_spi21_rx_address                      0x200000e0   Data           4  sci.o(.data)
    g_spi21_rx_length                        0x200000e4   Data           2  sci.o(.data)
    g_spi21_rx_count                         0x200000e6   Data           2  sci.o(.data)
    gp_spi21_tx_address                      0x200000e8   Data           4  sci.o(.data)
    g_spi21_tx_length                        0x200000ec   Data           2  sci.o(.data)
    g_spi21_tx_count                         0x200000ee   Data           2  sci.o(.data)
    g_iic20_master_status_flag               0x200000f0   Data           1  sci.o(.data)
    gp_iic20_tx_address                      0x200000f4   Data           4  sci.o(.data)
    g_iic20_tx_count                         0x200000f8   Data           2  sci.o(.data)
    gp_iic20_rx_address                      0x200000fc   Data           4  sci.o(.data)
    g_iic20_rx_count                         0x20000100   Data           2  sci.o(.data)
    g_iic20_rx_length                        0x20000102   Data           2  sci.o(.data)
    g_iic21_master_status_flag               0x20000104   Data           1  sci.o(.data)
    gp_iic21_tx_address                      0x20000108   Data           4  sci.o(.data)
    g_iic21_tx_count                         0x2000010c   Data           2  sci.o(.data)
    gp_iic21_rx_address                      0x20000110   Data           4  sci.o(.data)
    g_iic21_rx_count                         0x20000114   Data           2  sci.o(.data)
    g_iic21_rx_length                        0x20000116   Data           2  sci.o(.data)
    g_iic00_tx_end                           0x20000124   Data           1  sci_user.o(.data)
    g_iic00_rx_end                           0x20000125   Data           1  sci_user.o(.data)
    g_iic01_tx_end                           0x20000126   Data           1  sci_user.o(.data)
    g_iic01_rx_end                           0x20000127   Data           1  sci_user.o(.data)
    g_iic10_tx_end                           0x20000128   Data           1  sci_user.o(.data)
    g_iic10_rx_end                           0x20000129   Data           1  sci_user.o(.data)
    g_iic11_tx_end                           0x2000012a   Data           1  sci_user.o(.data)
    g_iic11_rx_end                           0x2000012b   Data           1  sci_user.o(.data)
    g_iic20_tx_end                           0x2000012c   Data           1  sci_user.o(.data)
    g_iic20_rx_end                           0x2000012d   Data           1  sci_user.o(.data)
    g_iic21_tx_end                           0x2000012e   Data           1  sci_user.o(.data)
    g_iic21_rx_end                           0x2000012f   Data           1  sci_user.o(.data)
    __stdout                                 0x20000130   Data           4  retarget.o(.data)
    __stdin                                  0x20000134   Data           4  retarget.o(.data)
    SystemCoreClock                          0x20000138   Data           4  system_bat32a237.o(.data)
    __libspace_start                         0x2000013c   Data          96  libspace.o(.bss)
    __temporary_stack_top$libspace           0x2000019c   Data           0  libspace.o(.bss)



==============================================================================

Memory Map of the image

  Image Entry point : 0x000000c5

  Load Region LR_IROM1 (Base: 0x00000000, Size: 0x00002320, Max: 0x00020000, ABSOLUTE, COMPRESSED[0x000021f0])

    Execution Region ER_IROM1 (Base: 0x00000000, Size: 0x000021e4, Max: 0x00020000, ABSOLUTE)

    Base Addr    Size         Type   Attr      Idx    E Section Name        Object

    0x00000000   0x000000c0   Data   RO         1700    RESET               startup_bat32a237.o
    0x000000c0   0x00000004   Data   RO         1711    .ARM.__AT_0x000000C0  system_bat32a237.o
    0x000000c4   0x00000008   Code   RO         1811  * !!!main             c_p.l(__main.o)
    0x000000cc   0x0000003c   Code   RO         1986    !!!scatter          c_p.l(__scatter.o)
    0x00000108   0x0000001c   Code   RO         1988    !!handler_zi        c_p.l(__scatter_zi.o)
    0x00000124   0x00000002   Code   RO         1802    .ARM.Collect$$_printf_percent$$00000000  c_p.l(_printf_percent.o)
    0x00000126   0x0000000a   Code   RO         1801    .ARM.Collect$$_printf_percent$$0000000C  c_p.l(_printf_x.o)
    0x00000130   0x00000004   Code   RO         1822    .ARM.Collect$$_printf_percent$$00000017  c_p.l(_printf_percent_end.o)
    0x00000134   0x00000002   Code   RO         1858    .ARM.Collect$$libinit$$00000000  c_p.l(libinit.o)
    0x00000136   0x00000000   Code   RO         1872    .ARM.Collect$$libinit$$00000002  c_p.l(libinit2.o)
    0x00000136   0x00000000   Code   RO         1874    .ARM.Collect$$libinit$$00000004  c_p.l(libinit2.o)
    0x00000136   0x00000000   Code   RO         1877    .ARM.Collect$$libinit$$0000000A  c_p.l(libinit2.o)
    0x00000136   0x00000000   Code   RO         1879    .ARM.Collect$$libinit$$0000000C  c_p.l(libinit2.o)
    0x00000136   0x00000000   Code   RO         1881    .ARM.Collect$$libinit$$0000000E  c_p.l(libinit2.o)
    0x00000136   0x00000000   Code   RO         1884    .ARM.Collect$$libinit$$00000011  c_p.l(libinit2.o)
    0x00000136   0x00000000   Code   RO         1886    .ARM.Collect$$libinit$$00000013  c_p.l(libinit2.o)
    0x00000136   0x00000000   Code   RO         1888    .ARM.Collect$$libinit$$00000015  c_p.l(libinit2.o)
    0x00000136   0x00000000   Code   RO         1890    .ARM.Collect$$libinit$$00000017  c_p.l(libinit2.o)
    0x00000136   0x00000000   Code   RO         1892    .ARM.Collect$$libinit$$00000019  c_p.l(libinit2.o)
    0x00000136   0x00000000   Code   RO         1894    .ARM.Collect$$libinit$$0000001B  c_p.l(libinit2.o)
    0x00000136   0x00000000   Code   RO         1896    .ARM.Collect$$libinit$$0000001D  c_p.l(libinit2.o)
    0x00000136   0x00000000   Code   RO         1898    .ARM.Collect$$libinit$$0000001F  c_p.l(libinit2.o)
    0x00000136   0x00000000   Code   RO         1900    .ARM.Collect$$libinit$$00000021  c_p.l(libinit2.o)
    0x00000136   0x00000000   Code   RO         1902    .ARM.Collect$$libinit$$00000023  c_p.l(libinit2.o)
    0x00000136   0x00000000   Code   RO         1904    .ARM.Collect$$libinit$$00000025  c_p.l(libinit2.o)
    0x00000136   0x00000000   Code   RO         1908    .ARM.Collect$$libinit$$0000002C  c_p.l(libinit2.o)
    0x00000136   0x00000000   Code   RO         1910    .ARM.Collect$$libinit$$0000002E  c_p.l(libinit2.o)
    0x00000136   0x00000000   Code   RO         1912    .ARM.Collect$$libinit$$00000030  c_p.l(libinit2.o)
    0x00000136   0x00000000   Code   RO         1914    .ARM.Collect$$libinit$$00000032  c_p.l(libinit2.o)
    0x00000136   0x00000002   Code   RO         1915    .ARM.Collect$$libinit$$00000033  c_p.l(libinit2.o)
    0x00000138   0x00000002   Code   RO         1939    .ARM.Collect$$libshutdown$$00000000  c_p.l(libshutdown.o)
    0x0000013a   0x00000000   Code   RO         1966    .ARM.Collect$$libshutdown$$00000003  c_p.l(libshutdown2.o)
    0x0000013a   0x00000000   Code   RO         1969    .ARM.Collect$$libshutdown$$00000006  c_p.l(libshutdown2.o)
    0x0000013a   0x00000000   Code   RO         1972    .ARM.Collect$$libshutdown$$00000009  c_p.l(libshutdown2.o)
    0x0000013a   0x00000000   Code   RO         1974    .ARM.Collect$$libshutdown$$0000000B  c_p.l(libshutdown2.o)
    0x0000013a   0x00000000   Code   RO         1977    .ARM.Collect$$libshutdown$$0000000E  c_p.l(libshutdown2.o)
    0x0000013a   0x00000002   Code   RO         1978    .ARM.Collect$$libshutdown$$0000000F  c_p.l(libshutdown2.o)
    0x0000013c   0x00000000   Code   RO         1813    .ARM.Collect$$rtentry$$00000000  c_p.l(__rtentry.o)
    0x0000013c   0x00000000   Code   RO         1824    .ARM.Collect$$rtentry$$00000002  c_p.l(__rtentry2.o)
    0x0000013c   0x00000006   Code   RO         1836    .ARM.Collect$$rtentry$$00000004  c_p.l(__rtentry4.o)
    0x00000142   0x00000000   Code   RO         1826    .ARM.Collect$$rtentry$$00000009  c_p.l(__rtentry2.o)
    0x00000142   0x00000004   Code   RO         1827    .ARM.Collect$$rtentry$$0000000A  c_p.l(__rtentry2.o)
    0x00000146   0x00000000   Code   RO         1829    .ARM.Collect$$rtentry$$0000000C  c_p.l(__rtentry2.o)
    0x00000146   0x00000008   Code   RO         1830    .ARM.Collect$$rtentry$$0000000D  c_p.l(__rtentry2.o)
    0x0000014e   0x00000002   Code   RO         1863    .ARM.Collect$$rtexit$$00000000  c_p.l(rtexit.o)
    0x00000150   0x00000000   Code   RO         1917    .ARM.Collect$$rtexit$$00000002  c_p.l(rtexit2.o)
    0x00000150   0x00000004   Code   RO         1918    .ARM.Collect$$rtexit$$00000003  c_p.l(rtexit2.o)
    0x00000154   0x00000006   Code   RO         1919    .ARM.Collect$$rtexit$$00000004  c_p.l(rtexit2.o)
    0x0000015a   0x00000002   PAD
    0x0000015c   0x0000001c   Code   RO            3    .emb_text           main.o
    0x00000178   0x00000080   Code   RO         1701    .text               startup_bat32a237.o
    0x000001f8   0x0000001c   Code   RO         1756    .text               c_p.l(noretval__2printf.o)
    0x00000214   0x00000058   Code   RO         1763    .text               c_p.l(_printf_hex_int.o)
    0x0000026c   0x0000010e   Code   RO         1789    .text               c_p.l(__printf_wp.o)
    0x0000037a   0x00000008   Code   RO         1803    .text               c_p.l(getc.o)
    0x00000382   0x0000015a   Code   RO         1805    .text               c_p.l(aeabi_sdiv.o)
    0x000004dc   0x00000006   Code   RO         1809    .text               c_p.l(heapauxi.o)
    0x000004e2   0x000000b0   Code   RO         1818    .text               c_p.l(_printf_intcommon.o)
    0x00000592   0x00000002   PAD
    0x00000594   0x00000028   Code   RO         1820    .text               c_p.l(_printf_char_file.o)
    0x000005bc   0x00000030   Code   RO         1840    .text               c_p.l(_printf_char_common.o)
    0x000005ec   0x0000003e   Code   RO         1842    .text               c_p.l(sys_stackheap_outer.o)
    0x0000062a   0x0000000c   Code   RO         1847    .text               c_p.l(exit.o)
    0x00000636   0x00000002   PAD
    0x00000638   0x00000008   Code   RO         1859    .text               c_p.l(libspace.o)
    0x00000640   0x00000056   Code   RO         1984    .text               c_p.l(__dczerorl2.o)
    0x00000696   0x00000002   PAD
    0x00000698   0x0000000c   Code   RO         1143    i.CAN0Err_Interrupt  isr_bat32a237.o
    0x000006a4   0x0000000c   Code   RO         1144    i.CAN0Rec_Interrupt  isr_bat32a237.o
    0x000006b0   0x0000000c   Code   RO         1145    i.CAN0Trx_Interrupt  isr_bat32a237.o
    0x000006bc   0x0000000c   Code   RO         1146    i.CAN0Wup_Interrupt  isr_bat32a237.o
    0x000006c8   0x000000ac   Code   RO         1707    i.CLK_GetCoreFreq   system_bat32a237.o
    0x00000774   0x000000d0   Code   RO          106    i.IIC20_Init        sci.o
    0x00000844   0x00000084   Code   RO          107    i.IIC20_MasterReceive  sci.o
    0x000008c8   0x00000078   Code   RO          108    i.IIC20_MasterSend  sci.o
    0x00000940   0x00000058   Code   RO          109    i.IIC20_StartCondition  sci.o
    0x00000998   0x00000024   Code   RO          110    i.IIC20_Stop        sci.o
    0x000009bc   0x0000006c   Code   RO          111    i.IIC20_StopCondition  sci.o
    0x00000a28   0x000000ac   Code   RO          112    i.IIC21_Init        sci.o
    0x00000ad4   0x0000007c   Code   RO          113    i.IIC21_MasterReceive  sci.o
    0x00000b50   0x00000070   Code   RO          114    i.IIC21_MasterSend  sci.o
    0x00000bc0   0x0000005c   Code   RO          115    i.IIC21_StartCondition  sci.o
    0x00000c1c   0x00000028   Code   RO          116    i.IIC21_Stop        sci.o
    0x00000c44   0x00000064   Code   RO          117    i.IIC21_StopCondition  sci.o
    0x00000ca8   0x00000014   Code   RO         1147    i.IRQ00_Handler     isr_bat32a237.o
    0x00000cbc   0x00000020   Code   RO         1148    i.IRQ01_Handler     isr_bat32a237.o
    0x00000cdc   0x00000020   Code   RO         1149    i.IRQ02_Handler     isr_bat32a237.o
    0x00000cfc   0x00000020   Code   RO         1150    i.IRQ03_Handler     isr_bat32a237.o
    0x00000d1c   0x00000020   Code   RO         1151    i.IRQ04_Handler     isr_bat32a237.o
    0x00000d3c   0x00000020   Code   RO         1152    i.IRQ05_Handler     isr_bat32a237.o
    0x00000d5c   0x00000020   Code   RO         1153    i.IRQ06_Handler     isr_bat32a237.o
    0x00000d7c   0x00000014   Code   RO         1154    i.IRQ07_Handler     isr_bat32a237.o
    0x00000d90   0x00000014   Code   RO         1155    i.IRQ08_Handler     isr_bat32a237.o
    0x00000da4   0x00000024   Code   RO         1156    i.IRQ09_Handler     isr_bat32a237.o
    0x00000dc8   0x00000014   Code   RO         1157    i.IRQ10_Handler     isr_bat32a237.o
    0x00000ddc   0x00000014   Code   RO         1158    i.IRQ11_Handler     isr_bat32a237.o
    0x00000df0   0x00000024   Code   RO         1159    i.IRQ12_Handler     isr_bat32a237.o
    0x00000e14   0x00000014   Code   RO         1160    i.IRQ13_Handler     isr_bat32a237.o
    0x00000e28   0x00000014   Code   RO         1161    i.IRQ14_Handler     isr_bat32a237.o
    0x00000e3c   0x00000024   Code   RO         1162    i.IRQ15_Handler     isr_bat32a237.o
    0x00000e60   0x00000020   Code   RO         1163    i.IRQ16_Handler     isr_bat32a237.o
    0x00000e80   0x00000014   Code   RO         1164    i.IRQ17_Handler     isr_bat32a237.o
    0x00000e94   0x00000014   Code   RO         1165    i.IRQ18_Handler     isr_bat32a237.o
    0x00000ea8   0x00000014   Code   RO         1166    i.IRQ19_Handler     isr_bat32a237.o
    0x00000ebc   0x00000014   Code   RO         1167    i.IRQ20_Handler     isr_bat32a237.o
    0x00000ed0   0x00000014   Code   RO         1168    i.IRQ21_Handler     isr_bat32a237.o
    0x00000ee4   0x00000024   Code   RO         1169    i.IRQ22_Handler     isr_bat32a237.o
    0x00000f08   0x00000024   Code   RO         1170    i.IRQ23_Handler     isr_bat32a237.o
    0x00000f2c   0x00000020   Code   RO         1171    i.IRQ24_Handler     isr_bat32a237.o
    0x00000f4c   0x00000024   Code   RO         1172    i.IRQ25_Handler     isr_bat32a237.o
    0x00000f70   0x00000014   Code   RO         1173    i.IRQ26_Handler     isr_bat32a237.o
    0x00000f84   0x00000014   Code   RO         1174    i.IRQ27_Handler     isr_bat32a237.o
    0x00000f98   0x00000014   Code   RO         1175    i.IRQ28_Handler     isr_bat32a237.o
    0x00000fac   0x00000014   Code   RO         1176    i.IRQ29_Handler     isr_bat32a237.o
    0x00000fc0   0x00000014   Code   RO         1177    i.IRQ30_Handler     isr_bat32a237.o
    0x00000fd4   0x00000014   Code   RO         1178    i.IRQ31_Handler     isr_bat32a237.o
    0x00000fe8   0x00000054   Code   RO          153    i.SPI11_Stop        sci.o
    0x0000103c   0x00000010   Code   RO            4    i.SysTick_Handler   main.o
    0x0000104c   0x00000010   Code   RO         1709    i.SystemCoreClockUpdate  system_bat32a237.o
    0x0000105c   0x00000094   Code   RO         1710    i.SystemInit        system_bat32a237.o
    0x000010f0   0x00000064   Code   RO          171    i.UART0_BaudRate    sci.o
    0x00001154   0x00000124   Code   RO          172    i.UART0_Init        sci.o
    0x00001278   0x0000001c   Code   RO          173    i.UART0_Receive     sci.o
    0x00001294   0x0000001c   Code   RO          174    i.UART0_Send        sci.o
    0x000012b0   0x000000e0   Code   RO          187    i.UART_BaudRateCal  sci.o
    0x00001390   0x0000001c   Code   RO         1744    i.__ARM_common_switch8  system_bat32a237.o
    0x000013ac   0x00000018   Code   RO          188    i.__NVIC_ClearPendingIRQ  sci.o
    0x000013c4   0x00000078   Code   RO          189    i.__NVIC_SetPriority  sci.o
    0x0000143c   0x0000000e   Code   RO         1791    i._is_digit         c_p.l(__printf_wp.o)
    0x0000144a   0x00000002   PAD
    0x0000144c   0x00000020   Code   RO         1086    i._sys_exit         retarget.o
    0x0000146c   0x0000000c   Code   RO         1179    i.adc_interrupt     isr_bat32a237.o
    0x00001478   0x0000000c   Code   RO         1180    i.cmp0_interrupt    isr_bat32a237.o
    0x00001484   0x0000000c   Code   RO         1181    i.cmp1_interrupt    isr_bat32a237.o
    0x00001490   0x0000000c   Code   RO         1182    i.div_interrupt     isr_bat32a237.o
    0x0000149c   0x00000008   Code   RO         1088    i.ferror            retarget.o
    0x000014a4   0x00000024   Code   RO         1089    i.fgetc             retarget.o
    0x000014c8   0x0000000c   Code   RO         1183    i.flash_interrupt   isr_bat32a237.o
    0x000014d4   0x0000001a   Code   RO         1090    i.fputc             retarget.o
    0x000014ee   0x00000002   PAD
    0x000014f0   0x00000118   Code   RO            5    i.hard_fault_handler_c  main.o
    0x00001608   0x00000002   Code   RO          767    i.iic20_callback_master_error  sci_user.o
    0x0000160a   0x00000002   PAD
    0x0000160c   0x00000014   Code   RO          768    i.iic20_callback_master_receiveend  sci_user.o
    0x00001620   0x00000014   Code   RO          769    i.iic20_callback_master_sendend  sci_user.o
    0x00001634   0x00000184   Code   RO          770    i.iic20_interrupt   sci_user.o
    0x000017b8   0x00000002   Code   RO          771    i.iic21_callback_master_error  sci_user.o
    0x000017ba   0x00000002   PAD
    0x000017bc   0x00000014   Code   RO          772    i.iic21_callback_master_receiveend  sci_user.o
    0x000017d0   0x00000014   Code   RO          773    i.iic21_callback_master_sendend  sci_user.o
    0x000017e4   0x00000184   Code   RO          774    i.iic21_interrupt   sci_user.o
    0x00001968   0x0000000c   Code   RO         1190    i.iica0_interrupt   isr_bat32a237.o
    0x00001974   0x0000000c   Code   RO         1191    i.intp0_interrupt   isr_bat32a237.o
    0x00001980   0x0000000c   Code   RO         1192    i.intp10_interrupt  isr_bat32a237.o
    0x0000198c   0x0000000c   Code   RO         1193    i.intp11_interrupt  isr_bat32a237.o
    0x00001998   0x0000000c   Code   RO         1194    i.intp1_interrupt   isr_bat32a237.o
    0x000019a4   0x0000000c   Code   RO         1195    i.intp2_interrupt   isr_bat32a237.o
    0x000019b0   0x0000000c   Code   RO         1196    i.intp3_interrupt   isr_bat32a237.o
    0x000019bc   0x0000000c   Code   RO         1197    i.intp4_interrupt   isr_bat32a237.o
    0x000019c8   0x0000000c   Code   RO         1198    i.intp5_interrupt   isr_bat32a237.o
    0x000019d4   0x0000000c   Code   RO         1199    i.intp6_interrupt   isr_bat32a237.o
    0x000019e0   0x0000000c   Code   RO         1200    i.intp7_interrupt   isr_bat32a237.o
    0x000019ec   0x0000000c   Code   RO         1201    i.intp8_interrupt   isr_bat32a237.o
    0x000019f8   0x0000000c   Code   RO         1202    i.intp9_interrupt   isr_bat32a237.o
    0x00001a04   0x0000000c   Code   RO         1203    i.it_interrupt      isr_bat32a237.o
    0x00001a10   0x0000000c   Code   RO         1204    i.key_interrupt     isr_bat32a237.o
    0x00001a1c   0x0000000c   Code   RO         1205    i.lvi_interrupt     isr_bat32a237.o
    0x00001a28   0x0000030c   Code   RO            6    i.main              main.o
    0x00001d34   0x0000000c   Code   RO         1206    i.rtc_interrupt     isr_bat32a237.o
    0x00001d40   0x00000002   Code   RO          783    i.spi10_callback_error  sci_user.o
    0x00001d42   0x00000002   PAD
    0x00001d44   0x0000000c   Code   RO          784    i.spi10_callback_receiveend  sci_user.o
    0x00001d50   0x0000000c   Code   RO          785    i.spi10_callback_sendend  sci_user.o
    0x00001d5c   0x00000138   Code   RO          786    i.spi10_interrupt   sci_user.o
    0x00001e94   0x00000002   Code   RO          787    i.spi11_callback_error  sci_user.o
    0x00001e96   0x00000002   PAD
    0x00001e98   0x00000014   Code   RO          788    i.spi11_callback_receiveend  sci_user.o
    0x00001eac   0x00000014   Code   RO          789    i.spi11_callback_sendend  sci_user.o
    0x00001ec0   0x00000138   Code   RO          790    i.spi11_interrupt   sci_user.o
    0x00001ff8   0x0000000c   Code   RO         1213    i.sre0_interrupt    isr_bat32a237.o
    0x00002004   0x0000000c   Code   RO         1214    i.sre1_interrupt    isr_bat32a237.o
    0x00002010   0x0000000c   Code   RO         1215    i.sre2_interrupt    isr_bat32a237.o
    0x0000201c   0x0000000c   Code   RO         1216    i.tm01h_interrupt   isr_bat32a237.o
    0x00002028   0x0000000c   Code   RO         1217    i.tm03h_interrupt   isr_bat32a237.o
    0x00002034   0x0000000c   Code   RO         1218    i.tm40_channel0_interrupt  isr_bat32a237.o
    0x00002040   0x0000000c   Code   RO         1219    i.tm40_channel1_interrupt  isr_bat32a237.o
    0x0000204c   0x0000000c   Code   RO         1220    i.tm40_channel2_interrupt  isr_bat32a237.o
    0x00002058   0x0000000c   Code   RO         1221    i.tm40_channel3_interrupt  isr_bat32a237.o
    0x00002064   0x0000000c   Code   RO         1222    i.tma0_interrupt    isr_bat32a237.o
    0x00002070   0x0000000c   Code   RO         1223    i.tmb0_interrupt    isr_bat32a237.o
    0x0000207c   0x0000000c   Code   RO         1224    i.tmc_interrupt     isr_bat32a237.o
    0x00002088   0x0000000c   Code   RO         1225    i.tmm0_interrupt    isr_bat32a237.o
    0x00002094   0x0000000c   Code   RO         1226    i.tmm1_interrupt    isr_bat32a237.o
    0x000020a0   0x00000002   Code   RO          799    i.uart0_callback_error  sci_user.o
    0x000020a2   0x00000002   Code   RO          800    i.uart0_callback_receiveend  sci_user.o
    0x000020a4   0x00000002   Code   RO          801    i.uart0_callback_sendend  sci_user.o
    0x000020a6   0x00000002   Code   RO          802    i.uart0_callback_softwareoverrun  sci_user.o
    0x000020a8   0x0000008c   Code   RO          803    i.uart0_interrupt_receive  sci_user.o
    0x00002134   0x00000048   Code   RO          804    i.uart0_interrupt_send  sci_user.o
    0x0000217c   0x00000020   Data   RO          190    .constdata          sci.o
    0x0000219c   0x00000028   Data   RO         1764    .constdata          c_p.l(_printf_hex_int.o)
    0x000021c4   0x00000020   Data   RO         1982    Region$$Table       anon$$obj.o


    Execution Region RW_IRAM1 (Base: 0x20000000, Size: 0x000006a0, Max: 0x00003000, ABSOLUTE, COMPRESSED[0x0000000c])

    Base Addr    Size         Type   Attr      Idx    E Section Name        Object

    0x20000000   0x0000000e   Data   RW            8    .data               main.o
    0x2000000e   0x00000002   PAD
    0x20000010   0x00000114   Data   RW          191    .data               sci.o
    0x20000124   0x0000000c   Data   RW          817    .data               sci_user.o
    0x20000130   0x00000008   Data   RW         1091    .data               retarget.o
    0x20000138   0x00000004   Data   RW         1712    .data               system_bat32a237.o
    0x2000013c   0x00000060   Zero   RW         1860    .bss                c_p.l(libspace.o)
    0x2000019c   0x00000004   PAD
    0x200001a0   0x00000100   Zero   RW         1699    HEAP                startup_bat32a237.o
    0x200002a0   0x00000400   Zero   RW         1698    STACK               startup_bat32a237.o


==============================================================================

Image component sizes


      Code (inc. data)   RO Data    RW Data    ZI Data      Debug   Object Name

      1312        300          0          0          0      39914   isr_bat32a237.o
      1104        622          0         14          0      73523   main.o
       102         10          0          8          0       4699   retarget.o
      2232        358         32        276          0      43519   sci.o
      1772        226          0         12          0      13739   sci_user.o
       128         28        192          0       1280       2208   startup_bat32a237.o
       364        100          4          4          0       3103   system_bat32a237.o

    ----------------------------------------------------------------------
      7024       1644        260        316       1280     180705   Object Totals
         0          0         32          0          0          0   (incl. Generated)
        10          0          0          2          0          0   (incl. Padding)

    ----------------------------------------------------------------------

      Code (inc. data)   RO Data    RW Data    ZI Data      Debug   Library Member Name

        86          0          0          0          0          0   __dczerorl2.o
         8          0          0          0          0         68   __main.o
       284          0          0          0          0        136   __printf_wp.o
         0          0          0          0          0          0   __rtentry.o
        12          0          0          0          0          0   __rtentry2.o
         6          0          0          0          0          0   __rtentry4.o
        60          8          0          0          0          0   __scatter.o
        28          0          0          0          0          0   __scatter_zi.o
        48          6          0          0          0         88   _printf_char_common.o
        40          6          0          0          0         72   _printf_char_file.o
        88          4         40          0          0         72   _printf_hex_int.o
       176          0          0          0          0         84   _printf_intcommon.o
         2          0          0          0          0          0   _printf_percent.o
         4          0          0          0          0          0   _printf_percent_end.o
        10          0          0          0          0          0   _printf_x.o
       346          0          0          0          0         92   aeabi_sdiv.o
        12          0          0          0          0         64   exit.o
         8          0          0          0          0         68   getc.o
         6          0          0          0          0        136   heapauxi.o
         2          0          0          0          0          0   libinit.o
         2          0          0          0          0          0   libinit2.o
         2          0          0          0          0          0   libshutdown.o
         2          0          0          0          0          0   libshutdown2.o
         8          4          0          0         96         68   libspace.o
        28          6          0          0          0         84   noretval__2printf.o
         2          0          0          0          0          0   rtexit.o
        10          0          0          0          0          0   rtexit2.o
        62          0          0          0          0         80   sys_stackheap_outer.o

    ----------------------------------------------------------------------
      1352         34         40          0        100       1112   Library Totals
        10          0          0          0          4          0   (incl. Padding)

    ----------------------------------------------------------------------

      Code (inc. data)   RO Data    RW Data    ZI Data      Debug   Library Name

      1342         34         40          0         96       1112   c_p.l

    ----------------------------------------------------------------------
      1352         34         40          0        100       1112   Library Totals

    ----------------------------------------------------------------------

==============================================================================


      Code (inc. data)   RO Data    RW Data    ZI Data      Debug   

      8376       1678        300        316       1380     176001   Grand Totals
      8376       1678        300         12       1380     176001   ELF Image Totals (compressed)
      8376       1678        300         12          0          0   ROM Totals

==============================================================================

    Total RO  Size (Code + RO Data)                 8676 (   8.47kB)
    Total RW  Size (RW Data + ZI Data)              1696 (   1.66kB)
    Total ROM Size (Code + RO Data + RW Data)       8688 (   8.48kB)

==============================================================================

