Component: ARM Compiler 5.05 update 2 (build 169) Tool: armlink [4d0f33]

==============================================================================

Section Cross References

    main.o(i.SysTick_Handler) refers to main.o(.data) for g_ticks
    main.o(i.delayMS) refers to main.o(.data) for g_ticks
    main.o(i.main) refers to system_bat32a237.o(i.SystemCoreClockUpdate) for SystemCoreClockUpdate
    main.o(i.main) refers to uidiv.o(.text) for __aeabi_uidivmod
    main.o(i.main) refers to main.o(i.__NVIC_SetPriority) for __NVIC_SetPriority
    main.o(i.main) refers to main.o(i.delayMS) for delayMS
    main.o(i.main) refers to main.o(.data) for g_ticks
    main.o(i.main) refers to system_bat32a237.o(.data) for SystemCoreClock
    isr_bat32a237.o(i.IRQ00_Handler) refers to isr_bat32a237.o(i.lvi_interrupt) for lvi_interrupt
    isr_bat32a237.o(i.IRQ01_Handler) refers to isr_bat32a237.o(i.intp0_interrupt) for intp0_interrupt
    isr_bat32a237.o(i.IRQ01_Handler) refers to isr_bat32a237.o(i.intp6_interrupt) for intp6_interrupt
    isr_bat32a237.o(i.IRQ02_Handler) refers to isr_bat32a237.o(i.intp1_interrupt) for intp1_interrupt
    isr_bat32a237.o(i.IRQ02_Handler) refers to isr_bat32a237.o(i.intp7_interrupt) for intp7_interrupt
    isr_bat32a237.o(i.IRQ03_Handler) refers to isr_bat32a237.o(i.intp2_interrupt) for intp2_interrupt
    isr_bat32a237.o(i.IRQ03_Handler) refers to isr_bat32a237.o(i.intp8_interrupt) for intp8_interrupt
    isr_bat32a237.o(i.IRQ04_Handler) refers to isr_bat32a237.o(i.intp3_interrupt) for intp3_interrupt
    isr_bat32a237.o(i.IRQ04_Handler) refers to isr_bat32a237.o(i.intp9_interrupt) for intp9_interrupt
    isr_bat32a237.o(i.IRQ05_Handler) refers to isr_bat32a237.o(i.intp4_interrupt) for intp4_interrupt
    isr_bat32a237.o(i.IRQ05_Handler) refers to isr_bat32a237.o(i.intp10_interrupt) for intp10_interrupt
    isr_bat32a237.o(i.IRQ06_Handler) refers to isr_bat32a237.o(i.intp5_interrupt) for intp5_interrupt
    isr_bat32a237.o(i.IRQ06_Handler) refers to isr_bat32a237.o(i.intp11_interrupt) for intp11_interrupt
    isr_bat32a237.o(i.IRQ07_Handler) refers to isr_bat32a237.o(i.iic20_interrupt) for iic20_interrupt
    isr_bat32a237.o(i.IRQ08_Handler) refers to isr_bat32a237.o(i.iic21_interrupt) for iic21_interrupt
    isr_bat32a237.o(i.IRQ09_Handler) refers to isr_bat32a237.o(i.sre2_interrupt) for sre2_interrupt
    isr_bat32a237.o(i.IRQ09_Handler) refers to isr_bat32a237.o(i.CAN0Err_Interrupt) for CAN0Err_Interrupt
    isr_bat32a237.o(i.IRQ10_Handler) refers to isr_bat32a237.o(i.uart0_interrupt_send) for uart0_interrupt_send
    isr_bat32a237.o(i.IRQ11_Handler) refers to isr_bat32a237.o(i.uart0_interrupt_receive) for uart0_interrupt_receive
    isr_bat32a237.o(i.IRQ12_Handler) refers to isr_bat32a237.o(i.sre0_interrupt) for sre0_interrupt
    isr_bat32a237.o(i.IRQ12_Handler) refers to isr_bat32a237.o(i.tm01h_interrupt) for tm01h_interrupt
    isr_bat32a237.o(i.IRQ13_Handler) refers to isr_bat32a237.o(i.spi10_interrupt) for spi10_interrupt
    isr_bat32a237.o(i.IRQ14_Handler) refers to isr_bat32a237.o(i.spi11_interrupt) for spi11_interrupt
    isr_bat32a237.o(i.IRQ15_Handler) refers to isr_bat32a237.o(i.sre1_interrupt) for sre1_interrupt
    isr_bat32a237.o(i.IRQ15_Handler) refers to isr_bat32a237.o(i.tm03h_interrupt) for tm03h_interrupt
    isr_bat32a237.o(i.IRQ16_Handler) refers to isr_bat32a237.o(i.iica0_interrupt) for iica0_interrupt
    isr_bat32a237.o(i.IRQ16_Handler) refers to isr_bat32a237.o(i.div_interrupt) for div_interrupt
    isr_bat32a237.o(i.IRQ17_Handler) refers to isr_bat32a237.o(i.tm40_channel0_interrupt) for tm40_channel0_interrupt
    isr_bat32a237.o(i.IRQ18_Handler) refers to isr_bat32a237.o(i.tm40_channel1_interrupt) for tm40_channel1_interrupt
    isr_bat32a237.o(i.IRQ19_Handler) refers to isr_bat32a237.o(i.tm40_channel2_interrupt) for tm40_channel2_interrupt
    isr_bat32a237.o(i.IRQ20_Handler) refers to isr_bat32a237.o(i.tm40_channel3_interrupt) for tm40_channel3_interrupt
    isr_bat32a237.o(i.IRQ21_Handler) refers to isr_bat32a237.o(i.adc_interrupt) for adc_interrupt
    isr_bat32a237.o(i.IRQ22_Handler) refers to isr_bat32a237.o(i.rtc_interrupt) for rtc_interrupt
    isr_bat32a237.o(i.IRQ22_Handler) refers to isr_bat32a237.o(i.it_interrupt) for it_interrupt
    isr_bat32a237.o(i.IRQ23_Handler) refers to isr_bat32a237.o(i.key_interrupt) for key_interrupt
    isr_bat32a237.o(i.IRQ23_Handler) refers to isr_bat32a237.o(i.CAN0Rec_Interrupt) for CAN0Rec_Interrupt
    isr_bat32a237.o(i.IRQ24_Handler) refers to isr_bat32a237.o(i.cmp0_interrupt) for cmp0_interrupt
    isr_bat32a237.o(i.IRQ24_Handler) refers to isr_bat32a237.o(i.CAN0Wup_Interrupt) for CAN0Wup_Interrupt
    isr_bat32a237.o(i.IRQ25_Handler) refers to isr_bat32a237.o(i.cmp1_interrupt) for cmp1_interrupt
    isr_bat32a237.o(i.IRQ25_Handler) refers to isr_bat32a237.o(i.CAN0Trx_Interrupt) for CAN0Trx_Interrupt
    isr_bat32a237.o(i.IRQ26_Handler) refers to isr_bat32a237.o(i.tma0_interrupt) for tma0_interrupt
    isr_bat32a237.o(i.IRQ27_Handler) refers to isr_bat32a237.o(i.tmm0_interrupt) for tmm0_interrupt
    isr_bat32a237.o(i.IRQ28_Handler) refers to isr_bat32a237.o(i.tmm1_interrupt) for tmm1_interrupt
    isr_bat32a237.o(i.IRQ29_Handler) refers to isr_bat32a237.o(i.tmb0_interrupt) for tmb0_interrupt
    isr_bat32a237.o(i.IRQ30_Handler) refers to isr_bat32a237.o(i.tmc_interrupt) for tmc_interrupt
    isr_bat32a237.o(i.IRQ31_Handler) refers to isr_bat32a237.o(i.flash_interrupt) for flash_interrupt
    startup_bat32a237.o(RESET) refers to startup_bat32a237.o(STACK) for __initial_sp
    startup_bat32a237.o(RESET) refers to startup_bat32a237.o(.text) for Reset_Handler
    startup_bat32a237.o(RESET) refers to main.o(i.SysTick_Handler) for SysTick_Handler
    startup_bat32a237.o(RESET) refers to isr_bat32a237.o(i.IRQ00_Handler) for IRQ00_Handler
    startup_bat32a237.o(RESET) refers to isr_bat32a237.o(i.IRQ01_Handler) for IRQ01_Handler
    startup_bat32a237.o(RESET) refers to isr_bat32a237.o(i.IRQ02_Handler) for IRQ02_Handler
    startup_bat32a237.o(RESET) refers to isr_bat32a237.o(i.IRQ03_Handler) for IRQ03_Handler
    startup_bat32a237.o(RESET) refers to isr_bat32a237.o(i.IRQ04_Handler) for IRQ04_Handler
    startup_bat32a237.o(RESET) refers to isr_bat32a237.o(i.IRQ05_Handler) for IRQ05_Handler
    startup_bat32a237.o(RESET) refers to isr_bat32a237.o(i.IRQ06_Handler) for IRQ06_Handler
    startup_bat32a237.o(RESET) refers to isr_bat32a237.o(i.IRQ07_Handler) for IRQ07_Handler
    startup_bat32a237.o(RESET) refers to isr_bat32a237.o(i.IRQ08_Handler) for IRQ08_Handler
    startup_bat32a237.o(RESET) refers to isr_bat32a237.o(i.IRQ09_Handler) for IRQ09_Handler
    startup_bat32a237.o(RESET) refers to isr_bat32a237.o(i.IRQ10_Handler) for IRQ10_Handler
    startup_bat32a237.o(RESET) refers to isr_bat32a237.o(i.IRQ11_Handler) for IRQ11_Handler
    startup_bat32a237.o(RESET) refers to isr_bat32a237.o(i.IRQ12_Handler) for IRQ12_Handler
    startup_bat32a237.o(RESET) refers to isr_bat32a237.o(i.IRQ13_Handler) for IRQ13_Handler
    startup_bat32a237.o(RESET) refers to isr_bat32a237.o(i.IRQ14_Handler) for IRQ14_Handler
    startup_bat32a237.o(RESET) refers to isr_bat32a237.o(i.IRQ15_Handler) for IRQ15_Handler
    startup_bat32a237.o(RESET) refers to isr_bat32a237.o(i.IRQ16_Handler) for IRQ16_Handler
    startup_bat32a237.o(RESET) refers to isr_bat32a237.o(i.IRQ17_Handler) for IRQ17_Handler
    startup_bat32a237.o(RESET) refers to isr_bat32a237.o(i.IRQ18_Handler) for IRQ18_Handler
    startup_bat32a237.o(RESET) refers to isr_bat32a237.o(i.IRQ19_Handler) for IRQ19_Handler
    startup_bat32a237.o(RESET) refers to isr_bat32a237.o(i.IRQ20_Handler) for IRQ20_Handler
    startup_bat32a237.o(RESET) refers to isr_bat32a237.o(i.IRQ21_Handler) for IRQ21_Handler
    startup_bat32a237.o(RESET) refers to isr_bat32a237.o(i.IRQ22_Handler) for IRQ22_Handler
    startup_bat32a237.o(RESET) refers to isr_bat32a237.o(i.IRQ23_Handler) for IRQ23_Handler
    startup_bat32a237.o(RESET) refers to isr_bat32a237.o(i.IRQ24_Handler) for IRQ24_Handler
    startup_bat32a237.o(RESET) refers to isr_bat32a237.o(i.IRQ25_Handler) for IRQ25_Handler
    startup_bat32a237.o(RESET) refers to isr_bat32a237.o(i.IRQ26_Handler) for IRQ26_Handler
    startup_bat32a237.o(RESET) refers to isr_bat32a237.o(i.IRQ27_Handler) for IRQ27_Handler
    startup_bat32a237.o(RESET) refers to isr_bat32a237.o(i.IRQ28_Handler) for IRQ28_Handler
    startup_bat32a237.o(RESET) refers to isr_bat32a237.o(i.IRQ29_Handler) for IRQ29_Handler
    startup_bat32a237.o(RESET) refers to isr_bat32a237.o(i.IRQ30_Handler) for IRQ30_Handler
    startup_bat32a237.o(RESET) refers to isr_bat32a237.o(i.IRQ31_Handler) for IRQ31_Handler
    startup_bat32a237.o(.text) refers to system_bat32a237.o(i.SystemInit) for SystemInit
    startup_bat32a237.o(.text) refers to entry.o(.ARM.Collect$$$$00000000) for __main
    system_bat32a237.o(i.CLK_GetCoreFreq) refers to system_bat32a237.o(i.__ARM_common_switch8) for __ARM_common_switch8
    system_bat32a237.o(i.SystemCoreClockUpdate) refers to system_bat32a237.o(i.CLK_GetCoreFreq) for CLK_GetCoreFreq
    system_bat32a237.o(i.SystemCoreClockUpdate) refers to system_bat32a237.o(.data) for SystemCoreClock
    system_bat32a237.o(i.SystemInit) refers to system_bat32a237.o(i.CLK_GetCoreFreq) for CLK_GetCoreFreq
    system_bat32a237.o(i.SystemInit) refers to system_bat32a237.o(.data) for SystemCoreClock
    entry.o(.ARM.Collect$$$$00000000) refers (Special) to entry10a.o(.ARM.Collect$$$$0000000D) for __rt_final_cpp
    entry.o(.ARM.Collect$$$$00000000) refers (Special) to entry11a.o(.ARM.Collect$$$$0000000F) for __rt_final_exit
    entry.o(.ARM.Collect$$$$00000000) refers (Special) to entry7b.o(.ARM.Collect$$$$00000008) for _main_clock
    entry.o(.ARM.Collect$$$$00000000) refers (Special) to entry8b.o(.ARM.Collect$$$$0000000A) for _main_cpp_init
    entry.o(.ARM.Collect$$$$00000000) refers (Special) to entry9a.o(.ARM.Collect$$$$0000000B) for _main_init
    entry.o(.ARM.Collect$$$$00000000) refers (Special) to entry5.o(.ARM.Collect$$$$00000004) for _main_scatterload
    entry.o(.ARM.Collect$$$$00000000) refers (Special) to entry2.o(.ARM.Collect$$$$00000001) for _main_stk
    entry2.o(.ARM.Collect$$$$00000001) refers to entry2.o(.ARM.Collect$$$$00002712) for __lit__00000000
    entry2.o(.ARM.Collect$$$$00002712) refers to startup_bat32a237.o(STACK) for __initial_sp
    entry2.o(__vectab_stack_and_reset_area) refers to startup_bat32a237.o(STACK) for __initial_sp
    entry2.o(__vectab_stack_and_reset_area) refers to entry.o(.ARM.Collect$$$$00000000) for __main
    entry5.o(.ARM.Collect$$$$00000004) refers to init.o(.text) for __scatterload
    entry9a.o(.ARM.Collect$$$$0000000B) refers to main.o(i.main) for main
    entry9b.o(.ARM.Collect$$$$0000000C) refers to main.o(i.main) for main
    init.o(.text) refers to entry5.o(.ARM.Collect$$$$00000004) for __main_after_scatterload


==============================================================================

Removing Unused input sections from the image.

    Removing main.o(.rev16_text), (4 bytes).
    Removing main.o(.revsh_text), (4 bytes).
    Removing isr_bat32a237.o(.rev16_text), (4 bytes).
    Removing isr_bat32a237.o(.revsh_text), (4 bytes).
    Removing isr_bat32a237.o(i.iic00_interrupt), (12 bytes).
    Removing isr_bat32a237.o(i.iic01_interrupt), (12 bytes).
    Removing isr_bat32a237.o(i.iic10_interrupt), (12 bytes).
    Removing isr_bat32a237.o(i.iic11_interrupt), (12 bytes).
    Removing isr_bat32a237.o(i.spi00_interrupt), (12 bytes).
    Removing isr_bat32a237.o(i.spi01_interrupt), (12 bytes).
    Removing isr_bat32a237.o(i.spi20_interrupt), (12 bytes).
    Removing isr_bat32a237.o(i.spi21_interrupt), (12 bytes).
    Removing isr_bat32a237.o(i.uart1_interrupt_receive), (12 bytes).
    Removing isr_bat32a237.o(i.uart1_interrupt_send), (12 bytes).
    Removing isr_bat32a237.o(i.uart2_interrupt_receive), (12 bytes).
    Removing isr_bat32a237.o(i.uart2_interrupt_send), (12 bytes).
    Removing startup_bat32a237.o(HEAP), (256 bytes).
    Removing system_bat32a237.o(.rev16_text), (4 bytes).
    Removing system_bat32a237.o(.revsh_text), (4 bytes).
    Removing system_bat32a237.o(i.CLK_GetHocoFreq), (64 bytes).

20 unused section(s) (total 488 bytes) removed from the image.

==============================================================================

Image Symbol Table

    Local Symbols

    Symbol Name                              Value     Ov Type        Size  Object(Section)

    RESET                                    0x00000000   Section      192  startup_bat32a237.o(RESET)
    ../clib/microlib/division.c              0x00000000   Number         0  uidiv.o ABSOLUTE
    ../clib/microlib/init/entry.s            0x00000000   Number         0  entry7b.o ABSOLUTE
    ../clib/microlib/init/entry.s            0x00000000   Number         0  entry7a.o ABSOLUTE
    ../clib/microlib/init/entry.s            0x00000000   Number         0  entry5.o ABSOLUTE
    ../clib/microlib/init/entry.s            0x00000000   Number         0  entry11b.o ABSOLUTE
    ../clib/microlib/init/entry.s            0x00000000   Number         0  entry11a.o ABSOLUTE
    ../clib/microlib/init/entry.s            0x00000000   Number         0  entry10b.o ABSOLUTE
    ../clib/microlib/init/entry.s            0x00000000   Number         0  entry8a.o ABSOLUTE
    ../clib/microlib/init/entry.s            0x00000000   Number         0  entry10a.o ABSOLUTE
    ../clib/microlib/init/entry.s            0x00000000   Number         0  entry9b.o ABSOLUTE
    ../clib/microlib/init/entry.s            0x00000000   Number         0  entry9a.o ABSOLUTE
    ../clib/microlib/init/entry.s            0x00000000   Number         0  entry8b.o ABSOLUTE
    ../clib/microlib/init/entry.s            0x00000000   Number         0  entry.o ABSOLUTE
    ../clib/microlib/init/entry.s            0x00000000   Number         0  entry2.o ABSOLUTE
    ..\\main.c                               0x00000000   Number         0  main.o ABSOLUTE
    ..\main.c                                0x00000000   Number         0  main.o ABSOLUTE
    RTE\Device\BAT32A237KH64FB\isr_BAT32A237.c 0x00000000   Number         0  isr_bat32a237.o ABSOLUTE
    RTE\Device\BAT32A237KH64FB\startup_BAT32A237.s 0x00000000   Number         0  startup_bat32a237.o ABSOLUTE
    RTE\Device\BAT32A237KH64FB\system_BAT32A237.c 0x00000000   Number         0  system_bat32a237.o ABSOLUTE
    RTE\\Device\\BAT32A237KH64FB\\isr_BAT32A237.c 0x00000000   Number         0  isr_bat32a237.o ABSOLUTE
    RTE\\Device\\BAT32A237KH64FB\\system_BAT32A237.c 0x00000000   Number         0  system_bat32a237.o ABSOLUTE
    dc.s                                     0x00000000   Number         0  dc.o ABSOLUTE
    handlers.s                               0x00000000   Number         0  handlers.o ABSOLUTE
    init.s                                   0x00000000   Number         0  init.o ABSOLUTE
    .ARM.__AT_0x000000C0                     0x000000c0   Section        4  system_bat32a237.o(.ARM.__AT_0x000000C0)
    __tagsym$$used                           0x000000c0   Number         0  system_bat32a237.o(.ARM.__AT_0x000000C0)
    .ARM.Collect$$$$00000000                 0x000000c4   Section        0  entry.o(.ARM.Collect$$$$00000000)
    .ARM.Collect$$$$00000001                 0x000000c4   Section        4  entry2.o(.ARM.Collect$$$$00000001)
    .ARM.Collect$$$$00000004                 0x000000c8   Section        4  entry5.o(.ARM.Collect$$$$00000004)
    .ARM.Collect$$$$00000008                 0x000000cc   Section        0  entry7b.o(.ARM.Collect$$$$00000008)
    .ARM.Collect$$$$0000000A                 0x000000cc   Section        0  entry8b.o(.ARM.Collect$$$$0000000A)
    .ARM.Collect$$$$0000000B                 0x000000cc   Section        8  entry9a.o(.ARM.Collect$$$$0000000B)
    .ARM.Collect$$$$0000000D                 0x000000d4   Section        0  entry10a.o(.ARM.Collect$$$$0000000D)
    .ARM.Collect$$$$0000000F                 0x000000d4   Section        0  entry11a.o(.ARM.Collect$$$$0000000F)
    .ARM.Collect$$$$00002712                 0x000000d4   Section        4  entry2.o(.ARM.Collect$$$$00002712)
    __lit__00000000                          0x000000d4   Data           4  entry2.o(.ARM.Collect$$$$00002712)
    .text                                    0x000000d8   Section      100  startup_bat32a237.o(.text)
    .text                                    0x0000013c   Section        0  uidiv.o(.text)
    .text                                    0x00000168   Section       36  init.o(.text)
    i.CAN0Err_Interrupt                      0x0000018c   Section        0  isr_bat32a237.o(i.CAN0Err_Interrupt)
    i.CAN0Rec_Interrupt                      0x00000198   Section        0  isr_bat32a237.o(i.CAN0Rec_Interrupt)
    i.CAN0Trx_Interrupt                      0x000001a4   Section        0  isr_bat32a237.o(i.CAN0Trx_Interrupt)
    i.CAN0Wup_Interrupt                      0x000001b0   Section        0  isr_bat32a237.o(i.CAN0Wup_Interrupt)
    i.CLK_GetCoreFreq                        0x000001bc   Section        0  system_bat32a237.o(i.CLK_GetCoreFreq)
    i.IRQ00_Handler                          0x00000268   Section        0  isr_bat32a237.o(i.IRQ00_Handler)
    i.IRQ01_Handler                          0x0000027c   Section        0  isr_bat32a237.o(i.IRQ01_Handler)
    i.IRQ02_Handler                          0x0000029c   Section        0  isr_bat32a237.o(i.IRQ02_Handler)
    i.IRQ03_Handler                          0x000002bc   Section        0  isr_bat32a237.o(i.IRQ03_Handler)
    i.IRQ04_Handler                          0x000002dc   Section        0  isr_bat32a237.o(i.IRQ04_Handler)
    i.IRQ05_Handler                          0x000002fc   Section        0  isr_bat32a237.o(i.IRQ05_Handler)
    i.IRQ06_Handler                          0x0000031c   Section        0  isr_bat32a237.o(i.IRQ06_Handler)
    i.IRQ07_Handler                          0x0000033c   Section        0  isr_bat32a237.o(i.IRQ07_Handler)
    i.IRQ08_Handler                          0x00000350   Section        0  isr_bat32a237.o(i.IRQ08_Handler)
    i.IRQ09_Handler                          0x00000364   Section        0  isr_bat32a237.o(i.IRQ09_Handler)
    i.IRQ10_Handler                          0x00000388   Section        0  isr_bat32a237.o(i.IRQ10_Handler)
    i.IRQ11_Handler                          0x0000039c   Section        0  isr_bat32a237.o(i.IRQ11_Handler)
    i.IRQ12_Handler                          0x000003b0   Section        0  isr_bat32a237.o(i.IRQ12_Handler)
    i.IRQ13_Handler                          0x000003d4   Section        0  isr_bat32a237.o(i.IRQ13_Handler)
    i.IRQ14_Handler                          0x000003e8   Section        0  isr_bat32a237.o(i.IRQ14_Handler)
    i.IRQ15_Handler                          0x000003fc   Section        0  isr_bat32a237.o(i.IRQ15_Handler)
    i.IRQ16_Handler                          0x00000420   Section        0  isr_bat32a237.o(i.IRQ16_Handler)
    i.IRQ17_Handler                          0x00000440   Section        0  isr_bat32a237.o(i.IRQ17_Handler)
    i.IRQ18_Handler                          0x00000454   Section        0  isr_bat32a237.o(i.IRQ18_Handler)
    i.IRQ19_Handler                          0x00000468   Section        0  isr_bat32a237.o(i.IRQ19_Handler)
    i.IRQ20_Handler                          0x0000047c   Section        0  isr_bat32a237.o(i.IRQ20_Handler)
    i.IRQ21_Handler                          0x00000490   Section        0  isr_bat32a237.o(i.IRQ21_Handler)
    i.IRQ22_Handler                          0x000004a4   Section        0  isr_bat32a237.o(i.IRQ22_Handler)
    i.IRQ23_Handler                          0x000004c8   Section        0  isr_bat32a237.o(i.IRQ23_Handler)
    i.IRQ24_Handler                          0x000004ec   Section        0  isr_bat32a237.o(i.IRQ24_Handler)
    i.IRQ25_Handler                          0x0000050c   Section        0  isr_bat32a237.o(i.IRQ25_Handler)
    i.IRQ26_Handler                          0x00000530   Section        0  isr_bat32a237.o(i.IRQ26_Handler)
    i.IRQ27_Handler                          0x00000544   Section        0  isr_bat32a237.o(i.IRQ27_Handler)
    i.IRQ28_Handler                          0x00000558   Section        0  isr_bat32a237.o(i.IRQ28_Handler)
    i.IRQ29_Handler                          0x0000056c   Section        0  isr_bat32a237.o(i.IRQ29_Handler)
    i.IRQ30_Handler                          0x00000580   Section        0  isr_bat32a237.o(i.IRQ30_Handler)
    i.IRQ31_Handler                          0x00000594   Section        0  isr_bat32a237.o(i.IRQ31_Handler)
    i.SysTick_Handler                        0x000005a8   Section        0  main.o(i.SysTick_Handler)
    i.SystemCoreClockUpdate                  0x000005c4   Section        0  system_bat32a237.o(i.SystemCoreClockUpdate)
    i.SystemInit                             0x000005d4   Section        0  system_bat32a237.o(i.SystemInit)
    i.__ARM_common_switch8                   0x00000668   Section        0  system_bat32a237.o(i.__ARM_common_switch8)
    i.__NVIC_SetPriority                     0x00000684   Section        0  main.o(i.__NVIC_SetPriority)
    __NVIC_SetPriority                       0x00000685   Thumb Code   110  main.o(i.__NVIC_SetPriority)
    i.__scatterload_copy                     0x000006fc   Section       14  handlers.o(i.__scatterload_copy)
    i.__scatterload_null                     0x0000070a   Section        2  handlers.o(i.__scatterload_null)
    i.__scatterload_zeroinit                 0x0000070c   Section       14  handlers.o(i.__scatterload_zeroinit)
    i.adc_interrupt                          0x0000071c   Section        0  isr_bat32a237.o(i.adc_interrupt)
    i.cmp0_interrupt                         0x00000728   Section        0  isr_bat32a237.o(i.cmp0_interrupt)
    i.cmp1_interrupt                         0x00000734   Section        0  isr_bat32a237.o(i.cmp1_interrupt)
    i.delayMS                                0x00000740   Section        0  main.o(i.delayMS)
    i.div_interrupt                          0x00000754   Section        0  isr_bat32a237.o(i.div_interrupt)
    i.flash_interrupt                        0x00000760   Section        0  isr_bat32a237.o(i.flash_interrupt)
    i.iic20_interrupt                        0x0000076c   Section        0  isr_bat32a237.o(i.iic20_interrupt)
    i.iic21_interrupt                        0x00000778   Section        0  isr_bat32a237.o(i.iic21_interrupt)
    i.iica0_interrupt                        0x00000784   Section        0  isr_bat32a237.o(i.iica0_interrupt)
    i.intp0_interrupt                        0x00000790   Section        0  isr_bat32a237.o(i.intp0_interrupt)
    i.intp10_interrupt                       0x0000079c   Section        0  isr_bat32a237.o(i.intp10_interrupt)
    i.intp11_interrupt                       0x000007a8   Section        0  isr_bat32a237.o(i.intp11_interrupt)
    i.intp1_interrupt                        0x000007b4   Section        0  isr_bat32a237.o(i.intp1_interrupt)
    i.intp2_interrupt                        0x000007c0   Section        0  isr_bat32a237.o(i.intp2_interrupt)
    i.intp3_interrupt                        0x000007cc   Section        0  isr_bat32a237.o(i.intp3_interrupt)
    i.intp4_interrupt                        0x000007d8   Section        0  isr_bat32a237.o(i.intp4_interrupt)
    i.intp5_interrupt                        0x000007e4   Section        0  isr_bat32a237.o(i.intp5_interrupt)
    i.intp6_interrupt                        0x000007f0   Section        0  isr_bat32a237.o(i.intp6_interrupt)
    i.intp7_interrupt                        0x000007fc   Section        0  isr_bat32a237.o(i.intp7_interrupt)
    i.intp8_interrupt                        0x00000808   Section        0  isr_bat32a237.o(i.intp8_interrupt)
    i.intp9_interrupt                        0x00000814   Section        0  isr_bat32a237.o(i.intp9_interrupt)
    i.it_interrupt                           0x00000820   Section        0  isr_bat32a237.o(i.it_interrupt)
    i.key_interrupt                          0x0000082c   Section        0  isr_bat32a237.o(i.key_interrupt)
    i.lvi_interrupt                          0x00000838   Section        0  isr_bat32a237.o(i.lvi_interrupt)
    i.main                                   0x00000844   Section        0  main.o(i.main)
    i.rtc_interrupt                          0x000008d0   Section        0  isr_bat32a237.o(i.rtc_interrupt)
    i.spi10_interrupt                        0x000008dc   Section        0  isr_bat32a237.o(i.spi10_interrupt)
    i.spi11_interrupt                        0x000008e8   Section        0  isr_bat32a237.o(i.spi11_interrupt)
    i.sre0_interrupt                         0x000008f4   Section        0  isr_bat32a237.o(i.sre0_interrupt)
    i.sre1_interrupt                         0x00000900   Section        0  isr_bat32a237.o(i.sre1_interrupt)
    i.sre2_interrupt                         0x0000090c   Section        0  isr_bat32a237.o(i.sre2_interrupt)
    i.tm01h_interrupt                        0x00000918   Section        0  isr_bat32a237.o(i.tm01h_interrupt)
    i.tm03h_interrupt                        0x00000924   Section        0  isr_bat32a237.o(i.tm03h_interrupt)
    i.tm40_channel0_interrupt                0x00000930   Section        0  isr_bat32a237.o(i.tm40_channel0_interrupt)
    i.tm40_channel1_interrupt                0x0000093c   Section        0  isr_bat32a237.o(i.tm40_channel1_interrupt)
    i.tm40_channel2_interrupt                0x00000948   Section        0  isr_bat32a237.o(i.tm40_channel2_interrupt)
    i.tm40_channel3_interrupt                0x00000954   Section        0  isr_bat32a237.o(i.tm40_channel3_interrupt)
    i.tma0_interrupt                         0x00000960   Section        0  isr_bat32a237.o(i.tma0_interrupt)
    i.tmb0_interrupt                         0x0000096c   Section        0  isr_bat32a237.o(i.tmb0_interrupt)
    i.tmc_interrupt                          0x00000978   Section        0  isr_bat32a237.o(i.tmc_interrupt)
    i.tmm0_interrupt                         0x00000984   Section        0  isr_bat32a237.o(i.tmm0_interrupt)
    i.tmm1_interrupt                         0x00000990   Section        0  isr_bat32a237.o(i.tmm1_interrupt)
    i.uart0_interrupt_receive                0x0000099c   Section        0  isr_bat32a237.o(i.uart0_interrupt_receive)
    i.uart0_interrupt_send                   0x000009a8   Section        0  isr_bat32a237.o(i.uart0_interrupt_send)
    .data                                    0x20000000   Section        4  main.o(.data)
    .data                                    0x20000004   Section        4  system_bat32a237.o(.data)
    STACK                                    0x20000008   Section     1536  startup_bat32a237.o(STACK)

    Global Symbols

    Symbol Name                              Value     Ov Type        Size  Object(Section)

    BuildAttributes$$THM_ISAv3M$S$PE$A:L22$X:L11$S22$IEEE1$IW$USESV6$~STKCKD$USESV7$~SHL$OSPACE$EBA8$MICROLIB$REQ8$PRES8$EABIv2 0x00000000   Number         0  anon$$obj.o ABSOLUTE
    __ARM_use_no_argv                        0x00000000   Number         0  main.o ABSOLUTE
    __Vectors                                0x00000000   Data           4  startup_bat32a237.o(RESET)
    __cpp_initialize__aeabi_                  - Undefined Weak Reference
    __cxa_finalize                            - Undefined Weak Reference
    __decompress                              - Undefined Weak Reference
    _clock_init                               - Undefined Weak Reference
    _microlib_exit                            - Undefined Weak Reference
    __Vectors_End                            0x000000c0   Data           0  startup_bat32a237.o(RESET)
    __Vectors_Size                           0x000000c0   Number         0  startup_bat32a237.o ABSOLUTE
    user_opt_data                            0x000000c0   Data           4  system_bat32a237.o(.ARM.__AT_0x000000C0)
    __main                                   0x000000c5   Thumb Code     0  entry.o(.ARM.Collect$$$$00000000)
    _main_stk                                0x000000c5   Thumb Code     0  entry2.o(.ARM.Collect$$$$00000001)
    _main_scatterload                        0x000000c9   Thumb Code     0  entry5.o(.ARM.Collect$$$$00000004)
    __main_after_scatterload                 0x000000cd   Thumb Code     0  entry5.o(.ARM.Collect$$$$00000004)
    _main_clock                              0x000000cd   Thumb Code     0  entry7b.o(.ARM.Collect$$$$00000008)
    _main_cpp_init                           0x000000cd   Thumb Code     0  entry8b.o(.ARM.Collect$$$$0000000A)
    _main_init                               0x000000cd   Thumb Code     0  entry9a.o(.ARM.Collect$$$$0000000B)
    __rt_final_cpp                           0x000000d5   Thumb Code     0  entry10a.o(.ARM.Collect$$$$0000000D)
    __rt_final_exit                          0x000000d5   Thumb Code     0  entry11a.o(.ARM.Collect$$$$0000000F)
    Reset_Handler                            0x000000d9   Thumb Code     8  startup_bat32a237.o(.text)
    NMI_Handler                              0x000000e1   Thumb Code     2  startup_bat32a237.o(.text)
    HardFault_Handler                        0x000000e3   Thumb Code     2  startup_bat32a237.o(.text)
    MemManage_Handler                        0x000000e5   Thumb Code     2  startup_bat32a237.o(.text)
    BusFault_Handler                         0x000000e7   Thumb Code     2  startup_bat32a237.o(.text)
    UsageFault_Handler                       0x000000e9   Thumb Code     2  startup_bat32a237.o(.text)
    SVC_Handler                              0x000000eb   Thumb Code     2  startup_bat32a237.o(.text)
    DebugMon_Handler                         0x000000ed   Thumb Code     2  startup_bat32a237.o(.text)
    PendSV_Handler                           0x000000ef   Thumb Code     2  startup_bat32a237.o(.text)
    __aeabi_uidiv                            0x0000013d   Thumb Code     0  uidiv.o(.text)
    __aeabi_uidivmod                         0x0000013d   Thumb Code    44  uidiv.o(.text)
    __scatterload                            0x00000169   Thumb Code    28  init.o(.text)
    __scatterload_rt2                        0x00000169   Thumb Code     0  init.o(.text)
    CAN0Err_Interrupt                        0x0000018d   Thumb Code     8  isr_bat32a237.o(i.CAN0Err_Interrupt)
    CAN0Rec_Interrupt                        0x00000199   Thumb Code     8  isr_bat32a237.o(i.CAN0Rec_Interrupt)
    CAN0Trx_Interrupt                        0x000001a5   Thumb Code     8  isr_bat32a237.o(i.CAN0Trx_Interrupt)
    CAN0Wup_Interrupt                        0x000001b1   Thumb Code     8  isr_bat32a237.o(i.CAN0Wup_Interrupt)
    CLK_GetCoreFreq                          0x000001bd   Thumb Code   122  system_bat32a237.o(i.CLK_GetCoreFreq)
    IRQ00_Handler                            0x00000269   Thumb Code    16  isr_bat32a237.o(i.IRQ00_Handler)
    IRQ01_Handler                            0x0000027d   Thumb Code    28  isr_bat32a237.o(i.IRQ01_Handler)
    IRQ02_Handler                            0x0000029d   Thumb Code    28  isr_bat32a237.o(i.IRQ02_Handler)
    IRQ03_Handler                            0x000002bd   Thumb Code    28  isr_bat32a237.o(i.IRQ03_Handler)
    IRQ04_Handler                            0x000002dd   Thumb Code    28  isr_bat32a237.o(i.IRQ04_Handler)
    IRQ05_Handler                            0x000002fd   Thumb Code    28  isr_bat32a237.o(i.IRQ05_Handler)
    IRQ06_Handler                            0x0000031d   Thumb Code    28  isr_bat32a237.o(i.IRQ06_Handler)
    IRQ07_Handler                            0x0000033d   Thumb Code    16  isr_bat32a237.o(i.IRQ07_Handler)
    IRQ08_Handler                            0x00000351   Thumb Code    16  isr_bat32a237.o(i.IRQ08_Handler)
    IRQ09_Handler                            0x00000365   Thumb Code    30  isr_bat32a237.o(i.IRQ09_Handler)
    IRQ10_Handler                            0x00000389   Thumb Code    16  isr_bat32a237.o(i.IRQ10_Handler)
    IRQ11_Handler                            0x0000039d   Thumb Code    16  isr_bat32a237.o(i.IRQ11_Handler)
    IRQ12_Handler                            0x000003b1   Thumb Code    30  isr_bat32a237.o(i.IRQ12_Handler)
    IRQ13_Handler                            0x000003d5   Thumb Code    16  isr_bat32a237.o(i.IRQ13_Handler)
    IRQ14_Handler                            0x000003e9   Thumb Code    16  isr_bat32a237.o(i.IRQ14_Handler)
    IRQ15_Handler                            0x000003fd   Thumb Code    30  isr_bat32a237.o(i.IRQ15_Handler)
    IRQ16_Handler                            0x00000421   Thumb Code    28  isr_bat32a237.o(i.IRQ16_Handler)
    IRQ17_Handler                            0x00000441   Thumb Code    16  isr_bat32a237.o(i.IRQ17_Handler)
    IRQ18_Handler                            0x00000455   Thumb Code    16  isr_bat32a237.o(i.IRQ18_Handler)
    IRQ19_Handler                            0x00000469   Thumb Code    16  isr_bat32a237.o(i.IRQ19_Handler)
    IRQ20_Handler                            0x0000047d   Thumb Code    16  isr_bat32a237.o(i.IRQ20_Handler)
    IRQ21_Handler                            0x00000491   Thumb Code    16  isr_bat32a237.o(i.IRQ21_Handler)
    IRQ22_Handler                            0x000004a5   Thumb Code    30  isr_bat32a237.o(i.IRQ22_Handler)
    IRQ23_Handler                            0x000004c9   Thumb Code    30  isr_bat32a237.o(i.IRQ23_Handler)
    IRQ24_Handler                            0x000004ed   Thumb Code    28  isr_bat32a237.o(i.IRQ24_Handler)
    IRQ25_Handler                            0x0000050d   Thumb Code    30  isr_bat32a237.o(i.IRQ25_Handler)
    IRQ26_Handler                            0x00000531   Thumb Code    16  isr_bat32a237.o(i.IRQ26_Handler)
    IRQ27_Handler                            0x00000545   Thumb Code    16  isr_bat32a237.o(i.IRQ27_Handler)
    IRQ28_Handler                            0x00000559   Thumb Code    16  isr_bat32a237.o(i.IRQ28_Handler)
    IRQ29_Handler                            0x0000056d   Thumb Code    16  isr_bat32a237.o(i.IRQ29_Handler)
    IRQ30_Handler                            0x00000581   Thumb Code    16  isr_bat32a237.o(i.IRQ30_Handler)
    IRQ31_Handler                            0x00000595   Thumb Code    16  isr_bat32a237.o(i.IRQ31_Handler)
    SysTick_Handler                          0x000005a9   Thumb Code    18  main.o(i.SysTick_Handler)
    SystemCoreClockUpdate                    0x000005c5   Thumb Code    12  system_bat32a237.o(i.SystemCoreClockUpdate)
    SystemInit                               0x000005d5   Thumb Code   114  system_bat32a237.o(i.SystemInit)
    __ARM_common_switch8                     0x00000669   Thumb Code    28  system_bat32a237.o(i.__ARM_common_switch8)
    __scatterload_copy                       0x000006fd   Thumb Code    14  handlers.o(i.__scatterload_copy)
    __scatterload_null                       0x0000070b   Thumb Code     2  handlers.o(i.__scatterload_null)
    __scatterload_zeroinit                   0x0000070d   Thumb Code    14  handlers.o(i.__scatterload_zeroinit)
    adc_interrupt                            0x0000071d   Thumb Code     8  isr_bat32a237.o(i.adc_interrupt)
    cmp0_interrupt                           0x00000729   Thumb Code     8  isr_bat32a237.o(i.cmp0_interrupt)
    cmp1_interrupt                           0x00000735   Thumb Code     8  isr_bat32a237.o(i.cmp1_interrupt)
    delayMS                                  0x00000741   Thumb Code    16  main.o(i.delayMS)
    div_interrupt                            0x00000755   Thumb Code     8  isr_bat32a237.o(i.div_interrupt)
    flash_interrupt                          0x00000761   Thumb Code     8  isr_bat32a237.o(i.flash_interrupt)
    iic20_interrupt                          0x0000076d   Thumb Code     8  isr_bat32a237.o(i.iic20_interrupt)
    iic21_interrupt                          0x00000779   Thumb Code     8  isr_bat32a237.o(i.iic21_interrupt)
    iica0_interrupt                          0x00000785   Thumb Code     8  isr_bat32a237.o(i.iica0_interrupt)
    intp0_interrupt                          0x00000791   Thumb Code     8  isr_bat32a237.o(i.intp0_interrupt)
    intp10_interrupt                         0x0000079d   Thumb Code     8  isr_bat32a237.o(i.intp10_interrupt)
    intp11_interrupt                         0x000007a9   Thumb Code     8  isr_bat32a237.o(i.intp11_interrupt)
    intp1_interrupt                          0x000007b5   Thumb Code     8  isr_bat32a237.o(i.intp1_interrupt)
    intp2_interrupt                          0x000007c1   Thumb Code     8  isr_bat32a237.o(i.intp2_interrupt)
    intp3_interrupt                          0x000007cd   Thumb Code     8  isr_bat32a237.o(i.intp3_interrupt)
    intp4_interrupt                          0x000007d9   Thumb Code     8  isr_bat32a237.o(i.intp4_interrupt)
    intp5_interrupt                          0x000007e5   Thumb Code     8  isr_bat32a237.o(i.intp5_interrupt)
    intp6_interrupt                          0x000007f1   Thumb Code     8  isr_bat32a237.o(i.intp6_interrupt)
    intp7_interrupt                          0x000007fd   Thumb Code     8  isr_bat32a237.o(i.intp7_interrupt)
    intp8_interrupt                          0x00000809   Thumb Code     8  isr_bat32a237.o(i.intp8_interrupt)
    intp9_interrupt                          0x00000815   Thumb Code     8  isr_bat32a237.o(i.intp9_interrupt)
    it_interrupt                             0x00000821   Thumb Code     8  isr_bat32a237.o(i.it_interrupt)
    key_interrupt                            0x0000082d   Thumb Code     8  isr_bat32a237.o(i.key_interrupt)
    lvi_interrupt                            0x00000839   Thumb Code     8  isr_bat32a237.o(i.lvi_interrupt)
    main                                     0x00000845   Thumb Code   120  main.o(i.main)
    rtc_interrupt                            0x000008d1   Thumb Code     8  isr_bat32a237.o(i.rtc_interrupt)
    spi10_interrupt                          0x000008dd   Thumb Code     8  isr_bat32a237.o(i.spi10_interrupt)
    spi11_interrupt                          0x000008e9   Thumb Code     8  isr_bat32a237.o(i.spi11_interrupt)
    sre0_interrupt                           0x000008f5   Thumb Code     8  isr_bat32a237.o(i.sre0_interrupt)
    sre1_interrupt                           0x00000901   Thumb Code     8  isr_bat32a237.o(i.sre1_interrupt)
    sre2_interrupt                           0x0000090d   Thumb Code     8  isr_bat32a237.o(i.sre2_interrupt)
    tm01h_interrupt                          0x00000919   Thumb Code     8  isr_bat32a237.o(i.tm01h_interrupt)
    tm03h_interrupt                          0x00000925   Thumb Code     8  isr_bat32a237.o(i.tm03h_interrupt)
    tm40_channel0_interrupt                  0x00000931   Thumb Code     8  isr_bat32a237.o(i.tm40_channel0_interrupt)
    tm40_channel1_interrupt                  0x0000093d   Thumb Code     8  isr_bat32a237.o(i.tm40_channel1_interrupt)
    tm40_channel2_interrupt                  0x00000949   Thumb Code     8  isr_bat32a237.o(i.tm40_channel2_interrupt)
    tm40_channel3_interrupt                  0x00000955   Thumb Code     8  isr_bat32a237.o(i.tm40_channel3_interrupt)
    tma0_interrupt                           0x00000961   Thumb Code     8  isr_bat32a237.o(i.tma0_interrupt)
    tmb0_interrupt                           0x0000096d   Thumb Code     8  isr_bat32a237.o(i.tmb0_interrupt)
    tmc_interrupt                            0x00000979   Thumb Code     8  isr_bat32a237.o(i.tmc_interrupt)
    tmm0_interrupt                           0x00000985   Thumb Code     8  isr_bat32a237.o(i.tmm0_interrupt)
    tmm1_interrupt                           0x00000991   Thumb Code     8  isr_bat32a237.o(i.tmm1_interrupt)
    uart0_interrupt_receive                  0x0000099d   Thumb Code     8  isr_bat32a237.o(i.uart0_interrupt_receive)
    uart0_interrupt_send                     0x000009a9   Thumb Code     8  isr_bat32a237.o(i.uart0_interrupt_send)
    Region$$Table$$Base                      0x000009b4   Number         0  anon$$obj.o(Region$$Table)
    Region$$Table$$Limit                     0x000009d4   Number         0  anon$$obj.o(Region$$Table)
    g_ticks                                  0x20000000   Data           4  main.o(.data)
    SystemCoreClock                          0x20000004   Data           4  system_bat32a237.o(.data)
    __initial_sp                             0x20000608   Data           0  startup_bat32a237.o(STACK)



==============================================================================

Memory Map of the image

  Image Entry point : 0x000000c5

  Load Region LR_IROM1 (Base: 0x00000000, Size: 0x000009dc, Max: 0x00020000, ABSOLUTE)

    Execution Region ER_IROM1 (Base: 0x00000000, Size: 0x000009d4, Max: 0x00020000, ABSOLUTE)

    Base Addr    Size         Type   Attr      Idx    E Section Name        Object

    0x00000000   0x000000c0   Data   RO          635    RESET               startup_bat32a237.o
    0x000000c0   0x00000004   Data   RO          646    .ARM.__AT_0x000000C0  system_bat32a237.o
    0x000000c4   0x00000000   Code   RO          687  * .ARM.Collect$$$$00000000  mc_p.l(entry.o)
    0x000000c4   0x00000004   Code   RO          692    .ARM.Collect$$$$00000001  mc_p.l(entry2.o)
    0x000000c8   0x00000004   Code   RO          695    .ARM.Collect$$$$00000004  mc_p.l(entry5.o)
    0x000000cc   0x00000000   Code   RO          697    .ARM.Collect$$$$00000008  mc_p.l(entry7b.o)
    0x000000cc   0x00000000   Code   RO          699    .ARM.Collect$$$$0000000A  mc_p.l(entry8b.o)
    0x000000cc   0x00000008   Code   RO          700    .ARM.Collect$$$$0000000B  mc_p.l(entry9a.o)
    0x000000d4   0x00000000   Code   RO          702    .ARM.Collect$$$$0000000D  mc_p.l(entry10a.o)
    0x000000d4   0x00000000   Code   RO          704    .ARM.Collect$$$$0000000F  mc_p.l(entry11a.o)
    0x000000d4   0x00000004   Code   RO          693    .ARM.Collect$$$$00002712  mc_p.l(entry2.o)
    0x000000d8   0x00000064   Code   RO          636    .text               startup_bat32a237.o
    0x0000013c   0x0000002c   Code   RO          690    .text               mc_p.l(uidiv.o)
    0x00000168   0x00000024   Code   RO          706    .text               mc_p.l(init.o)
    0x0000018c   0x0000000c   Code   RO           75    i.CAN0Err_Interrupt  isr_bat32a237.o
    0x00000198   0x0000000c   Code   RO           76    i.CAN0Rec_Interrupt  isr_bat32a237.o
    0x000001a4   0x0000000c   Code   RO           77    i.CAN0Trx_Interrupt  isr_bat32a237.o
    0x000001b0   0x0000000c   Code   RO           78    i.CAN0Wup_Interrupt  isr_bat32a237.o
    0x000001bc   0x000000ac   Code   RO          642    i.CLK_GetCoreFreq   system_bat32a237.o
    0x00000268   0x00000014   Code   RO           79    i.IRQ00_Handler     isr_bat32a237.o
    0x0000027c   0x00000020   Code   RO           80    i.IRQ01_Handler     isr_bat32a237.o
    0x0000029c   0x00000020   Code   RO           81    i.IRQ02_Handler     isr_bat32a237.o
    0x000002bc   0x00000020   Code   RO           82    i.IRQ03_Handler     isr_bat32a237.o
    0x000002dc   0x00000020   Code   RO           83    i.IRQ04_Handler     isr_bat32a237.o
    0x000002fc   0x00000020   Code   RO           84    i.IRQ05_Handler     isr_bat32a237.o
    0x0000031c   0x00000020   Code   RO           85    i.IRQ06_Handler     isr_bat32a237.o
    0x0000033c   0x00000014   Code   RO           86    i.IRQ07_Handler     isr_bat32a237.o
    0x00000350   0x00000014   Code   RO           87    i.IRQ08_Handler     isr_bat32a237.o
    0x00000364   0x00000024   Code   RO           88    i.IRQ09_Handler     isr_bat32a237.o
    0x00000388   0x00000014   Code   RO           89    i.IRQ10_Handler     isr_bat32a237.o
    0x0000039c   0x00000014   Code   RO           90    i.IRQ11_Handler     isr_bat32a237.o
    0x000003b0   0x00000024   Code   RO           91    i.IRQ12_Handler     isr_bat32a237.o
    0x000003d4   0x00000014   Code   RO           92    i.IRQ13_Handler     isr_bat32a237.o
    0x000003e8   0x00000014   Code   RO           93    i.IRQ14_Handler     isr_bat32a237.o
    0x000003fc   0x00000024   Code   RO           94    i.IRQ15_Handler     isr_bat32a237.o
    0x00000420   0x00000020   Code   RO           95    i.IRQ16_Handler     isr_bat32a237.o
    0x00000440   0x00000014   Code   RO           96    i.IRQ17_Handler     isr_bat32a237.o
    0x00000454   0x00000014   Code   RO           97    i.IRQ18_Handler     isr_bat32a237.o
    0x00000468   0x00000014   Code   RO           98    i.IRQ19_Handler     isr_bat32a237.o
    0x0000047c   0x00000014   Code   RO           99    i.IRQ20_Handler     isr_bat32a237.o
    0x00000490   0x00000014   Code   RO          100    i.IRQ21_Handler     isr_bat32a237.o
    0x000004a4   0x00000024   Code   RO          101    i.IRQ22_Handler     isr_bat32a237.o
    0x000004c8   0x00000024   Code   RO          102    i.IRQ23_Handler     isr_bat32a237.o
    0x000004ec   0x00000020   Code   RO          103    i.IRQ24_Handler     isr_bat32a237.o
    0x0000050c   0x00000024   Code   RO          104    i.IRQ25_Handler     isr_bat32a237.o
    0x00000530   0x00000014   Code   RO          105    i.IRQ26_Handler     isr_bat32a237.o
    0x00000544   0x00000014   Code   RO          106    i.IRQ27_Handler     isr_bat32a237.o
    0x00000558   0x00000014   Code   RO          107    i.IRQ28_Handler     isr_bat32a237.o
    0x0000056c   0x00000014   Code   RO          108    i.IRQ29_Handler     isr_bat32a237.o
    0x00000580   0x00000014   Code   RO          109    i.IRQ30_Handler     isr_bat32a237.o
    0x00000594   0x00000014   Code   RO          110    i.IRQ31_Handler     isr_bat32a237.o
    0x000005a8   0x0000001c   Code   RO            3    i.SysTick_Handler   main.o
    0x000005c4   0x00000010   Code   RO          644    i.SystemCoreClockUpdate  system_bat32a237.o
    0x000005d4   0x00000094   Code   RO          645    i.SystemInit        system_bat32a237.o
    0x00000668   0x0000001c   Code   RO          679    i.__ARM_common_switch8  system_bat32a237.o
    0x00000684   0x00000078   Code   RO            4    i.__NVIC_SetPriority  main.o
    0x000006fc   0x0000000e   Code   RO          710    i.__scatterload_copy  mc_p.l(handlers.o)
    0x0000070a   0x00000002   Code   RO          711    i.__scatterload_null  mc_p.l(handlers.o)
    0x0000070c   0x0000000e   Code   RO          712    i.__scatterload_zeroinit  mc_p.l(handlers.o)
    0x0000071a   0x00000002   PAD
    0x0000071c   0x0000000c   Code   RO          111    i.adc_interrupt     isr_bat32a237.o
    0x00000728   0x0000000c   Code   RO          112    i.cmp0_interrupt    isr_bat32a237.o
    0x00000734   0x0000000c   Code   RO          113    i.cmp1_interrupt    isr_bat32a237.o
    0x00000740   0x00000014   Code   RO            5    i.delayMS           main.o
    0x00000754   0x0000000c   Code   RO          114    i.div_interrupt     isr_bat32a237.o
    0x00000760   0x0000000c   Code   RO          115    i.flash_interrupt   isr_bat32a237.o
    0x0000076c   0x0000000c   Code   RO          120    i.iic20_interrupt   isr_bat32a237.o
    0x00000778   0x0000000c   Code   RO          121    i.iic21_interrupt   isr_bat32a237.o
    0x00000784   0x0000000c   Code   RO          122    i.iica0_interrupt   isr_bat32a237.o
    0x00000790   0x0000000c   Code   RO          123    i.intp0_interrupt   isr_bat32a237.o
    0x0000079c   0x0000000c   Code   RO          124    i.intp10_interrupt  isr_bat32a237.o
    0x000007a8   0x0000000c   Code   RO          125    i.intp11_interrupt  isr_bat32a237.o
    0x000007b4   0x0000000c   Code   RO          126    i.intp1_interrupt   isr_bat32a237.o
    0x000007c0   0x0000000c   Code   RO          127    i.intp2_interrupt   isr_bat32a237.o
    0x000007cc   0x0000000c   Code   RO          128    i.intp3_interrupt   isr_bat32a237.o
    0x000007d8   0x0000000c   Code   RO          129    i.intp4_interrupt   isr_bat32a237.o
    0x000007e4   0x0000000c   Code   RO          130    i.intp5_interrupt   isr_bat32a237.o
    0x000007f0   0x0000000c   Code   RO          131    i.intp6_interrupt   isr_bat32a237.o
    0x000007fc   0x0000000c   Code   RO          132    i.intp7_interrupt   isr_bat32a237.o
    0x00000808   0x0000000c   Code   RO          133    i.intp8_interrupt   isr_bat32a237.o
    0x00000814   0x0000000c   Code   RO          134    i.intp9_interrupt   isr_bat32a237.o
    0x00000820   0x0000000c   Code   RO          135    i.it_interrupt      isr_bat32a237.o
    0x0000082c   0x0000000c   Code   RO          136    i.key_interrupt     isr_bat32a237.o
    0x00000838   0x0000000c   Code   RO          137    i.lvi_interrupt     isr_bat32a237.o
    0x00000844   0x0000008c   Code   RO            6    i.main              main.o
    0x000008d0   0x0000000c   Code   RO          138    i.rtc_interrupt     isr_bat32a237.o
    0x000008dc   0x0000000c   Code   RO          141    i.spi10_interrupt   isr_bat32a237.o
    0x000008e8   0x0000000c   Code   RO          142    i.spi11_interrupt   isr_bat32a237.o
    0x000008f4   0x0000000c   Code   RO          145    i.sre0_interrupt    isr_bat32a237.o
    0x00000900   0x0000000c   Code   RO          146    i.sre1_interrupt    isr_bat32a237.o
    0x0000090c   0x0000000c   Code   RO          147    i.sre2_interrupt    isr_bat32a237.o
    0x00000918   0x0000000c   Code   RO          148    i.tm01h_interrupt   isr_bat32a237.o
    0x00000924   0x0000000c   Code   RO          149    i.tm03h_interrupt   isr_bat32a237.o
    0x00000930   0x0000000c   Code   RO          150    i.tm40_channel0_interrupt  isr_bat32a237.o
    0x0000093c   0x0000000c   Code   RO          151    i.tm40_channel1_interrupt  isr_bat32a237.o
    0x00000948   0x0000000c   Code   RO          152    i.tm40_channel2_interrupt  isr_bat32a237.o
    0x00000954   0x0000000c   Code   RO          153    i.tm40_channel3_interrupt  isr_bat32a237.o
    0x00000960   0x0000000c   Code   RO          154    i.tma0_interrupt    isr_bat32a237.o
    0x0000096c   0x0000000c   Code   RO          155    i.tmb0_interrupt    isr_bat32a237.o
    0x00000978   0x0000000c   Code   RO          156    i.tmc_interrupt     isr_bat32a237.o
    0x00000984   0x0000000c   Code   RO          157    i.tmm0_interrupt    isr_bat32a237.o
    0x00000990   0x0000000c   Code   RO          158    i.tmm1_interrupt    isr_bat32a237.o
    0x0000099c   0x0000000c   Code   RO          159    i.uart0_interrupt_receive  isr_bat32a237.o
    0x000009a8   0x0000000c   Code   RO          160    i.uart0_interrupt_send  isr_bat32a237.o
    0x000009b4   0x00000020   Data   RO          708    Region$$Table       anon$$obj.o


    Execution Region RW_IRAM1 (Base: 0x20000000, Size: 0x00000608, Max: 0x00003000, ABSOLUTE)

    Base Addr    Size         Type   Attr      Idx    E Section Name        Object

    0x20000000   0x00000004   Data   RW            7    .data               main.o
    0x20000004   0x00000004   Data   RW          647    .data               system_bat32a237.o
    0x20000008   0x00000600   Zero   RW          633    STACK               startup_bat32a237.o


==============================================================================

Image component sizes


      Code (inc. data)   RO Data    RW Data    ZI Data      Debug   Object Name

      1384        324          0          0          0      42567   isr_bat32a237.o
       308         44          0          4          0      67945   main.o
       100         10        192          0       1536       2128   startup_bat32a237.o
       364        100          4          4          0       3063   system_bat32a237.o

    ----------------------------------------------------------------------
      2156        478        228          8       1536     115703   Object Totals
         0          0         32          0          0          0   (incl. Generated)
         0          0          0          0          0          0   (incl. Padding)

    ----------------------------------------------------------------------

      Code (inc. data)   RO Data    RW Data    ZI Data      Debug   Library Member Name

         0          0          0          0          0          0   entry.o
         0          0          0          0          0          0   entry10a.o
         0          0          0          0          0          0   entry11a.o
         8          4          0          0          0          0   entry2.o
         4          0          0          0          0          0   entry5.o
         0          0          0          0          0          0   entry7b.o
         0          0          0          0          0          0   entry8b.o
         8          4          0          0          0          0   entry9a.o
        30          0          0          0          0          0   handlers.o
        36          8          0          0          0         68   init.o
        44          0          0          0          0         72   uidiv.o

    ----------------------------------------------------------------------
       132         16          0          0          0        140   Library Totals
         2          0          0          0          0          0   (incl. Padding)

    ----------------------------------------------------------------------

      Code (inc. data)   RO Data    RW Data    ZI Data      Debug   Library Name

       130         16          0          0          0        140   mc_p.l

    ----------------------------------------------------------------------
       132         16          0          0          0        140   Library Totals

    ----------------------------------------------------------------------

==============================================================================


      Code (inc. data)   RO Data    RW Data    ZI Data      Debug   

      2288        494        228          8       1536     112299   Grand Totals
      2288        494        228          8       1536     112299   ELF Image Totals
      2288        494        228          8          0          0   ROM Totals

==============================================================================

    Total RO  Size (Code + RO Data)                 2516 (   2.46kB)
    Total RW  Size (RW Data + ZI Data)              1544 (   1.51kB)
    Total ROM Size (Code + RO Data + RW Data)       2524 (   2.46kB)

==============================================================================

